192.168.111.6 - - [06/Apr/2026:15:58:03 +0000] "GET /dashboard/proxy.php?action=clients HTTP/1.1" 200 29504 "http://192.168.140.34/dashboard/" "Mozilla/5.0 (Windows NT 10.0; Win64; x64) AppleWebKit/537.36 (KHTML, like Gecko) Chrome/146.0.0.0 Safari/537.36 Edg/146.0.0.0"
::1 - - [06/Apr/2026:15:58:10 +0000] "OPTIONS * HTTP/1.0" 200 126 "-" "Apache/2.4.66 (Debian) (internal dummy connection)"
192.168.111.6 - - [06/Apr/2026:15:59:03 +0000] "GET /dashboard/proxy.php?action=entity&entity=sensor.agnov_fg_wifi_clients_ssid1 HTTP/1.1" 200 691 "http://192.168.140.34/dashboard/" "Mozilla/5.0 (Windows NT 10.0; Win64; x64) AppleWebKit/537.36 (KHTML, like Gecko) Chrome/146.0.0.0 Safari/537.36 Edg/146.0.0.0"
192.168.111.6 - - [06/Apr/2026:15:59:03 +0000] "GET /dashboard/proxy.php?action=entity&entity=sensor.agnov_fg_wifi_clients_ssid2 HTTP/1.1" 200 689 "http://192.168.140.34/dashboard/" "Mozilla/5.0 (Windows NT 10.0; Win64; x64) AppleWebKit/537.36 (KHTML, like Gecko) Chrome/146.0.0.0 Safari/537.36 Edg/146.0.0.0"
::1 - - [06/Apr/2026:15:59:03 +0000] "GET /dashboard/fortigate.php?device=fg-oficina&endpoint=wifi/managed_ap&start=0&count=50 HTTP/1.1" 200 20905 "-" "-"
192.168.111.6 - - [06/Apr/2026:15:59:03 +0000] "GET /dashboard/proxy.php?action=aps HTTP/1.1" 200 20961 "http://192.168.140.34/dashboard/" "Mozilla/5.0 (Windows NT 10.0; Win64; x64) AppleWebKit/537.36 (KHTML, like Gecko) Chrome/146.0.0.0 Safari/537.36 Edg/146.0.0.0"
192.168.111.6 - - [06/Apr/2026:15:59:03 +0000] "GET /dashboard/proxy.php?action=entity&entity=sensor.agnov_fg_wifi_clients HTTP/1.1" 200 678 "http://192.168.140.34/dashboard/" "Mozilla/5.0 (Windows NT 10.0; Win64; x64) AppleWebKit/537.36 (KHTML, like Gecko) Chrome/146.0.0.0 Safari/537.36 Edg/146.0.0.0"
::1 - - [06/Apr/2026:15:59:03 +0000] "GET /dashboard/fortigate.php?device=fg-oficina&endpoint=wifi/client&start=0&count=100 HTTP/1.1" 200 29397 "-" "-"
192.168.111.6 - - [06/Apr/2026:15:59:03 +0000] "GET /dashboard/proxy.php?action=clients HTTP/1.1" 200 29453 "http://192.168.140.34/dashboard/" "Mozilla/5.0 (Windows NT 10.0; Win64; x64) AppleWebKit/537.36 (KHTML, like Gecko) Chrome/146.0.0.0 Safari/537.36 Edg/146.0.0.0"
::1 - - [06/Apr/2026:15:59:03 +0000] "GET /dashboard/fortigate.php?device=fg-oficina&endpoint=switch-controller/managed-switch&start=0&count=50 HTTP/1.1" 200 536 "-" "-"
192.168.111.6 - - [06/Apr/2026:15:59:03 +0000] "GET /dashboard/proxy.php?action=switches HTTP/1.1" 200 592 "http://192.168.140.34/dashboard/" "Mozilla/5.0 (Windows NT 10.0; Win64; x64) AppleWebKit/537.36 (KHTML, like Gecko) Chrome/146.0.0.0 Safari/537.36 Edg/146.0.0.0"
::1 - - [06/Apr/2026:15:59:03 +0000] "GET /dashboard/fortigate.php?device=fg-oficina&endpoint=system/dhcp&start=0&count=100 HTTP/1.1" 200 23591 "-" "-"
192.168.111.6 - - [06/Apr/2026:15:59:03 +0000] "GET /dashboard/proxy.php?action=dhcp HTTP/1.1" 200 23647 "http://192.168.140.34/dashboard/" "Mozilla/5.0 (Windows NT 10.0; Win64; x64) AppleWebKit/537.36 (KHTML, like Gecko) Chrome/146.0.0.0 Safari/537.36 Edg/146.0.0.0"
::1 - - [06/Apr/2026:15:59:11 +0000] "OPTIONS * HTTP/1.0" 200 126 "-" "Apache/2.4.66 (Debian) (internal dummy connection)"
192.168.111.6 - - [06/Apr/2026:16:00:03 +0000] "GET /dashboard/proxy.php?action=entity&entity=sensor.agnov_fg_wifi_clients_ssid1 HTTP/1.1" 200 691 "http://192.168.140.34/dashboard/" "Mozilla/5.0 (Windows NT 10.0; Win64; x64) AppleWebKit/537.36 (KHTML, like Gecko) Chrome/146.0.0.0 Safari/537.36 Edg/146.0.0.0"
192.168.111.6 - - [06/Apr/2026:16:00:03 +0000] "GET /dashboard/proxy.php?action=entity&entity=sensor.agnov_fg_wifi_clients_ssid2 HTTP/1.1" 200 689 "http://192.168.140.34/dashboard/" "Mozilla/5.0 (Windows NT 10.0; Win64; x64) AppleWebKit/537.36 (KHTML, like Gecko) Chrome/146.0.0.0 Safari/537.36 Edg/146.0.0.0"
192.168.111.6 - - [06/Apr/2026:16:00:03 +0000] "GET /dashboard/proxy.php?action=entity&entity=sensor.agnov_fg_wifi_clients HTTP/1.1" 200 678 "http://192.168.140.34/dashboard/" "Mozilla/5.0 (Windows NT 10.0; Win64; x64) AppleWebKit/537.36 (KHTML, like Gecko) Chrome/146.0.0.0 Safari/537.36 Edg/146.0.0.0"
::1 - - [06/Apr/2026:16:00:03 +0000] "GET /dashboard/fortigate.php?device=fg-oficina&endpoint=wifi/managed_ap&start=0&count=50 HTTP/1.1" 200 20901 "-" "-"
192.168.111.6 - - [06/Apr/2026:16:00:03 +0000] "GET /dashboard/proxy.php?action=aps HTTP/1.1" 200 20957 "http://192.168.140.34/dashboard/" "Mozilla/5.0 (Windows NT 10.0; Win64; x64) AppleWebKit/537.36 (KHTML, like Gecko) Chrome/146.0.0.0 Safari/537.36 Edg/146.0.0.0"
::1 - - [06/Apr/2026:16:00:03 +0000] "GET /dashboard/fortigate.php?device=fg-oficina&endpoint=system/dhcp&start=0&count=100 HTTP/1.1" 200 23591 "-" "-"
192.168.111.6 - - [06/Apr/2026:16:00:03 +0000] "GET /dashboard/proxy.php?action=dhcp HTTP/1.1" 200 23647 "http://192.168.140.34/dashboard/" "Mozilla/5.0 (Windows NT 10.0; Win64; x64) AppleWebKit/537.36 (KHTML, like Gecko) Chrome/146.0.0.0 Safari/537.36 Edg/146.0.0.0"
::1 - - [06/Apr/2026:16:00:03 +0000] "GET /dashboard/fortigate.php?device=fg-oficina&endpoint=switch-controller/managed-switch&start=0&count=50 HTTP/1.1" 200 536 "-" "-"
192.168.111.6 - - [06/Apr/2026:16:00:03 +0000] "GET /dashboard/proxy.php?action=switches HTTP/1.1" 200 592 "http://192.168.140.34/dashboard/" "Mozilla/5.0 (Windows NT 10.0; Win64; x64) AppleWebKit/537.36 (KHTML, like Gecko) Chrome/146.0.0.0 Safari/537.36 Edg/146.0.0.0"
::1 - - [06/Apr/2026:16:00:03 +0000] "GET /dashboard/fortigate.php?device=fg-oficina&endpoint=wifi/client&start=0&count=100 HTTP/1.1" 200 29396 "-" "-"
192.168.111.6 - - [06/Apr/2026:16:00:03 +0000] "GET /dashboard/proxy.php?action=clients HTTP/1.1" 200 29452 "http://192.168.140.34/dashboard/" "Mozilla/5.0 (Windows NT 10.0; Win64; x64) AppleWebKit/537.36 (KHTML, like Gecko) Chrome/146.0.0.0 Safari/537.36 Edg/146.0.0.0"
::1 - - [06/Apr/2026:16:00:11 +0000] "OPTIONS * HTTP/1.0" 200 126 "-" "Apache/2.4.66 (Debian) (internal dummy connection)"
192.168.111.6 - - [06/Apr/2026:16:01:03 +0000] "GET /dashboard/proxy.php?action=entity&entity=sensor.agnov_fg_wifi_clients_ssid1 HTTP/1.1" 200 691 "http://192.168.140.34/dashboard/" "Mozilla/5.0 (Windows NT 10.0; Win64; x64) AppleWebKit/537.36 (KHTML, like Gecko) Chrome/146.0.0.0 Safari/537.36 Edg/146.0.0.0"
192.168.111.6 - - [06/Apr/2026:16:01:03 +0000] "GET /dashboard/proxy.php?action=entity&entity=sensor.agnov_fg_wifi_clients_ssid2 HTTP/1.1" 200 689 "http://192.168.140.34/dashboard/" "Mozilla/5.0 (Windows NT 10.0; Win64; x64) AppleWebKit/537.36 (KHTML, like Gecko) Chrome/146.0.0.0 Safari/537.36 Edg/146.0.0.0"
::1 - - [06/Apr/2026:16:01:03 +0000] "GET /dashboard/fortigate.php?device=fg-oficina&endpoint=wifi/managed_ap&start=0&count=50 HTTP/1.1" 200 20901 "-" "-"
192.168.111.6 - - [06/Apr/2026:16:01:03 +0000] "GET /dashboard/proxy.php?action=aps HTTP/1.1" 200 20957 "http://192.168.140.34/dashboard/" "Mozilla/5.0 (Windows NT 10.0; Win64; x64) AppleWebKit/537.36 (KHTML, like Gecko) Chrome/146.0.0.0 Safari/537.36 Edg/146.0.0.0"
192.168.111.6 - - [06/Apr/2026:16:01:03 +0000] "GET /dashboard/proxy.php?action=entity&entity=sensor.agnov_fg_wifi_clients HTTP/1.1" 200 678 "http://192.168.140.34/dashboard/" "Mozilla/5.0 (Windows NT 10.0; Win64; x64) AppleWebKit/537.36 (KHTML, like Gecko) Chrome/146.0.0.0 Safari/537.36 Edg/146.0.0.0"
::1 - - [06/Apr/2026:16:01:03 +0000] "GET /dashboard/fortigate.php?device=fg-oficina&endpoint=system/dhcp&start=0&count=100 HTTP/1.1" 200 23591 "-" "-"
192.168.111.6 - - [06/Apr/2026:16:01:03 +0000] "GET /dashboard/proxy.php?action=dhcp HTTP/1.1" 200 23647 "http://192.168.140.34/dashboard/" "Mozilla/5.0 (Windows NT 10.0; Win64; x64) AppleWebKit/537.36 (KHTML, like Gecko) Chrome/146.0.0.0 Safari/537.36 Edg/146.0.0.0"
::1 - - [06/Apr/2026:16:01:03 +0000] "GET /dashboard/fortigate.php?device=fg-oficina&endpoint=switch-controller/managed-switch&start=0&count=50 HTTP/1.1" 200 536 "-" "-"
192.168.111.6 - - [06/Apr/2026:16:01:03 +0000] "GET /dashboard/proxy.php?action=switches HTTP/1.1" 200 592 "http://192.168.140.34/dashboard/" "Mozilla/5.0 (Windows NT 10.0; Win64; x64) AppleWebKit/537.36 (KHTML, like Gecko) Chrome/146.0.0.0 Safari/537.36 Edg/146.0.0.0"
::1 - - [06/Apr/2026:16:01:03 +0000] "GET /dashboard/fortigate.php?device=fg-oficina&endpoint=wifi/client&start=0&count=100 HTTP/1.1" 200 29385 "-" "-"
192.168.111.6 - - [06/Apr/2026:16:01:03 +0000] "GET /dashboard/proxy.php?action=clients HTTP/1.1" 200 29441 "http://192.168.140.34/dashboard/" "Mozilla/5.0 (Windows NT 10.0; Win64; x64) AppleWebKit/537.36 (KHTML, like Gecko) Chrome/146.0.0.0 Safari/537.36 Edg/146.0.0.0"
::1 - - [06/Apr/2026:16:01:11 +0000] "OPTIONS * HTTP/1.0" 200 126 "-" "Apache/2.4.66 (Debian) (internal dummy connection)"
192.168.111.6 - - [06/Apr/2026:16:02:03 +0000] "GET /dashboard/proxy.php?action=entity&entity=sensor.agnov_fg_wifi_clients_ssid1 HTTP/1.1" 200 691 "http://192.168.140.34/dashboard/" "Mozilla/5.0 (Windows NT 10.0; Win64; x64) AppleWebKit/537.36 (KHTML, like Gecko) Chrome/146.0.0.0 Safari/537.36 Edg/146.0.0.0"
192.168.111.6 - - [06/Apr/2026:16:02:03 +0000] "GET /dashboard/proxy.php?action=entity&entity=sensor.agnov_fg_wifi_clients_ssid2 HTTP/1.1" 200 689 "http://192.168.140.34/dashboard/" "Mozilla/5.0 (Windows NT 10.0; Win64; x64) AppleWebKit/537.36 (KHTML, like Gecko) Chrome/146.0.0.0 Safari/537.36 Edg/146.0.0.0"
::1 - - [06/Apr/2026:16:02:03 +0000] "GET /dashboard/fortigate.php?device=fg-oficina&endpoint=switch-controller/managed-switch&start=0&count=50 HTTP/1.1" 200 536 "-" "-"
192.168.111.6 - - [06/Apr/2026:16:02:03 +0000] "GET /dashboard/proxy.php?action=switches HTTP/1.1" 200 592 "http://192.168.140.34/dashboard/" "Mozilla/5.0 (Windows NT 10.0; Win64; x64) AppleWebKit/537.36 (KHTML, like Gecko) Chrome/146.0.0.0 Safari/537.36 Edg/146.0.0.0"
192.168.111.6 - - [06/Apr/2026:16:02:03 +0000] "GET /dashboard/proxy.php?action=entity&entity=sensor.agnov_fg_wifi_clients HTTP/1.1" 200 678 "http://192.168.140.34/dashboard/" "Mozilla/5.0 (Windows NT 10.0; Win64; x64) AppleWebKit/537.36 (KHTML, like Gecko) Chrome/146.0.0.0 Safari/537.36 Edg/146.0.0.0"
::1 - - [06/Apr/2026:16:02:03 +0000] "GET /dashboard/fortigate.php?device=fg-oficina&endpoint=wifi/managed_ap&start=0&count=50 HTTP/1.1" 200 20900 "-" "-"
192.168.111.6 - - [06/Apr/2026:16:02:03 +0000] "GET /dashboard/proxy.php?action=aps HTTP/1.1" 200 20956 "http://192.168.140.34/dashboard/" "Mozilla/5.0 (Windows NT 10.0; Win64; x64) AppleWebKit/537.36 (KHTML, like Gecko) Chrome/146.0.0.0 Safari/537.36 Edg/146.0.0.0"
::1 - - [06/Apr/2026:16:02:03 +0000] "GET /dashboard/fortigate.php?device=fg-oficina&endpoint=system/dhcp&start=0&count=100 HTTP/1.1" 200 23591 "-" "-"
192.168.111.6 - - [06/Apr/2026:16:02:03 +0000] "GET /dashboard/proxy.php?action=dhcp HTTP/1.1" 200 23647 "http://192.168.140.34/dashboard/" "Mozilla/5.0 (Windows NT 10.0; Win64; x64) AppleWebKit/537.36 (KHTML, like Gecko) Chrome/146.0.0.0 Safari/537.36 Edg/146.0.0.0"
::1 - - [06/Apr/2026:16:02:03 +0000] "GET /dashboard/fortigate.php?device=fg-oficina&endpoint=wifi/client&start=0&count=100 HTTP/1.1" 200 30580 "-" "-"
192.168.111.6 - - [06/Apr/2026:16:02:03 +0000] "GET /dashboard/proxy.php?action=clients HTTP/1.1" 200 30636 "http://192.168.140.34/dashboard/" "Mozilla/5.0 (Windows NT 10.0; Win64; x64) AppleWebKit/537.36 (KHTML, like Gecko) Chrome/146.0.0.0 Safari/537.36 Edg/146.0.0.0"
192.168.111.6 - - [06/Apr/2026:16:03:03 +0000] "GET /dashboard/proxy.php?action=entity&entity=sensor.agnov_fg_wifi_clients_ssid1 HTTP/1.1" 200 691 "http://192.168.140.34/dashboard/" "Mozilla/5.0 (Windows NT 10.0; Win64; x64) AppleWebKit/537.36 (KHTML, like Gecko) Chrome/146.0.0.0 Safari/537.36 Edg/146.0.0.0"
192.168.111.6 - - [06/Apr/2026:16:03:03 +0000] "GET /dashboard/proxy.php?action=entity&entity=sensor.agnov_fg_wifi_clients_ssid2 HTTP/1.1" 200 689 "http://192.168.140.34/dashboard/" "Mozilla/5.0 (Windows NT 10.0; Win64; x64) AppleWebKit/537.36 (KHTML, like Gecko) Chrome/146.0.0.0 Safari/537.36 Edg/146.0.0.0"
192.168.111.6 - - [06/Apr/2026:16:03:03 +0000] "GET /dashboard/proxy.php?action=entity&entity=sensor.agnov_fg_wifi_clients HTTP/1.1" 200 678 "http://192.168.140.34/dashboard/" "Mozilla/5.0 (Windows NT 10.0; Win64; x64) AppleWebKit/537.36 (KHTML, like Gecko) Chrome/146.0.0.0 Safari/537.36 Edg/146.0.0.0"
::1 - - [06/Apr/2026:16:03:03 +0000] "GET /dashboard/fortigate.php?device=fg-oficina&endpoint=wifi/managed_ap&start=0&count=50 HTTP/1.1" 200 20899 "-" "-"
192.168.111.6 - - [06/Apr/2026:16:03:03 +0000] "GET /dashboard/proxy.php?action=aps HTTP/1.1" 200 20955 "http://192.168.140.34/dashboard/" "Mozilla/5.0 (Windows NT 10.0; Win64; x64) AppleWebKit/537.36 (KHTML, like Gecko) Chrome/146.0.0.0 Safari/537.36 Edg/146.0.0.0"
::1 - - [06/Apr/2026:16:03:03 +0000] "GET /dashboard/fortigate.php?device=fg-oficina&endpoint=switch-controller/managed-switch&start=0&count=50 HTTP/1.1" 200 536 "-" "-"
192.168.111.6 - - [06/Apr/2026:16:03:03 +0000] "GET /dashboard/proxy.php?action=switches HTTP/1.1" 200 592 "http://192.168.140.34/dashboard/" "Mozilla/5.0 (Windows NT 10.0; Win64; x64) AppleWebKit/537.36 (KHTML, like Gecko) Chrome/146.0.0.0 Safari/537.36 Edg/146.0.0.0"
::1 - - [06/Apr/2026:16:03:03 +0000] "GET /dashboard/fortigate.php?device=fg-oficina&endpoint=system/dhcp&start=0&count=100 HTTP/1.1" 200 23591 "-" "-"
192.168.111.6 - - [06/Apr/2026:16:03:03 +0000] "GET /dashboard/proxy.php?action=dhcp HTTP/1.1" 200 23647 "http://192.168.140.34/dashboard/" "Mozilla/5.0 (Windows NT 10.0; Win64; x64) AppleWebKit/537.36 (KHTML, like Gecko) Chrome/146.0.0.0 Safari/537.36 Edg/146.0.0.0"
::1 - - [06/Apr/2026:16:03:03 +0000] "GET /dashboard/fortigate.php?device=fg-oficina&endpoint=wifi/client&start=0&count=100 HTTP/1.1" 200 30607 "-" "-"
192.168.111.6 - - [06/Apr/2026:16:03:03 +0000] "GET /dashboard/proxy.php?action=clients HTTP/1.1" 200 30663 "http://192.168.140.34/dashboard/" "Mozilla/5.0 (Windows NT 10.0; Win64; x64) AppleWebKit/537.36 (KHTML, like Gecko) Chrome/146.0.0.0 Safari/537.36 Edg/146.0.0.0"
192.168.111.6 - - [06/Apr/2026:16:04:03 +0000] "GET /dashboard/proxy.php?action=entity&entity=sensor.agnov_fg_wifi_clients_ssid1 HTTP/1.1" 200 691 "http://192.168.140.34/dashboard/" "Mozilla/5.0 (Windows NT 10.0; Win64; x64) AppleWebKit/537.36 (KHTML, like Gecko) Chrome/146.0.0.0 Safari/537.36 Edg/146.0.0.0"
192.168.111.6 - - [06/Apr/2026:16:04:03 +0000] "GET /dashboard/proxy.php?action=entity&entity=sensor.agnov_fg_wifi_clients_ssid2 HTTP/1.1" 200 689 "http://192.168.140.34/dashboard/" "Mozilla/5.0 (Windows NT 10.0; Win64; x64) AppleWebKit/537.36 (KHTML, like Gecko) Chrome/146.0.0.0 Safari/537.36 Edg/146.0.0.0"
::1 - - [06/Apr/2026:16:04:03 +0000] "GET /dashboard/fortigate.php?device=fg-oficina&endpoint=switch-controller/managed-switch&start=0&count=50 HTTP/1.1" 200 536 "-" "-"
192.168.111.6 - - [06/Apr/2026:16:04:03 +0000] "GET /dashboard/proxy.php?action=switches HTTP/1.1" 200 592 "http://192.168.140.34/dashboard/" "Mozilla/5.0 (Windows NT 10.0; Win64; x64) AppleWebKit/537.36 (KHTML, like Gecko) Chrome/146.0.0.0 Safari/537.36 Edg/146.0.0.0"
192.168.111.6 - - [06/Apr/2026:16:04:03 +0000] "GET /dashboard/proxy.php?action=entity&entity=sensor.agnov_fg_wifi_clients HTTP/1.1" 200 678 "http://192.168.140.34/dashboard/" "Mozilla/5.0 (Windows NT 10.0; Win64; x64) AppleWebKit/537.36 (KHTML, like Gecko) Chrome/146.0.0.0 Safari/537.36 Edg/146.0.0.0"
::1 - - [06/Apr/2026:16:04:03 +0000] "GET /dashboard/fortigate.php?device=fg-oficina&endpoint=wifi/managed_ap&start=0&count=50 HTTP/1.1" 200 20904 "-" "-"
192.168.111.6 - - [06/Apr/2026:16:04:03 +0000] "GET /dashboard/proxy.php?action=aps HTTP/1.1" 200 20960 "http://192.168.140.34/dashboard/" "Mozilla/5.0 (Windows NT 10.0; Win64; x64) AppleWebKit/537.36 (KHTML, like Gecko) Chrome/146.0.0.0 Safari/537.36 Edg/146.0.0.0"
::1 - - [06/Apr/2026:16:04:03 +0000] "GET /dashboard/fortigate.php?device=fg-oficina&endpoint=system/dhcp&start=0&count=100 HTTP/1.1" 200 23591 "-" "-"
192.168.111.6 - - [06/Apr/2026:16:04:03 +0000] "GET /dashboard/proxy.php?action=dhcp HTTP/1.1" 200 23647 "http://192.168.140.34/dashboard/" "Mozilla/5.0 (Windows NT 10.0; Win64; x64) AppleWebKit/537.36 (KHTML, like Gecko) Chrome/146.0.0.0 Safari/537.36 Edg/146.0.0.0"
::1 - - [06/Apr/2026:16:04:03 +0000] "GET /dashboard/fortigate.php?device=fg-oficina&endpoint=wifi/client&start=0&count=100 HTTP/1.1" 200 31154 "-" "-"
192.168.111.6 - - [06/Apr/2026:16:04:03 +0000] "GET /dashboard/proxy.php?action=clients HTTP/1.1" 200 31210 "http://192.168.140.34/dashboard/" "Mozilla/5.0 (Windows NT 10.0; Win64; x64) AppleWebKit/537.36 (KHTML, like Gecko) Chrome/146.0.0.0 Safari/537.36 Edg/146.0.0.0"
192.168.111.6 - - [06/Apr/2026:16:05:03 +0000] "GET /dashboard/proxy.php?action=entity&entity=sensor.agnov_fg_wifi_clients_ssid1 HTTP/1.1" 200 691 "http://192.168.140.34/dashboard/" "Mozilla/5.0 (Windows NT 10.0; Win64; x64) AppleWebKit/537.36 (KHTML, like Gecko) Chrome/146.0.0.0 Safari/537.36 Edg/146.0.0.0"
192.168.111.6 - - [06/Apr/2026:16:05:03 +0000] "GET /dashboard/proxy.php?action=entity&entity=sensor.agnov_fg_wifi_clients_ssid2 HTTP/1.1" 200 689 "http://192.168.140.34/dashboard/" "Mozilla/5.0 (Windows NT 10.0; Win64; x64) AppleWebKit/537.36 (KHTML, like Gecko) Chrome/146.0.0.0 Safari/537.36 Edg/146.0.0.0"
192.168.111.6 - - [06/Apr/2026:16:05:03 +0000] "GET /dashboard/proxy.php?action=entity&entity=sensor.agnov_fg_wifi_clients HTTP/1.1" 200 678 "http://192.168.140.34/dashboard/" "Mozilla/5.0 (Windows NT 10.0; Win64; x64) AppleWebKit/537.36 (KHTML, like Gecko) Chrome/146.0.0.0 Safari/537.36 Edg/146.0.0.0"
::1 - - [06/Apr/2026:16:05:03 +0000] "GET /dashboard/fortigate.php?device=fg-oficina&endpoint=wifi/managed_ap&start=0&count=50 HTTP/1.1" 200 20906 "-" "-"
192.168.111.6 - - [06/Apr/2026:16:05:03 +0000] "GET /dashboard/proxy.php?action=aps HTTP/1.1" 200 20962 "http://192.168.140.34/dashboard/" "Mozilla/5.0 (Windows NT 10.0; Win64; x64) AppleWebKit/537.36 (KHTML, like Gecko) Chrome/146.0.0.0 Safari/537.36 Edg/146.0.0.0"
::1 - - [06/Apr/2026:16:05:03 +0000] "GET /dashboard/fortigate.php?device=fg-oficina&endpoint=switch-controller/managed-switch&start=0&count=50 HTTP/1.1" 200 536 "-" "-"
192.168.111.6 - - [06/Apr/2026:16:05:03 +0000] "GET /dashboard/proxy.php?action=switches HTTP/1.1" 200 592 "http://192.168.140.34/dashboard/" "Mozilla/5.0 (Windows NT 10.0; Win64; x64) AppleWebKit/537.36 (KHTML, like Gecko) Chrome/146.0.0.0 Safari/537.36 Edg/146.0.0.0"
::1 - - [06/Apr/2026:16:05:03 +0000] "GET /dashboard/fortigate.php?device=fg-oficina&endpoint=system/dhcp&start=0&count=100 HTTP/1.1" 200 23591 "-" "-"
192.168.111.6 - - [06/Apr/2026:16:05:03 +0000] "GET /dashboard/proxy.php?action=dhcp HTTP/1.1" 200 23647 "http://192.168.140.34/dashboard/" "Mozilla/5.0 (Windows NT 10.0; Win64; x64) AppleWebKit/537.36 (KHTML, like Gecko) Chrome/146.0.0.0 Safari/537.36 Edg/146.0.0.0"
::1 - - [06/Apr/2026:16:05:03 +0000] "GET /dashboard/fortigate.php?device=fg-oficina&endpoint=wifi/client&start=0&count=100 HTTP/1.1" 200 30535 "-" "-"
192.168.111.6 - - [06/Apr/2026:16:05:03 +0000] "GET /dashboard/proxy.php?action=clients HTTP/1.1" 200 30591 "http://192.168.140.34/dashboard/" "Mozilla/5.0 (Windows NT 10.0; Win64; x64) AppleWebKit/537.36 (KHTML, like Gecko) Chrome/146.0.0.0 Safari/537.36 Edg/146.0.0.0"
192.168.111.6 - - [06/Apr/2026:16:06:03 +0000] "GET /dashboard/proxy.php?action=entity&entity=sensor.agnov_fg_wifi_clients_ssid1 HTTP/1.1" 200 691 "http://192.168.140.34/dashboard/" "Mozilla/5.0 (Windows NT 10.0; Win64; x64) AppleWebKit/537.36 (KHTML, like Gecko) Chrome/146.0.0.0 Safari/537.36 Edg/146.0.0.0"
192.168.111.6 - - [06/Apr/2026:16:06:03 +0000] "GET /dashboard/proxy.php?action=entity&entity=sensor.agnov_fg_wifi_clients_ssid2 HTTP/1.1" 200 689 "http://192.168.140.34/dashboard/" "Mozilla/5.0 (Windows NT 10.0; Win64; x64) AppleWebKit/537.36 (KHTML, like Gecko) Chrome/146.0.0.0 Safari/537.36 Edg/146.0.0.0"
192.168.111.6 - - [06/Apr/2026:16:06:03 +0000] "GET /dashboard/proxy.php?action=entity&entity=sensor.agnov_fg_wifi_clients HTTP/1.1" 200 678 "http://192.168.140.34/dashboard/" "Mozilla/5.0 (Windows NT 10.0; Win64; x64) AppleWebKit/537.36 (KHTML, like Gecko) Chrome/146.0.0.0 Safari/537.36 Edg/146.0.0.0"
::1 - - [06/Apr/2026:16:06:03 +0000] "GET /dashboard/fortigate.php?device=fg-oficina&endpoint=switch-controller/managed-switch&start=0&count=50 HTTP/1.1" 200 536 "-" "-"
::1 - - [06/Apr/2026:16:06:03 +0000] "GET /dashboard/fortigate.php?device=fg-oficina&endpoint=wifi/managed_ap&start=0&count=50 HTTP/1.1" 200 20902 "-" "-"
192.168.111.6 - - [06/Apr/2026:16:06:03 +0000] "GET /dashboard/proxy.php?action=switches HTTP/1.1" 200 592 "http://192.168.140.34/dashboard/" "Mozilla/5.0 (Windows NT 10.0; Win64; x64) AppleWebKit/537.36 (KHTML, like Gecko) Chrome/146.0.0.0 Safari/537.36 Edg/146.0.0.0"
192.168.111.6 - - [06/Apr/2026:16:06:03 +0000] "GET /dashboard/proxy.php?action=aps HTTP/1.1" 200 20958 "http://192.168.140.34/dashboard/" "Mozilla/5.0 (Windows NT 10.0; Win64; x64) AppleWebKit/537.36 (KHTML, like Gecko) Chrome/146.0.0.0 Safari/537.36 Edg/146.0.0.0"
::1 - - [06/Apr/2026:16:06:03 +0000] "GET /dashboard/fortigate.php?device=fg-oficina&endpoint=system/dhcp&start=0&count=100 HTTP/1.1" 200 23591 "-" "-"
192.168.111.6 - - [06/Apr/2026:16:06:03 +0000] "GET /dashboard/proxy.php?action=dhcp HTTP/1.1" 200 23647 "http://192.168.140.34/dashboard/" "Mozilla/5.0 (Windows NT 10.0; Win64; x64) AppleWebKit/537.36 (KHTML, like Gecko) Chrome/146.0.0.0 Safari/537.36 Edg/146.0.0.0"
::1 - - [06/Apr/2026:16:06:03 +0000] "GET /dashboard/fortigate.php?device=fg-oficina&endpoint=wifi/client&start=0&count=100 HTTP/1.1" 200 30563 "-" "-"
192.168.111.6 - - [06/Apr/2026:16:06:03 +0000] "GET /dashboard/proxy.php?action=clients HTTP/1.1" 200 30619 "http://192.168.140.34/dashboard/" "Mozilla/5.0 (Windows NT 10.0; Win64; x64) AppleWebKit/537.36 (KHTML, like Gecko) Chrome/146.0.0.0 Safari/537.36 Edg/146.0.0.0"
192.168.111.6 - - [06/Apr/2026:16:07:03 +0000] "GET /dashboard/proxy.php?action=entity&entity=sensor.agnov_fg_wifi_clients_ssid1 HTTP/1.1" 200 691 "http://192.168.140.34/dashboard/" "Mozilla/5.0 (Windows NT 10.0; Win64; x64) AppleWebKit/537.36 (KHTML, like Gecko) Chrome/146.0.0.0 Safari/537.36 Edg/146.0.0.0"
::1 - - [06/Apr/2026:16:07:03 +0000] "GET /dashboard/fortigate.php?device=fg-oficina&endpoint=switch-controller/managed-switch&start=0&count=50 HTTP/1.1" 200 536 "-" "-"
192.168.111.6 - - [06/Apr/2026:16:07:03 +0000] "GET /dashboard/proxy.php?action=switches HTTP/1.1" 200 592 "http://192.168.140.34/dashboard/" "Mozilla/5.0 (Windows NT 10.0; Win64; x64) AppleWebKit/537.36 (KHTML, like Gecko) Chrome/146.0.0.0 Safari/537.36 Edg/146.0.0.0"
192.168.111.6 - - [06/Apr/2026:16:07:03 +0000] "GET /dashboard/proxy.php?action=entity&entity=sensor.agnov_fg_wifi_clients_ssid2 HTTP/1.1" 200 689 "http://192.168.140.34/dashboard/" "Mozilla/5.0 (Windows NT 10.0; Win64; x64) AppleWebKit/537.36 (KHTML, like Gecko) Chrome/146.0.0.0 Safari/537.36 Edg/146.0.0.0"
::1 - - [06/Apr/2026:16:07:03 +0000] "GET /dashboard/fortigate.php?device=fg-oficina&endpoint=wifi/managed_ap&start=0&count=50 HTTP/1.1" 200 20901 "-" "-"
192.168.111.6 - - [06/Apr/2026:16:07:03 +0000] "GET /dashboard/proxy.php?action=aps HTTP/1.1" 200 20957 "http://192.168.140.34/dashboard/" "Mozilla/5.0 (Windows NT 10.0; Win64; x64) AppleWebKit/537.36 (KHTML, like Gecko) Chrome/146.0.0.0 Safari/537.36 Edg/146.0.0.0"
192.168.111.6 - - [06/Apr/2026:16:07:03 +0000] "GET /dashboard/proxy.php?action=entity&entity=sensor.agnov_fg_wifi_clients HTTP/1.1" 200 678 "http://192.168.140.34/dashboard/" "Mozilla/5.0 (Windows NT 10.0; Win64; x64) AppleWebKit/537.36 (KHTML, like Gecko) Chrome/146.0.0.0 Safari/537.36 Edg/146.0.0.0"
::1 - - [06/Apr/2026:16:07:03 +0000] "GET /dashboard/fortigate.php?device=fg-oficina&endpoint=system/dhcp&start=0&count=100 HTTP/1.1" 200 23591 "-" "-"
192.168.111.6 - - [06/Apr/2026:16:07:03 +0000] "GET /dashboard/proxy.php?action=dhcp HTTP/1.1" 200 23647 "http://192.168.140.34/dashboard/" "Mozilla/5.0 (Windows NT 10.0; Win64; x64) AppleWebKit/537.36 (KHTML, like Gecko) Chrome/146.0.0.0 Safari/537.36 Edg/146.0.0.0"
::1 - - [06/Apr/2026:16:07:03 +0000] "GET /dashboard/fortigate.php?device=fg-oficina&endpoint=wifi/client&start=0&count=100 HTTP/1.1" 200 30629 "-" "-"
192.168.111.6 - - [06/Apr/2026:16:07:03 +0000] "GET /dashboard/proxy.php?action=clients HTTP/1.1" 200 30685 "http://192.168.140.34/dashboard/" "Mozilla/5.0 (Windows NT 10.0; Win64; x64) AppleWebKit/537.36 (KHTML, like Gecko) Chrome/146.0.0.0 Safari/537.36 Edg/146.0.0.0"
192.168.111.6 - - [06/Apr/2026:16:08:03 +0000] "GET /dashboard/proxy.php?action=entity&entity=sensor.agnov_fg_wifi_clients_ssid1 HTTP/1.1" 200 691 "http://192.168.140.34/dashboard/" "Mozilla/5.0 (Windows NT 10.0; Win64; x64) AppleWebKit/537.36 (KHTML, like Gecko) Chrome/146.0.0.0 Safari/537.36 Edg/146.0.0.0"
192.168.111.6 - - [06/Apr/2026:16:08:03 +0000] "GET /dashboard/proxy.php?action=entity&entity=sensor.agnov_fg_wifi_clients_ssid2 HTTP/1.1" 200 689 "http://192.168.140.34/dashboard/" "Mozilla/5.0 (Windows NT 10.0; Win64; x64) AppleWebKit/537.36 (KHTML, like Gecko) Chrome/146.0.0.0 Safari/537.36 Edg/146.0.0.0"
192.168.111.6 - - [06/Apr/2026:16:08:03 +0000] "GET /dashboard/proxy.php?action=entity&entity=sensor.agnov_fg_wifi_clients HTTP/1.1" 200 678 "http://192.168.140.34/dashboard/" "Mozilla/5.0 (Windows NT 10.0; Win64; x64) AppleWebKit/537.36 (KHTML, like Gecko) Chrome/146.0.0.0 Safari/537.36 Edg/146.0.0.0"
::1 - - [06/Apr/2026:16:08:03 +0000] "GET /dashboard/fortigate.php?device=fg-oficina&endpoint=switch-controller/managed-switch&start=0&count=50 HTTP/1.1" 200 536 "-" "-"
192.168.111.6 - - [06/Apr/2026:16:08:03 +0000] "GET /dashboard/proxy.php?action=switches HTTP/1.1" 200 592 "http://192.168.140.34/dashboard/" "Mozilla/5.0 (Windows NT 10.0; Win64; x64) AppleWebKit/537.36 (KHTML, like Gecko) Chrome/146.0.0.0 Safari/537.36 Edg/146.0.0.0"
::1 - - [06/Apr/2026:16:08:03 +0000] "GET /dashboard/fortigate.php?device=fg-oficina&endpoint=wifi/managed_ap&start=0&count=50 HTTP/1.1" 200 20898 "-" "-"
192.168.111.6 - - [06/Apr/2026:16:08:03 +0000] "GET /dashboard/proxy.php?action=aps HTTP/1.1" 200 20954 "http://192.168.140.34/dashboard/" "Mozilla/5.0 (Windows NT 10.0; Win64; x64) AppleWebKit/537.36 (KHTML, like Gecko) Chrome/146.0.0.0 Safari/537.36 Edg/146.0.0.0"
::1 - - [06/Apr/2026:16:08:03 +0000] "GET /dashboard/fortigate.php?device=fg-oficina&endpoint=system/dhcp&start=0&count=100 HTTP/1.1" 200 23591 "-" "-"
192.168.111.6 - - [06/Apr/2026:16:08:03 +0000] "GET /dashboard/proxy.php?action=dhcp HTTP/1.1" 200 23647 "http://192.168.140.34/dashboard/" "Mozilla/5.0 (Windows NT 10.0; Win64; x64) AppleWebKit/537.36 (KHTML, like Gecko) Chrome/146.0.0.0 Safari/537.36 Edg/146.0.0.0"
::1 - - [06/Apr/2026:16:08:03 +0000] "GET /dashboard/fortigate.php?device=fg-oficina&endpoint=wifi/client&start=0&count=100 HTTP/1.1" 200 30564 "-" "-"
192.168.111.6 - - [06/Apr/2026:16:08:03 +0000] "GET /dashboard/proxy.php?action=clients HTTP/1.1" 200 30620 "http://192.168.140.34/dashboard/" "Mozilla/5.0 (Windows NT 10.0; Win64; x64) AppleWebKit/537.36 (KHTML, like Gecko) Chrome/146.0.0.0 Safari/537.36 Edg/146.0.0.0"
192.168.111.6 - - [06/Apr/2026:16:09:03 +0000] "GET /dashboard/proxy.php?action=entity&entity=sensor.agnov_fg_wifi_clients_ssid1 HTTP/1.1" 200 691 "http://192.168.140.34/dashboard/" "Mozilla/5.0 (Windows NT 10.0; Win64; x64) AppleWebKit/537.36 (KHTML, like Gecko) Chrome/146.0.0.0 Safari/537.36 Edg/146.0.0.0"
192.168.111.6 - - [06/Apr/2026:16:09:03 +0000] "GET /dashboard/proxy.php?action=entity&entity=sensor.agnov_fg_wifi_clients_ssid2 HTTP/1.1" 200 689 "http://192.168.140.34/dashboard/" "Mozilla/5.0 (Windows NT 10.0; Win64; x64) AppleWebKit/537.36 (KHTML, like Gecko) Chrome/146.0.0.0 Safari/537.36 Edg/146.0.0.0"
::1 - - [06/Apr/2026:16:09:03 +0000] "GET /dashboard/fortigate.php?device=fg-oficina&endpoint=switch-controller/managed-switch&start=0&count=50 HTTP/1.1" 200 536 "-" "-"
192.168.111.6 - - [06/Apr/2026:16:09:03 +0000] "GET /dashboard/proxy.php?action=switches HTTP/1.1" 200 592 "http://192.168.140.34/dashboard/" "Mozilla/5.0 (Windows NT 10.0; Win64; x64) AppleWebKit/537.36 (KHTML, like Gecko) Chrome/146.0.0.0 Safari/537.36 Edg/146.0.0.0"
::1 - - [06/Apr/2026:16:09:03 +0000] "GET /dashboard/fortigate.php?device=fg-oficina&endpoint=wifi/managed_ap&start=0&count=50 HTTP/1.1" 200 20900 "-" "-"
192.168.111.6 - - [06/Apr/2026:16:09:03 +0000] "GET /dashboard/proxy.php?action=aps HTTP/1.1" 200 20956 "http://192.168.140.34/dashboard/" "Mozilla/5.0 (Windows NT 10.0; Win64; x64) AppleWebKit/537.36 (KHTML, like Gecko) Chrome/146.0.0.0 Safari/537.36 Edg/146.0.0.0"
192.168.111.6 - - [06/Apr/2026:16:09:03 +0000] "GET /dashboard/proxy.php?action=entity&entity=sensor.agnov_fg_wifi_clients HTTP/1.1" 200 678 "http://192.168.140.34/dashboard/" "Mozilla/5.0 (Windows NT 10.0; Win64; x64) AppleWebKit/537.36 (KHTML, like Gecko) Chrome/146.0.0.0 Safari/537.36 Edg/146.0.0.0"
::1 - - [06/Apr/2026:16:09:03 +0000] "GET /dashboard/fortigate.php?device=fg-oficina&endpoint=system/dhcp&start=0&count=100 HTTP/1.1" 200 23591 "-" "-"
192.168.111.6 - - [06/Apr/2026:16:09:03 +0000] "GET /dashboard/proxy.php?action=dhcp HTTP/1.1" 200 23647 "http://192.168.140.34/dashboard/" "Mozilla/5.0 (Windows NT 10.0; Win64; x64) AppleWebKit/537.36 (KHTML, like Gecko) Chrome/146.0.0.0 Safari/537.36 Edg/146.0.0.0"
::1 - - [06/Apr/2026:16:09:03 +0000] "GET /dashboard/fortigate.php?device=fg-oficina&endpoint=wifi/client&start=0&count=100 HTTP/1.1" 200 30661 "-" "-"
192.168.111.6 - - [06/Apr/2026:16:09:03 +0000] "GET /dashboard/proxy.php?action=clients HTTP/1.1" 200 30717 "http://192.168.140.34/dashboard/" "Mozilla/5.0 (Windows NT 10.0; Win64; x64) AppleWebKit/537.36 (KHTML, like Gecko) Chrome/146.0.0.0 Safari/537.36 Edg/146.0.0.0"
192.168.111.6 - - [06/Apr/2026:16:10:03 +0000] "GET /dashboard/proxy.php?action=entity&entity=sensor.agnov_fg_wifi_clients_ssid1 HTTP/1.1" 200 691 "http://192.168.140.34/dashboard/" "Mozilla/5.0 (Windows NT 10.0; Win64; x64) AppleWebKit/537.36 (KHTML, like Gecko) Chrome/146.0.0.0 Safari/537.36 Edg/146.0.0.0"
192.168.111.6 - - [06/Apr/2026:16:10:03 +0000] "GET /dashboard/proxy.php?action=entity&entity=sensor.agnov_fg_wifi_clients_ssid2 HTTP/1.1" 200 689 "http://192.168.140.34/dashboard/" "Mozilla/5.0 (Windows NT 10.0; Win64; x64) AppleWebKit/537.36 (KHTML, like Gecko) Chrome/146.0.0.0 Safari/537.36 Edg/146.0.0.0"
::1 - - [06/Apr/2026:16:10:03 +0000] "GET /dashboard/fortigate.php?device=fg-oficina&endpoint=switch-controller/managed-switch&start=0&count=50 HTTP/1.1" 200 536 "-" "-"
192.168.111.6 - - [06/Apr/2026:16:10:03 +0000] "GET /dashboard/proxy.php?action=switches HTTP/1.1" 200 592 "http://192.168.140.34/dashboard/" "Mozilla/5.0 (Windows NT 10.0; Win64; x64) AppleWebKit/537.36 (KHTML, like Gecko) Chrome/146.0.0.0 Safari/537.36 Edg/146.0.0.0"
192.168.111.6 - - [06/Apr/2026:16:10:03 +0000] "GET /dashboard/proxy.php?action=entity&entity=sensor.agnov_fg_wifi_clients HTTP/1.1" 200 678 "http://192.168.140.34/dashboard/" "Mozilla/5.0 (Windows NT 10.0; Win64; x64) AppleWebKit/537.36 (KHTML, like Gecko) Chrome/146.0.0.0 Safari/537.36 Edg/146.0.0.0"
::1 - - [06/Apr/2026:16:10:03 +0000] "GET /dashboard/fortigate.php?device=fg-oficina&endpoint=wifi/managed_ap&start=0&count=50 HTTP/1.1" 200 20901 "-" "-"
192.168.111.6 - - [06/Apr/2026:16:10:03 +0000] "GET /dashboard/proxy.php?action=aps HTTP/1.1" 200 20957 "http://192.168.140.34/dashboard/" "Mozilla/5.0 (Windows NT 10.0; Win64; x64) AppleWebKit/537.36 (KHTML, like Gecko) Chrome/146.0.0.0 Safari/537.36 Edg/146.0.0.0"
::1 - - [06/Apr/2026:16:10:03 +0000] "GET /dashboard/fortigate.php?device=fg-oficina&endpoint=system/dhcp&start=0&count=100 HTTP/1.1" 200 23591 "-" "-"
192.168.111.6 - - [06/Apr/2026:16:10:03 +0000] "GET /dashboard/proxy.php?action=dhcp HTTP/1.1" 200 23647 "http://192.168.140.34/dashboard/" "Mozilla/5.0 (Windows NT 10.0; Win64; x64) AppleWebKit/537.36 (KHTML, like Gecko) Chrome/146.0.0.0 Safari/537.36 Edg/146.0.0.0"
::1 - - [06/Apr/2026:16:10:03 +0000] "GET /dashboard/fortigate.php?device=fg-oficina&endpoint=wifi/client&start=0&count=100 HTTP/1.1" 200 30620 "-" "-"
192.168.111.6 - - [06/Apr/2026:16:10:03 +0000] "GET /dashboard/proxy.php?action=clients HTTP/1.1" 200 30676 "http://192.168.140.34/dashboard/" "Mozilla/5.0 (Windows NT 10.0; Win64; x64) AppleWebKit/537.36 (KHTML, like Gecko) Chrome/146.0.0.0 Safari/537.36 Edg/146.0.0.0"
192.168.111.6 - - [06/Apr/2026:16:11:03 +0000] "GET /dashboard/proxy.php?action=entity&entity=sensor.agnov_fg_wifi_clients_ssid1 HTTP/1.1" 200 691 "http://192.168.140.34/dashboard/" "Mozilla/5.0 (Windows NT 10.0; Win64; x64) AppleWebKit/537.36 (KHTML, like Gecko) Chrome/146.0.0.0 Safari/537.36 Edg/146.0.0.0"
::1 - - [06/Apr/2026:16:11:03 +0000] "GET /dashboard/fortigate.php?device=fg-oficina&endpoint=switch-controller/managed-switch&start=0&count=50 HTTP/1.1" 200 536 "-" "-"
192.168.111.6 - - [06/Apr/2026:16:11:03 +0000] "GET /dashboard/proxy.php?action=switches HTTP/1.1" 200 592 "http://192.168.140.34/dashboard/" "Mozilla/5.0 (Windows NT 10.0; Win64; x64) AppleWebKit/537.36 (KHTML, like Gecko) Chrome/146.0.0.0 Safari/537.36 Edg/146.0.0.0"
192.168.111.6 - - [06/Apr/2026:16:11:03 +0000] "GET /dashboard/proxy.php?action=entity&entity=sensor.agnov_fg_wifi_clients_ssid2 HTTP/1.1" 200 689 "http://192.168.140.34/dashboard/" "Mozilla/5.0 (Windows NT 10.0; Win64; x64) AppleWebKit/537.36 (KHTML, like Gecko) Chrome/146.0.0.0 Safari/537.36 Edg/146.0.0.0"
192.168.111.6 - - [06/Apr/2026:16:11:03 +0000] "GET /dashboard/proxy.php?action=entity&entity=sensor.agnov_fg_wifi_clients HTTP/1.1" 200 678 "http://192.168.140.34/dashboard/" "Mozilla/5.0 (Windows NT 10.0; Win64; x64) AppleWebKit/537.36 (KHTML, like Gecko) Chrome/146.0.0.0 Safari/537.36 Edg/146.0.0.0"
::1 - - [06/Apr/2026:16:11:03 +0000] "GET /dashboard/fortigate.php?device=fg-oficina&endpoint=wifi/managed_ap&start=0&count=50 HTTP/1.1" 200 20902 "-" "-"
192.168.111.6 - - [06/Apr/2026:16:11:03 +0000] "GET /dashboard/proxy.php?action=aps HTTP/1.1" 200 20958 "http://192.168.140.34/dashboard/" "Mozilla/5.0 (Windows NT 10.0; Win64; x64) AppleWebKit/537.36 (KHTML, like Gecko) Chrome/146.0.0.0 Safari/537.36 Edg/146.0.0.0"
::1 - - [06/Apr/2026:16:11:03 +0000] "GET /dashboard/fortigate.php?device=fg-oficina&endpoint=system/dhcp&start=0&count=100 HTTP/1.1" 200 23591 "-" "-"
192.168.111.6 - - [06/Apr/2026:16:11:03 +0000] "GET /dashboard/proxy.php?action=dhcp HTTP/1.1" 200 23647 "http://192.168.140.34/dashboard/" "Mozilla/5.0 (Windows NT 10.0; Win64; x64) AppleWebKit/537.36 (KHTML, like Gecko) Chrome/146.0.0.0 Safari/537.36 Edg/146.0.0.0"
::1 - - [06/Apr/2026:16:11:03 +0000] "GET /dashboard/fortigate.php?device=fg-oficina&endpoint=wifi/client&start=0&count=100 HTTP/1.1" 200 30649 "-" "-"
192.168.111.6 - - [06/Apr/2026:16:11:03 +0000] "GET /dashboard/proxy.php?action=clients HTTP/1.1" 200 30705 "http://192.168.140.34/dashboard/" "Mozilla/5.0 (Windows NT 10.0; Win64; x64) AppleWebKit/537.36 (KHTML, like Gecko) Chrome/146.0.0.0 Safari/537.36 Edg/146.0.0.0"
::1 - - [06/Apr/2026:16:11:09 +0000] "OPTIONS * HTTP/1.0" 200 126 "-" "Apache/2.4.66 (Debian) (internal dummy connection)"
192.168.111.6 - - [06/Apr/2026:16:12:03 +0000] "GET /dashboard/proxy.php?action=entity&entity=sensor.agnov_fg_wifi_clients_ssid1 HTTP/1.1" 200 691 "http://192.168.140.34/dashboard/" "Mozilla/5.0 (Windows NT 10.0; Win64; x64) AppleWebKit/537.36 (KHTML, like Gecko) Chrome/146.0.0.0 Safari/537.36 Edg/146.0.0.0"
::1 - - [06/Apr/2026:16:12:03 +0000] "GET /dashboard/fortigate.php?device=fg-oficina&endpoint=switch-controller/managed-switch&start=0&count=50 HTTP/1.1" 200 536 "-" "-"
192.168.111.6 - - [06/Apr/2026:16:12:03 +0000] "GET /dashboard/proxy.php?action=switches HTTP/1.1" 200 592 "http://192.168.140.34/dashboard/" "Mozilla/5.0 (Windows NT 10.0; Win64; x64) AppleWebKit/537.36 (KHTML, like Gecko) Chrome/146.0.0.0 Safari/537.36 Edg/146.0.0.0"
192.168.111.6 - - [06/Apr/2026:16:12:03 +0000] "GET /dashboard/proxy.php?action=entity&entity=sensor.agnov_fg_wifi_clients_ssid2 HTTP/1.1" 200 689 "http://192.168.140.34/dashboard/" "Mozilla/5.0 (Windows NT 10.0; Win64; x64) AppleWebKit/537.36 (KHTML, like Gecko) Chrome/146.0.0.0 Safari/537.36 Edg/146.0.0.0"
::1 - - [06/Apr/2026:16:12:03 +0000] "GET /dashboard/fortigate.php?device=fg-oficina&endpoint=wifi/managed_ap&start=0&count=50 HTTP/1.1" 200 20902 "-" "-"
192.168.111.6 - - [06/Apr/2026:16:12:03 +0000] "GET /dashboard/proxy.php?action=aps HTTP/1.1" 200 20958 "http://192.168.140.34/dashboard/" "Mozilla/5.0 (Windows NT 10.0; Win64; x64) AppleWebKit/537.36 (KHTML, like Gecko) Chrome/146.0.0.0 Safari/537.36 Edg/146.0.0.0"
192.168.111.6 - - [06/Apr/2026:16:12:03 +0000] "GET /dashboard/proxy.php?action=entity&entity=sensor.agnov_fg_wifi_clients HTTP/1.1" 200 678 "http://192.168.140.34/dashboard/" "Mozilla/5.0 (Windows NT 10.0; Win64; x64) AppleWebKit/537.36 (KHTML, like Gecko) Chrome/146.0.0.0 Safari/537.36 Edg/146.0.0.0"
::1 - - [06/Apr/2026:16:12:03 +0000] "GET /dashboard/fortigate.php?device=fg-oficina&endpoint=system/dhcp&start=0&count=100 HTTP/1.1" 200 23591 "-" "-"
192.168.111.6 - - [06/Apr/2026:16:12:03 +0000] "GET /dashboard/proxy.php?action=dhcp HTTP/1.1" 200 23647 "http://192.168.140.34/dashboard/" "Mozilla/5.0 (Windows NT 10.0; Win64; x64) AppleWebKit/537.36 (KHTML, like Gecko) Chrome/146.0.0.0 Safari/537.36 Edg/146.0.0.0"
::1 - - [06/Apr/2026:16:12:03 +0000] "GET /dashboard/fortigate.php?device=fg-oficina&endpoint=wifi/client&start=0&count=100 HTTP/1.1" 200 30631 "-" "-"
192.168.111.6 - - [06/Apr/2026:16:12:03 +0000] "GET /dashboard/proxy.php?action=clients HTTP/1.1" 200 30687 "http://192.168.140.34/dashboard/" "Mozilla/5.0 (Windows NT 10.0; Win64; x64) AppleWebKit/537.36 (KHTML, like Gecko) Chrome/146.0.0.0 Safari/537.36 Edg/146.0.0.0"
::1 - - [06/Apr/2026:16:12:10 +0000] "OPTIONS * HTTP/1.0" 200 126 "-" "Apache/2.4.66 (Debian) (internal dummy connection)"
192.168.111.6 - - [06/Apr/2026:16:13:03 +0000] "GET /dashboard/proxy.php?action=entity&entity=sensor.agnov_fg_wifi_clients_ssid1 HTTP/1.1" 200 691 "http://192.168.140.34/dashboard/" "Mozilla/5.0 (Windows NT 10.0; Win64; x64) AppleWebKit/537.36 (KHTML, like Gecko) Chrome/146.0.0.0 Safari/537.36 Edg/146.0.0.0"
::1 - - [06/Apr/2026:16:13:03 +0000] "GET /dashboard/fortigate.php?device=fg-oficina&endpoint=switch-controller/managed-switch&start=0&count=50 HTTP/1.1" 200 536 "-" "-"
192.168.111.6 - - [06/Apr/2026:16:13:03 +0000] "GET /dashboard/proxy.php?action=switches HTTP/1.1" 200 592 "http://192.168.140.34/dashboard/" "Mozilla/5.0 (Windows NT 10.0; Win64; x64) AppleWebKit/537.36 (KHTML, like Gecko) Chrome/146.0.0.0 Safari/537.36 Edg/146.0.0.0"
192.168.111.6 - - [06/Apr/2026:16:13:03 +0000] "GET /dashboard/proxy.php?action=entity&entity=sensor.agnov_fg_wifi_clients_ssid2 HTTP/1.1" 200 689 "http://192.168.140.34/dashboard/" "Mozilla/5.0 (Windows NT 10.0; Win64; x64) AppleWebKit/537.36 (KHTML, like Gecko) Chrome/146.0.0.0 Safari/537.36 Edg/146.0.0.0"
::1 - - [06/Apr/2026:16:13:03 +0000] "GET /dashboard/fortigate.php?device=fg-oficina&endpoint=wifi/managed_ap&start=0&count=50 HTTP/1.1" 200 20895 "-" "-"
192.168.111.6 - - [06/Apr/2026:16:13:03 +0000] "GET /dashboard/proxy.php?action=aps HTTP/1.1" 200 20951 "http://192.168.140.34/dashboard/" "Mozilla/5.0 (Windows NT 10.0; Win64; x64) AppleWebKit/537.36 (KHTML, like Gecko) Chrome/146.0.0.0 Safari/537.36 Edg/146.0.0.0"
192.168.111.6 - - [06/Apr/2026:16:13:03 +0000] "GET /dashboard/proxy.php?action=entity&entity=sensor.agnov_fg_wifi_clients HTTP/1.1" 200 678 "http://192.168.140.34/dashboard/" "Mozilla/5.0 (Windows NT 10.0; Win64; x64) AppleWebKit/537.36 (KHTML, like Gecko) Chrome/146.0.0.0 Safari/537.36 Edg/146.0.0.0"
::1 - - [06/Apr/2026:16:13:03 +0000] "GET /dashboard/fortigate.php?device=fg-oficina&endpoint=system/dhcp&start=0&count=100 HTTP/1.1" 200 23591 "-" "-"
192.168.111.6 - - [06/Apr/2026:16:13:03 +0000] "GET /dashboard/proxy.php?action=dhcp HTTP/1.1" 200 23647 "http://192.168.140.34/dashboard/" "Mozilla/5.0 (Windows NT 10.0; Win64; x64) AppleWebKit/537.36 (KHTML, like Gecko) Chrome/146.0.0.0 Safari/537.36 Edg/146.0.0.0"
::1 - - [06/Apr/2026:16:13:03 +0000] "GET /dashboard/fortigate.php?device=fg-oficina&endpoint=wifi/client&start=0&count=100 HTTP/1.1" 200 30593 "-" "-"
192.168.111.6 - - [06/Apr/2026:16:13:03 +0000] "GET /dashboard/proxy.php?action=clients HTTP/1.1" 200 30649 "http://192.168.140.34/dashboard/" "Mozilla/5.0 (Windows NT 10.0; Win64; x64) AppleWebKit/537.36 (KHTML, like Gecko) Chrome/146.0.0.0 Safari/537.36 Edg/146.0.0.0"
::1 - - [06/Apr/2026:16:13:11 +0000] "OPTIONS * HTTP/1.0" 200 126 "-" "Apache/2.4.66 (Debian) (internal dummy connection)"
192.168.111.6 - - [06/Apr/2026:16:14:03 +0000] "GET /dashboard/proxy.php?action=entity&entity=sensor.agnov_fg_wifi_clients_ssid1 HTTP/1.1" 200 691 "http://192.168.140.34/dashboard/" "Mozilla/5.0 (Windows NT 10.0; Win64; x64) AppleWebKit/537.36 (KHTML, like Gecko) Chrome/146.0.0.0 Safari/537.36 Edg/146.0.0.0"
::1 - - [06/Apr/2026:16:14:03 +0000] "GET /dashboard/fortigate.php?device=fg-oficina&endpoint=switch-controller/managed-switch&start=0&count=50 HTTP/1.1" 200 536 "-" "-"
192.168.111.6 - - [06/Apr/2026:16:14:03 +0000] "GET /dashboard/proxy.php?action=switches HTTP/1.1" 200 592 "http://192.168.140.34/dashboard/" "Mozilla/5.0 (Windows NT 10.0; Win64; x64) AppleWebKit/537.36 (KHTML, like Gecko) Chrome/146.0.0.0 Safari/537.36 Edg/146.0.0.0"
192.168.111.6 - - [06/Apr/2026:16:14:03 +0000] "GET /dashboard/proxy.php?action=entity&entity=sensor.agnov_fg_wifi_clients_ssid2 HTTP/1.1" 200 689 "http://192.168.140.34/dashboard/" "Mozilla/5.0 (Windows NT 10.0; Win64; x64) AppleWebKit/537.36 (KHTML, like Gecko) Chrome/146.0.0.0 Safari/537.36 Edg/146.0.0.0"
::1 - - [06/Apr/2026:16:14:03 +0000] "GET /dashboard/fortigate.php?device=fg-oficina&endpoint=wifi/managed_ap&start=0&count=50 HTTP/1.1" 200 20895 "-" "-"
192.168.111.6 - - [06/Apr/2026:16:14:03 +0000] "GET /dashboard/proxy.php?action=aps HTTP/1.1" 200 20951 "http://192.168.140.34/dashboard/" "Mozilla/5.0 (Windows NT 10.0; Win64; x64) AppleWebKit/537.36 (KHTML, like Gecko) Chrome/146.0.0.0 Safari/537.36 Edg/146.0.0.0"
192.168.111.6 - - [06/Apr/2026:16:14:03 +0000] "GET /dashboard/proxy.php?action=entity&entity=sensor.agnov_fg_wifi_clients HTTP/1.1" 200 678 "http://192.168.140.34/dashboard/" "Mozilla/5.0 (Windows NT 10.0; Win64; x64) AppleWebKit/537.36 (KHTML, like Gecko) Chrome/146.0.0.0 Safari/537.36 Edg/146.0.0.0"
::1 - - [06/Apr/2026:16:14:03 +0000] "GET /dashboard/fortigate.php?device=fg-oficina&endpoint=system/dhcp&start=0&count=100 HTTP/1.1" 200 23591 "-" "-"
192.168.111.6 - - [06/Apr/2026:16:14:03 +0000] "GET /dashboard/proxy.php?action=dhcp HTTP/1.1" 200 23647 "http://192.168.140.34/dashboard/" "Mozilla/5.0 (Windows NT 10.0; Win64; x64) AppleWebKit/537.36 (KHTML, like Gecko) Chrome/146.0.0.0 Safari/537.36 Edg/146.0.0.0"
::1 - - [06/Apr/2026:16:14:03 +0000] "GET /dashboard/fortigate.php?device=fg-oficina&endpoint=wifi/client&start=0&count=100 HTTP/1.1" 200 30586 "-" "-"
192.168.111.6 - - [06/Apr/2026:16:14:03 +0000] "GET /dashboard/proxy.php?action=clients HTTP/1.1" 200 30642 "http://192.168.140.34/dashboard/" "Mozilla/5.0 (Windows NT 10.0; Win64; x64) AppleWebKit/537.36 (KHTML, like Gecko) Chrome/146.0.0.0 Safari/537.36 Edg/146.0.0.0"
::1 - - [06/Apr/2026:16:14:11 +0000] "OPTIONS * HTTP/1.0" 200 126 "-" "Apache/2.4.66 (Debian) (internal dummy connection)"
192.168.111.6 - - [06/Apr/2026:16:14:32 +0000] "GET /dashboard/ HTTP/1.1" 200 3732 "-" "Mozilla/5.0 (Windows NT 10.0; Win64; x64) AppleWebKit/537.36 (KHTML, like Gecko) Chrome/146.0.0.0 Safari/537.36 Edg/146.0.0.0"
192.168.111.6 - - [06/Apr/2026:16:14:33 +0000] "GET /dashboard/home-assistant/config.js HTTP/1.1" 200 1567 "http://192.168.140.34/dashboard/" "Mozilla/5.0 (Windows NT 10.0; Win64; x64) AppleWebKit/537.36 (KHTML, like Gecko) Chrome/146.0.0.0 Safari/537.36 Edg/146.0.0.0"
192.168.111.6 - - [06/Apr/2026:16:14:33 +0000] "GET /dashboard/lib/chart.min.js HTTP/1.1" 200 70161 "http://192.168.140.34/dashboard/" "Mozilla/5.0 (Windows NT 10.0; Win64; x64) AppleWebKit/537.36 (KHTML, like Gecko) Chrome/146.0.0.0 Safari/537.36 Edg/146.0.0.0"
192.168.111.6 - - [06/Apr/2026:16:14:34 +0000] "GET /dashboard/proxy.php?action=entity&entity=sensor.agnov_fg_wifi_clients_ssid1 HTTP/1.1" 200 690 "http://192.168.140.34/dashboard/" "Mozilla/5.0 (Windows NT 10.0; Win64; x64) AppleWebKit/537.36 (KHTML, like Gecko) Chrome/146.0.0.0 Safari/537.36 Edg/146.0.0.0"
192.168.111.6 - - [06/Apr/2026:16:14:34 +0000] "GET /dashboard/proxy.php?action=entity&entity=sensor.agnov_fg_wifi_clients_ssid2 HTTP/1.1" 200 689 "http://192.168.140.34/dashboard/" "Mozilla/5.0 (Windows NT 10.0; Win64; x64) AppleWebKit/537.36 (KHTML, like Gecko) Chrome/146.0.0.0 Safari/537.36 Edg/146.0.0.0"
::1 - - [06/Apr/2026:16:14:34 +0000] "GET /dashboard/fortigate.php?device=fg-oficina&endpoint=wifi/client&start=0&count=100 HTTP/1.1" 200 30520 "-" "-"
192.168.111.6 - - [06/Apr/2026:16:14:34 +0000] "GET /dashboard/proxy.php?action=clients HTTP/1.1" 200 30575 "http://192.168.140.34/dashboard/" "Mozilla/5.0 (Windows NT 10.0; Win64; x64) AppleWebKit/537.36 (KHTML, like Gecko) Chrome/146.0.0.0 Safari/537.36 Edg/146.0.0.0"
::1 - - [06/Apr/2026:16:14:34 +0000] "GET /dashboard/fortigate.php?device=fg-oficina&endpoint=switch-controller/managed-switch&start=0&count=50 HTTP/1.1" 200 536 "-" "-"
192.168.111.6 - - [06/Apr/2026:16:14:34 +0000] "GET /dashboard/proxy.php?action=switches HTTP/1.1" 200 592 "http://192.168.140.34/dashboard/" "Mozilla/5.0 (Windows NT 10.0; Win64; x64) AppleWebKit/537.36 (KHTML, like Gecko) Chrome/146.0.0.0 Safari/537.36 Edg/146.0.0.0"
::1 - - [06/Apr/2026:16:14:34 +0000] "GET /dashboard/fortigate.php?device=fg-oficina&endpoint=wifi/managed_ap&start=0&count=50 HTTP/1.1" 200 20901 "-" "-"
192.168.111.6 - - [06/Apr/2026:16:14:34 +0000] "GET /dashboard/proxy.php?action=aps HTTP/1.1" 200 20957 "http://192.168.140.34/dashboard/" "Mozilla/5.0 (Windows NT 10.0; Win64; x64) AppleWebKit/537.36 (KHTML, like Gecko) Chrome/146.0.0.0 Safari/537.36 Edg/146.0.0.0"
::1 - - [06/Apr/2026:16:14:34 +0000] "GET /dashboard/fortigate.php?device=fg-oficina&endpoint=system/dhcp&start=0&count=100 HTTP/1.1" 200 23591 "-" "-"
192.168.111.6 - - [06/Apr/2026:16:14:34 +0000] "GET /dashboard/proxy.php?action=dhcp HTTP/1.1" 200 23647 "http://192.168.140.34/dashboard/" "Mozilla/5.0 (Windows NT 10.0; Win64; x64) AppleWebKit/537.36 (KHTML, like Gecko) Chrome/146.0.0.0 Safari/537.36 Edg/146.0.0.0"
192.168.111.6 - - [06/Apr/2026:16:14:35 +0000] "GET /dashboard/proxy.php?action=entity&entity=sensor.agnov_fg_wifi_clients HTTP/1.1" 200 678 "http://192.168.140.34/dashboard/" "Mozilla/5.0 (Windows NT 10.0; Win64; x64) AppleWebKit/537.36 (KHTML, like Gecko) Chrome/146.0.0.0 Safari/537.36 Edg/146.0.0.0"
::1 - - [06/Apr/2026:16:15:04 +0000] "GET /dashboard/fortigate.php?device=fg-oficina&endpoint=wifi/client&start=0&count=100 HTTP/1.1" 200 30644 "-" "-"
::1 - - [06/Apr/2026:16:15:04 +0000] "GET /dashboard/proxy.php?action=clients HTTP/1.1" 200 30644 "-" "curl/8.14.1"
192.168.111.6 - - [06/Apr/2026:16:15:34 +0000] "GET /dashboard/proxy.php?action=entity&entity=sensor.agnov_fg_wifi_clients_ssid1 HTTP/1.1" 200 691 "http://192.168.140.34/dashboard/" "Mozilla/5.0 (Windows NT 10.0; Win64; x64) AppleWebKit/537.36 (KHTML, like Gecko) Chrome/146.0.0.0 Safari/537.36 Edg/146.0.0.0"
192.168.111.6 - - [06/Apr/2026:16:15:34 +0000] "GET /dashboard/proxy.php?action=entity&entity=sensor.agnov_fg_wifi_clients_ssid2 HTTP/1.1" 200 689 "http://192.168.140.34/dashboard/" "Mozilla/5.0 (Windows NT 10.0; Win64; x64) AppleWebKit/537.36 (KHTML, like Gecko) Chrome/146.0.0.0 Safari/537.36 Edg/146.0.0.0"
::1 - - [06/Apr/2026:16:15:34 +0000] "GET /dashboard/fortigate.php?device=fg-oficina&endpoint=wifi/managed_ap&start=0&count=50 HTTP/1.1" 200 20899 "-" "-"
192.168.111.6 - - [06/Apr/2026:16:15:34 +0000] "GET /dashboard/proxy.php?action=aps HTTP/1.1" 200 20955 "http://192.168.140.34/dashboard/" "Mozilla/5.0 (Windows NT 10.0; Win64; x64) AppleWebKit/537.36 (KHTML, like Gecko) Chrome/146.0.0.0 Safari/537.36 Edg/146.0.0.0"
::1 - - [06/Apr/2026:16:15:34 +0000] "GET /dashboard/fortigate.php?device=fg-oficina&endpoint=switch-controller/managed-switch&start=0&count=50 HTTP/1.1" 200 536 "-" "-"
192.168.111.6 - - [06/Apr/2026:16:15:34 +0000] "GET /dashboard/proxy.php?action=switches HTTP/1.1" 200 592 "http://192.168.140.34/dashboard/" "Mozilla/5.0 (Windows NT 10.0; Win64; x64) AppleWebKit/537.36 (KHTML, like Gecko) Chrome/146.0.0.0 Safari/537.36 Edg/146.0.0.0"
::1 - - [06/Apr/2026:16:15:34 +0000] "GET /dashboard/fortigate.php?device=fg-oficina&endpoint=system/dhcp&start=0&count=100 HTTP/1.1" 200 23591 "-" "-"
192.168.111.6 - - [06/Apr/2026:16:15:34 +0000] "GET /dashboard/proxy.php?action=dhcp HTTP/1.1" 200 23647 "http://192.168.140.34/dashboard/" "Mozilla/5.0 (Windows NT 10.0; Win64; x64) AppleWebKit/537.36 (KHTML, like Gecko) Chrome/146.0.0.0 Safari/537.36 Edg/146.0.0.0"
192.168.111.6 - - [06/Apr/2026:16:15:34 +0000] "GET /dashboard/proxy.php?action=entity&entity=sensor.agnov_fg_wifi_clients HTTP/1.1" 200 678 "http://192.168.140.34/dashboard/" "Mozilla/5.0 (Windows NT 10.0; Win64; x64) AppleWebKit/537.36 (KHTML, like Gecko) Chrome/146.0.0.0 Safari/537.36 Edg/146.0.0.0"
::1 - - [06/Apr/2026:16:15:34 +0000] "GET /dashboard/fortigate.php?device=fg-oficina&endpoint=wifi/client&start=0&count=100 HTTP/1.1" 200 30508 "-" "-"
192.168.111.6 - - [06/Apr/2026:16:15:34 +0000] "GET /dashboard/proxy.php?action=clients HTTP/1.1" 200 30564 "http://192.168.140.34/dashboard/" "Mozilla/5.0 (Windows NT 10.0; Win64; x64) AppleWebKit/537.36 (KHTML, like Gecko) Chrome/146.0.0.0 Safari/537.36 Edg/146.0.0.0"
192.168.111.6 - - [06/Apr/2026:16:16:34 +0000] "GET /dashboard/proxy.php?action=entity&entity=sensor.agnov_fg_wifi_clients_ssid1 HTTP/1.1" 200 691 "http://192.168.140.34/dashboard/" "Mozilla/5.0 (Windows NT 10.0; Win64; x64) AppleWebKit/537.36 (KHTML, like Gecko) Chrome/146.0.0.0 Safari/537.36 Edg/146.0.0.0"
