::1 - - [06/Apr/2026:16:16:34 +0000] "GET /dashboard/fortigate.php?device=fg-oficina&endpoint=wifi/managed_ap&start=0&count=50 HTTP/1.1" 200 20899 "-" "-"
192.168.111.6 - - [06/Apr/2026:16:16:34 +0000] "GET /dashboard/proxy.php?action=aps HTTP/1.1" 200 20955 "http://192.168.140.34/dashboard/" "Mozilla/5.0 (Windows NT 10.0; Win64; x64) AppleWebKit/537.36 (KHTML, like Gecko) Chrome/146.0.0.0 Safari/537.36 Edg/146.0.0.0"
192.168.111.6 - - [06/Apr/2026:16:16:34 +0000] "GET /dashboard/proxy.php?action=entity&entity=sensor.agnov_fg_wifi_clients_ssid2 HTTP/1.1" 200 690 "http://192.168.140.34/dashboard/" "Mozilla/5.0 (Windows NT 10.0; Win64; x64) AppleWebKit/537.36 (KHTML, like Gecko) Chrome/146.0.0.0 Safari/537.36 Edg/146.0.0.0"
192.168.111.6 - - [06/Apr/2026:16:16:34 +0000] "GET /dashboard/proxy.php?action=entity&entity=sensor.agnov_fg_wifi_clients HTTP/1.1" 200 678 "http://192.168.140.34/dashboard/" "Mozilla/5.0 (Windows NT 10.0; Win64; x64) AppleWebKit/537.36 (KHTML, like Gecko) Chrome/146.0.0.0 Safari/537.36 Edg/146.0.0.0"
::1 - - [06/Apr/2026:16:16:34 +0000] "GET /dashboard/fortigate.php?device=fg-oficina&endpoint=system/dhcp&start=0&count=100 HTTP/1.1" 200 23591 "-" "-"
192.168.111.6 - - [06/Apr/2026:16:16:34 +0000] "GET /dashboard/proxy.php?action=dhcp HTTP/1.1" 200 23647 "http://192.168.140.34/dashboard/" "Mozilla/5.0 (Windows NT 10.0; Win64; x64) AppleWebKit/537.36 (KHTML, like Gecko) Chrome/146.0.0.0 Safari/537.36 Edg/146.0.0.0"
::1 - - [06/Apr/2026:16:16:34 +0000] "GET /dashboard/fortigate.php?device=fg-oficina&endpoint=switch-controller/managed-switch&start=0&count=50 HTTP/1.1" 200 536 "-" "-"
192.168.111.6 - - [06/Apr/2026:16:16:34 +0000] "GET /dashboard/proxy.php?action=switches HTTP/1.1" 200 592 "http://192.168.140.34/dashboard/" "Mozilla/5.0 (Windows NT 10.0; Win64; x64) AppleWebKit/537.36 (KHTML, like Gecko) Chrome/146.0.0.0 Safari/537.36 Edg/146.0.0.0"
::1 - - [06/Apr/2026:16:16:34 +0000] "GET /dashboard/fortigate.php?device=fg-oficina&endpoint=wifi/client&start=0&count=100 HTTP/1.1" 200 31925 "-" "-"
192.168.111.6 - - [06/Apr/2026:16:16:34 +0000] "GET /dashboard/proxy.php?action=clients HTTP/1.1" 200 31981 "http://192.168.140.34/dashboard/" "Mozilla/5.0 (Windows NT 10.0; Win64; x64) AppleWebKit/537.36 (KHTML, like Gecko) Chrome/146.0.0.0 Safari/537.36 Edg/146.0.0.0"
192.168.111.6 - - [06/Apr/2026:16:16:38 +0000] "GET /dashboard/ HTTP/1.1" 200 4383 "-" "Mozilla/5.0 (Windows NT 10.0; Win64; x64) AppleWebKit/537.36 (KHTML, like Gecko) Chrome/146.0.0.0 Safari/537.36 Edg/146.0.0.0"
192.168.111.6 - - [06/Apr/2026:16:16:38 +0000] "GET /dashboard/proxy.php?action=entity&entity=sensor.agnov_fg_wifi_clients_ssid1 HTTP/1.1" 200 690 "http://192.168.140.34/dashboard/" "Mozilla/5.0 (Windows NT 10.0; Win64; x64) AppleWebKit/537.36 (KHTML, like Gecko) Chrome/146.0.0.0 Safari/537.36 Edg/146.0.0.0"
192.168.111.6 - - [06/Apr/2026:16:16:38 +0000] "GET /dashboard/proxy.php?action=entity&entity=sensor.agnov_fg_wifi_clients_ssid2 HTTP/1.1" 200 690 "http://192.168.140.34/dashboard/" "Mozilla/5.0 (Windows NT 10.0; Win64; x64) AppleWebKit/537.36 (KHTML, like Gecko) Chrome/146.0.0.0 Safari/537.36 Edg/146.0.0.0"
192.168.111.6 - - [06/Apr/2026:16:16:38 +0000] "GET /dashboard/proxy.php?action=entity&entity=sensor.agnov_fg_wifi_clients HTTP/1.1" 200 678 "http://192.168.140.34/dashboard/" "Mozilla/5.0 (Windows NT 10.0; Win64; x64) AppleWebKit/537.36 (KHTML, like Gecko) Chrome/146.0.0.0 Safari/537.36 Edg/146.0.0.0"
::1 - - [06/Apr/2026:16:16:38 +0000] "GET /dashboard/fortigate.php?device=fg-oficina&endpoint=wifi/managed_ap&start=0&count=50 HTTP/1.1" 200 20898 "-" "-"
192.168.111.6 - - [06/Apr/2026:16:16:38 +0000] "GET /dashboard/proxy.php?action=aps HTTP/1.1" 200 20953 "http://192.168.140.34/dashboard/" "Mozilla/5.0 (Windows NT 10.0; Win64; x64) AppleWebKit/537.36 (KHTML, like Gecko) Chrome/146.0.0.0 Safari/537.36 Edg/146.0.0.0"
::1 - - [06/Apr/2026:16:16:38 +0000] "GET /dashboard/fortigate.php?device=fg-oficina&endpoint=system/dhcp&start=0&count=100 HTTP/1.1" 200 23591 "-" "-"
192.168.111.6 - - [06/Apr/2026:16:16:38 +0000] "GET /dashboard/proxy.php?action=dhcp HTTP/1.1" 200 23646 "http://192.168.140.34/dashboard/" "Mozilla/5.0 (Windows NT 10.0; Win64; x64) AppleWebKit/537.36 (KHTML, like Gecko) Chrome/146.0.0.0 Safari/537.36 Edg/146.0.0.0"
::1 - - [06/Apr/2026:16:16:38 +0000] "GET /dashboard/fortigate.php?device=fg-oficina&endpoint=switch-controller/managed-switch&start=0&count=50 HTTP/1.1" 200 536 "-" "-"
192.168.111.6 - - [06/Apr/2026:16:16:38 +0000] "GET /dashboard/proxy.php?action=switches HTTP/1.1" 200 591 "http://192.168.140.34/dashboard/" "Mozilla/5.0 (Windows NT 10.0; Win64; x64) AppleWebKit/537.36 (KHTML, like Gecko) Chrome/146.0.0.0 Safari/537.36 Edg/146.0.0.0"
192.168.111.6 - - [06/Apr/2026:16:16:38 +0000] "GET /dashboard/ HTTP/1.1" 200 4383 "-" "Mozilla/5.0 (Windows NT 10.0; Win64; x64) AppleWebKit/537.36 (KHTML, like Gecko) Chrome/146.0.0.0 Safari/537.36 Edg/146.0.0.0"
::1 - - [06/Apr/2026:16:16:38 +0000] "GET /dashboard/fortigate.php?device=fg-oficina&endpoint=wifi/client&start=0&count=100 HTTP/1.1" 200 32001 "-" "-"
192.168.111.6 - - [06/Apr/2026:16:16:38 +0000] "GET /dashboard/proxy.php?action=clients HTTP/1.1" 200 32056 "http://192.168.140.34/dashboard/" "Mozilla/5.0 (Windows NT 10.0; Win64; x64) AppleWebKit/537.36 (KHTML, like Gecko) Chrome/146.0.0.0 Safari/537.36 Edg/146.0.0.0"
192.168.111.6 - - [06/Apr/2026:16:16:38 +0000] "GET /dashboard/proxy.php?action=entity&entity=sensor.agnov_fg_wifi_clients_ssid1 HTTP/1.1" 200 690 "http://192.168.140.34/dashboard/" "Mozilla/5.0 (Windows NT 10.0; Win64; x64) AppleWebKit/537.36 (KHTML, like Gecko) Chrome/146.0.0.0 Safari/537.36 Edg/146.0.0.0"
192.168.111.6 - - [06/Apr/2026:16:16:38 +0000] "GET /dashboard/proxy.php?action=entity&entity=sensor.agnov_fg_wifi_clients_ssid2 HTTP/1.1" 200 690 "http://192.168.140.34/dashboard/" "Mozilla/5.0 (Windows NT 10.0; Win64; x64) AppleWebKit/537.36 (KHTML, like Gecko) Chrome/146.0.0.0 Safari/537.36 Edg/146.0.0.0"
192.168.111.6 - - [06/Apr/2026:16:16:39 +0000] "GET /dashboard/proxy.php?action=entity&entity=sensor.agnov_fg_wifi_clients HTTP/1.1" 200 678 "http://192.168.140.34/dashboard/" "Mozilla/5.0 (Windows NT 10.0; Win64; x64) AppleWebKit/537.36 (KHTML, like Gecko) Chrome/146.0.0.0 Safari/537.36 Edg/146.0.0.0"
::1 - - [06/Apr/2026:16:16:38 +0000] "GET /dashboard/fortigate.php?device=fg-oficina&endpoint=system/dhcp&start=0&count=100 HTTP/1.1" 200 23591 "-" "-"
192.168.111.6 - - [06/Apr/2026:16:16:38 +0000] "GET /dashboard/proxy.php?action=dhcp HTTP/1.1" 200 23646 "http://192.168.140.34/dashboard/" "Mozilla/5.0 (Windows NT 10.0; Win64; x64) AppleWebKit/537.36 (KHTML, like Gecko) Chrome/146.0.0.0 Safari/537.36 Edg/146.0.0.0"
::1 - - [06/Apr/2026:16:16:38 +0000] "GET /dashboard/fortigate.php?device=fg-oficina&endpoint=switch-controller/managed-switch&start=0&count=50 HTTP/1.1" 200 536 "-" "-"
192.168.111.6 - - [06/Apr/2026:16:16:38 +0000] "GET /dashboard/proxy.php?action=switches HTTP/1.1" 200 592 "http://192.168.140.34/dashboard/" "Mozilla/5.0 (Windows NT 10.0; Win64; x64) AppleWebKit/537.36 (KHTML, like Gecko) Chrome/146.0.0.0 Safari/537.36 Edg/146.0.0.0"
::1 - - [06/Apr/2026:16:16:38 +0000] "GET /dashboard/fortigate.php?device=fg-oficina&endpoint=wifi/managed_ap&start=0&count=50 HTTP/1.1" 200 20898 "-" "-"
192.168.111.6 - - [06/Apr/2026:16:16:38 +0000] "GET /dashboard/proxy.php?action=aps HTTP/1.1" 200 20953 "http://192.168.140.34/dashboard/" "Mozilla/5.0 (Windows NT 10.0; Win64; x64) AppleWebKit/537.36 (KHTML, like Gecko) Chrome/146.0.0.0 Safari/537.36 Edg/146.0.0.0"
::1 - - [06/Apr/2026:16:16:38 +0000] "GET /dashboard/fortigate.php?device=fg-oficina&endpoint=wifi/client&start=0&count=100 HTTP/1.1" 200 31962 "-" "-"
192.168.111.6 - - [06/Apr/2026:16:16:38 +0000] "GET /dashboard/proxy.php?action=clients HTTP/1.1" 200 32017 "http://192.168.140.34/dashboard/" "Mozilla/5.0 (Windows NT 10.0; Win64; x64) AppleWebKit/537.36 (KHTML, like Gecko) Chrome/146.0.0.0 Safari/537.36 Edg/146.0.0.0"
::1 - - [06/Apr/2026:16:17:00 +0000] "GET /dashboard/fortigate.php?device=fg-oficina&endpoint=system/dhcp&start=0&count=100 HTTP/1.1" 200 23591 "-" "-"
::1 - - [06/Apr/2026:16:17:00 +0000] "GET /dashboard/proxy.php?action=dhcp HTTP/1.1" 200 23591 "-" "curl/8.14.1"
::1 - - [06/Apr/2026:16:17:04 +0000] "GET /dashboard/fortigate.php?device=fg-oficina&endpoint=firewall/session&start=0&count=50 HTTP/1.1" 200 35730 "-" "-"
::1 - - [06/Apr/2026:16:17:04 +0000] "GET /dashboard/proxy.php?action=sessions HTTP/1.1" 200 35730 "-" "curl/8.14.1"
192.168.111.6 - - [06/Apr/2026:16:17:38 +0000] "GET /dashboard/proxy.php?action=entity&entity=sensor.agnov_fg_wifi_clients_ssid1 HTTP/1.1" 200 691 "http://192.168.140.34/dashboard/" "Mozilla/5.0 (Windows NT 10.0; Win64; x64) AppleWebKit/537.36 (KHTML, like Gecko) Chrome/146.0.0.0 Safari/537.36 Edg/146.0.0.0"
192.168.111.6 - - [06/Apr/2026:16:17:38 +0000] "GET /dashboard/proxy.php?action=entity&entity=sensor.agnov_fg_wifi_clients_ssid2 HTTP/1.1" 200 689 "http://192.168.140.34/dashboard/" "Mozilla/5.0 (Windows NT 10.0; Win64; x64) AppleWebKit/537.36 (KHTML, like Gecko) Chrome/146.0.0.0 Safari/537.36 Edg/146.0.0.0"
192.168.111.6 - - [06/Apr/2026:16:17:39 +0000] "GET /dashboard/proxy.php?action=entity&entity=sensor.agnov_fg_wifi_clients HTTP/1.1" 200 678 "http://192.168.140.34/dashboard/" "Mozilla/5.0 (Windows NT 10.0; Win64; x64) AppleWebKit/537.36 (KHTML, like Gecko) Chrome/146.0.0.0 Safari/537.36 Edg/146.0.0.0"
::1 - - [06/Apr/2026:16:17:38 +0000] "GET /dashboard/fortigate.php?device=fg-oficina&endpoint=wifi/managed_ap&start=0&count=50 HTTP/1.1" 200 20902 "-" "-"
192.168.111.6 - - [06/Apr/2026:16:17:38 +0000] "GET /dashboard/proxy.php?action=aps HTTP/1.1" 200 20958 "http://192.168.140.34/dashboard/" "Mozilla/5.0 (Windows NT 10.0; Win64; x64) AppleWebKit/537.36 (KHTML, like Gecko) Chrome/146.0.0.0 Safari/537.36 Edg/146.0.0.0"
::1 - - [06/Apr/2026:16:17:38 +0000] "GET /dashboard/fortigate.php?device=fg-oficina&endpoint=switch-controller/managed-switch&start=0&count=50 HTTP/1.1" 200 536 "-" "-"
192.168.111.6 - - [06/Apr/2026:16:17:38 +0000] "GET /dashboard/proxy.php?action=switches HTTP/1.1" 200 592 "http://192.168.140.34/dashboard/" "Mozilla/5.0 (Windows NT 10.0; Win64; x64) AppleWebKit/537.36 (KHTML, like Gecko) Chrome/146.0.0.0 Safari/537.36 Edg/146.0.0.0"
::1 - - [06/Apr/2026:16:17:38 +0000] "GET /dashboard/fortigate.php?device=fg-oficina&endpoint=system/dhcp&start=0&count=100 HTTP/1.1" 200 23591 "-" "-"
192.168.111.6 - - [06/Apr/2026:16:17:38 +0000] "GET /dashboard/proxy.php?action=dhcp HTTP/1.1" 200 23647 "http://192.168.140.34/dashboard/" "Mozilla/5.0 (Windows NT 10.0; Win64; x64) AppleWebKit/537.36 (KHTML, like Gecko) Chrome/146.0.0.0 Safari/537.36 Edg/146.0.0.0"
::1 - - [06/Apr/2026:16:17:38 +0000] "GET /dashboard/fortigate.php?device=fg-oficina&endpoint=wifi/client&start=0&count=100 HTTP/1.1" 200 32042 "-" "-"
192.168.111.6 - - [06/Apr/2026:16:17:38 +0000] "GET /dashboard/proxy.php?action=clients HTTP/1.1" 200 32098 "http://192.168.140.34/dashboard/" "Mozilla/5.0 (Windows NT 10.0; Win64; x64) AppleWebKit/537.36 (KHTML, like Gecko) Chrome/146.0.0.0 Safari/537.36 Edg/146.0.0.0"
::1 - - [06/Apr/2026:16:17:47 +0000] "OPTIONS * HTTP/1.0" 200 126 "-" "Apache/2.4.66 (Debian) (internal dummy connection)"
::1 - - [06/Apr/2026:16:17:53 +0000] "GET /dashboard/fortigate.php?device=fg-oficina&endpoint=system/dhcp&start=0&count=100 HTTP/1.1" 200 23591 "-" "-"
::1 - - [06/Apr/2026:16:17:53 +0000] "GET /dashboard/proxy.php?action=dhcp HTTP/1.1" 200 23591 "-" "curl/8.14.1"
::1 - - [06/Apr/2026:16:18:00 +0000] "GET /dashboard/fortigate.php?device=fg-oficina&endpoint=system/dhcp&start=0&count=100 HTTP/1.1" 200 23591 "-" "-"
::1 - - [06/Apr/2026:16:18:00 +0000] "GET /dashboard/proxy.php?action=dhcp HTTP/1.1" 200 23591 "-" "curl/8.14.1"
::1 - - [06/Apr/2026:16:18:26 +0000] "GET /dashboard/fortigate.php?device=fg-oficina&endpoint=firewall/session&start=0&count=50 HTTP/1.1" 200 35777 "-" "-"
::1 - - [06/Apr/2026:16:18:26 +0000] "GET /dashboard/proxy.php?action=sessions HTTP/1.1" 200 35777 "-" "curl/8.14.1"
::1 - - [06/Apr/2026:16:18:37 +0000] "GET /dashboard/fortigate.php?device=fg-oficina&endpoint=system/dhcp&start=0&count=100 HTTP/1.1" 200 23890 "-" "-"
::1 - - [06/Apr/2026:16:18:37 +0000] "GET /dashboard/proxy.php?action=dhcp HTTP/1.1" 200 23890 "-" "curl/8.14.1"
192.168.111.6 - - [06/Apr/2026:16:18:38 +0000] "GET /dashboard/proxy.php?action=entity&entity=sensor.agnov_fg_wifi_clients_ssid1 HTTP/1.1" 200 691 "http://192.168.140.34/dashboard/" "Mozilla/5.0 (Windows NT 10.0; Win64; x64) AppleWebKit/537.36 (KHTML, like Gecko) Chrome/146.0.0.0 Safari/537.36 Edg/146.0.0.0"
192.168.111.6 - - [06/Apr/2026:16:18:38 +0000] "GET /dashboard/proxy.php?action=entity&entity=sensor.agnov_fg_wifi_clients_ssid2 HTTP/1.1" 200 689 "http://192.168.140.34/dashboard/" "Mozilla/5.0 (Windows NT 10.0; Win64; x64) AppleWebKit/537.36 (KHTML, like Gecko) Chrome/146.0.0.0 Safari/537.36 Edg/146.0.0.0"
192.168.111.6 - - [06/Apr/2026:16:18:39 +0000] "GET /dashboard/proxy.php?action=entity&entity=sensor.agnov_fg_wifi_clients HTTP/1.1" 200 678 "http://192.168.140.34/dashboard/" "Mozilla/5.0 (Windows NT 10.0; Win64; x64) AppleWebKit/537.36 (KHTML, like Gecko) Chrome/146.0.0.0 Safari/537.36 Edg/146.0.0.0"
::1 - - [06/Apr/2026:16:18:38 +0000] "GET /dashboard/fortigate.php?device=fg-oficina&endpoint=wifi/managed_ap&start=0&count=50 HTTP/1.1" 200 20901 "-" "-"
192.168.111.6 - - [06/Apr/2026:16:18:38 +0000] "GET /dashboard/proxy.php?action=aps HTTP/1.1" 200 20957 "http://192.168.140.34/dashboard/" "Mozilla/5.0 (Windows NT 10.0; Win64; x64) AppleWebKit/537.36 (KHTML, like Gecko) Chrome/146.0.0.0 Safari/537.36 Edg/146.0.0.0"
::1 - - [06/Apr/2026:16:18:38 +0000] "GET /dashboard/fortigate.php?device=fg-oficina&endpoint=system/dhcp&start=0&count=100 HTTP/1.1" 200 23890 "-" "-"
192.168.111.6 - - [06/Apr/2026:16:18:38 +0000] "GET /dashboard/proxy.php?action=dhcp HTTP/1.1" 200 23946 "http://192.168.140.34/dashboard/" "Mozilla/5.0 (Windows NT 10.0; Win64; x64) AppleWebKit/537.36 (KHTML, like Gecko) Chrome/146.0.0.0 Safari/537.36 Edg/146.0.0.0"
::1 - - [06/Apr/2026:16:18:38 +0000] "GET /dashboard/fortigate.php?device=fg-oficina&endpoint=switch-controller/managed-switch&start=0&count=50 HTTP/1.1" 200 536 "-" "-"
192.168.111.6 - - [06/Apr/2026:16:18:38 +0000] "GET /dashboard/proxy.php?action=switches HTTP/1.1" 200 592 "http://192.168.140.34/dashboard/" "Mozilla/5.0 (Windows NT 10.0; Win64; x64) AppleWebKit/537.36 (KHTML, like Gecko) Chrome/146.0.0.0 Safari/537.36 Edg/146.0.0.0"
::1 - - [06/Apr/2026:16:18:38 +0000] "GET /dashboard/fortigate.php?device=fg-oficina&endpoint=wifi/client&start=0&count=100 HTTP/1.1" 200 30767 "-" "-"
192.168.111.6 - - [06/Apr/2026:16:18:38 +0000] "GET /dashboard/proxy.php?action=clients HTTP/1.1" 200 30823 "http://192.168.140.34/dashboard/" "Mozilla/5.0 (Windows NT 10.0; Win64; x64) AppleWebKit/537.36 (KHTML, like Gecko) Chrome/146.0.0.0 Safari/537.36 Edg/146.0.0.0"
::1 - - [06/Apr/2026:16:18:47 +0000] "OPTIONS * HTTP/1.0" 200 126 "-" "Apache/2.4.66 (Debian) (internal dummy connection)"
192.168.111.6 - - [06/Apr/2026:16:19:38 +0000] "GET /dashboard/proxy.php?action=entity&entity=sensor.agnov_fg_wifi_clients_ssid1 HTTP/1.1" 200 691 "http://192.168.140.34/dashboard/" "Mozilla/5.0 (Windows NT 10.0; Win64; x64) AppleWebKit/537.36 (KHTML, like Gecko) Chrome/146.0.0.0 Safari/537.36 Edg/146.0.0.0"
192.168.111.6 - - [06/Apr/2026:16:19:39 +0000] "GET /dashboard/proxy.php?action=entity&entity=sensor.agnov_fg_wifi_clients_ssid2 HTTP/1.1" 200 689 "http://192.168.140.34/dashboard/" "Mozilla/5.0 (Windows NT 10.0; Win64; x64) AppleWebKit/537.36 (KHTML, like Gecko) Chrome/146.0.0.0 Safari/537.36 Edg/146.0.0.0"
::1 - - [06/Apr/2026:16:19:38 +0000] "GET /dashboard/fortigate.php?device=fg-oficina&endpoint=switch-controller/managed-switch&start=0&count=50 HTTP/1.1" 200 536 "-" "-"
192.168.111.6 - - [06/Apr/2026:16:19:38 +0000] "GET /dashboard/proxy.php?action=switches HTTP/1.1" 200 592 "http://192.168.140.34/dashboard/" "Mozilla/5.0 (Windows NT 10.0; Win64; x64) AppleWebKit/537.36 (KHTML, like Gecko) Chrome/146.0.0.0 Safari/537.36 Edg/146.0.0.0"
192.168.111.6 - - [06/Apr/2026:16:19:39 +0000] "GET /dashboard/proxy.php?action=entity&entity=sensor.agnov_fg_wifi_clients HTTP/1.1" 200 678 "http://192.168.140.34/dashboard/" "Mozilla/5.0 (Windows NT 10.0; Win64; x64) AppleWebKit/537.36 (KHTML, like Gecko) Chrome/146.0.0.0 Safari/537.36 Edg/146.0.0.0"
::1 - - [06/Apr/2026:16:19:38 +0000] "GET /dashboard/fortigate.php?device=fg-oficina&endpoint=wifi/managed_ap&start=0&count=50 HTTP/1.1" 200 20902 "-" "-"
192.168.111.6 - - [06/Apr/2026:16:19:38 +0000] "GET /dashboard/proxy.php?action=aps HTTP/1.1" 200 20958 "http://192.168.140.34/dashboard/" "Mozilla/5.0 (Windows NT 10.0; Win64; x64) AppleWebKit/537.36 (KHTML, like Gecko) Chrome/146.0.0.0 Safari/537.36 Edg/146.0.0.0"
::1 - - [06/Apr/2026:16:19:38 +0000] "GET /dashboard/fortigate.php?device=fg-oficina&endpoint=system/dhcp&start=0&count=100 HTTP/1.1" 200 23890 "-" "-"
192.168.111.6 - - [06/Apr/2026:16:19:38 +0000] "GET /dashboard/proxy.php?action=dhcp HTTP/1.1" 200 23946 "http://192.168.140.34/dashboard/" "Mozilla/5.0 (Windows NT 10.0; Win64; x64) AppleWebKit/537.36 (KHTML, like Gecko) Chrome/146.0.0.0 Safari/537.36 Edg/146.0.0.0"
::1 - - [06/Apr/2026:16:19:38 +0000] "GET /dashboard/fortigate.php?device=fg-oficina&endpoint=wifi/client&start=0&count=100 HTTP/1.1" 200 30721 "-" "-"
192.168.111.6 - - [06/Apr/2026:16:19:38 +0000] "GET /dashboard/proxy.php?action=clients HTTP/1.1" 200 30777 "http://192.168.140.34/dashboard/" "Mozilla/5.0 (Windows NT 10.0; Win64; x64) AppleWebKit/537.36 (KHTML, like Gecko) Chrome/146.0.0.0 Safari/537.36 Edg/146.0.0.0"
::1 - - [06/Apr/2026:16:19:45 +0000] "OPTIONS * HTTP/1.0" 200 126 "-" "Apache/2.4.66 (Debian) (internal dummy connection)"
192.168.111.6 - - [06/Apr/2026:16:20:02 +0000] "GET /dashboard/ HTTP/1.1" 200 4847 "-" "Mozilla/5.0 (Windows NT 10.0; Win64; x64) AppleWebKit/537.36 (KHTML, like Gecko) Chrome/146.0.0.0 Safari/537.36 Edg/146.0.0.0"
192.168.111.6 - - [06/Apr/2026:16:20:02 +0000] "GET /dashboard/home-assistant/config.js HTTP/1.1" 200 1566 "http://192.168.140.34/dashboard/" "Mozilla/5.0 (Windows NT 10.0; Win64; x64) AppleWebKit/537.36 (KHTML, like Gecko) Chrome/146.0.0.0 Safari/537.36 Edg/146.0.0.0"
192.168.111.6 - - [06/Apr/2026:16:20:02 +0000] "GET /dashboard/proxy.php?action=entity&entity=sensor.agnov_fg_wifi_clients_ssid1 HTTP/1.1" 200 690 "http://192.168.140.34/dashboard/" "Mozilla/5.0 (Windows NT 10.0; Win64; x64) AppleWebKit/537.36 (KHTML, like Gecko) Chrome/146.0.0.0 Safari/537.36 Edg/146.0.0.0"
192.168.111.6 - - [06/Apr/2026:16:20:02 +0000] "GET /dashboard/proxy.php?action=entity&entity=sensor.agnov_fg_wifi_clients_ssid2 HTTP/1.1" 200 689 "http://192.168.140.34/dashboard/" "Mozilla/5.0 (Windows NT 10.0; Win64; x64) AppleWebKit/537.36 (KHTML, like Gecko) Chrome/146.0.0.0 Safari/537.36 Edg/146.0.0.0"
192.168.111.6 - - [06/Apr/2026:16:20:02 +0000] "GET /dashboard/proxy.php?action=entity&entity=sensor.agnov_fg_wifi_clients HTTP/1.1" 200 678 "http://192.168.140.34/dashboard/" "Mozilla/5.0 (Windows NT 10.0; Win64; x64) AppleWebKit/537.36 (KHTML, like Gecko) Chrome/146.0.0.0 Safari/537.36 Edg/146.0.0.0"
::1 - - [06/Apr/2026:16:20:02 +0000] "GET /dashboard/fortigate.php?device=fg-oficina&endpoint=system/dhcp&start=0&count=100 HTTP/1.1" 200 23890 "-" "-"
192.168.111.6 - - [06/Apr/2026:16:20:02 +0000] "GET /dashboard/proxy.php?action=dhcp HTTP/1.1" 200 23946 "http://192.168.140.34/dashboard/" "Mozilla/5.0 (Windows NT 10.0; Win64; x64) AppleWebKit/537.36 (KHTML, like Gecko) Chrome/146.0.0.0 Safari/537.36 Edg/146.0.0.0"
::1 - - [06/Apr/2026:16:20:02 +0000] "GET /dashboard/fortigate.php?device=fg-oficina&endpoint=wifi/managed_ap&start=0&count=50 HTTP/1.1" 200 20898 "-" "-"
192.168.111.6 - - [06/Apr/2026:16:20:02 +0000] "GET /dashboard/proxy.php?action=aps HTTP/1.1" 200 20954 "http://192.168.140.34/dashboard/" "Mozilla/5.0 (Windows NT 10.0; Win64; x64) AppleWebKit/537.36 (KHTML, like Gecko) Chrome/146.0.0.0 Safari/537.36 Edg/146.0.0.0"
::1 - - [06/Apr/2026:16:20:02 +0000] "GET /dashboard/fortigate.php?device=fg-oficina&endpoint=firewall/session&start=0&count=50 HTTP/1.1" 200 34668 "-" "-"
192.168.111.6 - - [06/Apr/2026:16:20:02 +0000] "GET /dashboard/proxy.php?action=sessions HTTP/1.1" 200 34724 "http://192.168.140.34/dashboard/" "Mozilla/5.0 (Windows NT 10.0; Win64; x64) AppleWebKit/537.36 (KHTML, like Gecko) Chrome/146.0.0.0 Safari/537.36 Edg/146.0.0.0"
::1 - - [06/Apr/2026:16:20:02 +0000] "GET /dashboard/fortigate.php?device=fg-oficina&endpoint=switch-controller/managed-switch&start=0&count=50 HTTP/1.1" 200 536 "-" "-"
192.168.111.6 - - [06/Apr/2026:16:20:02 +0000] "GET /dashboard/proxy.php?action=switches HTTP/1.1" 200 592 "http://192.168.140.34/dashboard/" "Mozilla/5.0 (Windows NT 10.0; Win64; x64) AppleWebKit/537.36 (KHTML, like Gecko) Chrome/146.0.0.0 Safari/537.36 Edg/146.0.0.0"
::1 - - [06/Apr/2026:16:20:02 +0000] "GET /dashboard/fortigate.php?device=fg-oficina&endpoint=wifi/client&start=0&count=100 HTTP/1.1" 200 31095 "-" "-"
192.168.111.6 - - [06/Apr/2026:16:20:02 +0000] "GET /dashboard/proxy.php?action=clients HTTP/1.1" 200 31151 "http://192.168.140.34/dashboard/" "Mozilla/5.0 (Windows NT 10.0; Win64; x64) AppleWebKit/537.36 (KHTML, like Gecko) Chrome/146.0.0.0 Safari/537.36 Edg/146.0.0.0"
192.168.111.6 - - [06/Apr/2026:16:20:03 +0000] "GET /dashboard/ HTTP/1.1" 200 4846 "-" "Mozilla/5.0 (Windows NT 10.0; Win64; x64) AppleWebKit/537.36 (KHTML, like Gecko) Chrome/146.0.0.0 Safari/537.36 Edg/146.0.0.0"
192.168.111.6 - - [06/Apr/2026:16:20:03 +0000] "GET /dashboard/proxy.php?action=entity&entity=sensor.agnov_fg_wifi_clients_ssid1 HTTP/1.1" 200 690 "http://192.168.140.34/dashboard/" "Mozilla/5.0 (Windows NT 10.0; Win64; x64) AppleWebKit/537.36 (KHTML, like Gecko) Chrome/146.0.0.0 Safari/537.36 Edg/146.0.0.0"
::1 - - [06/Apr/2026:16:20:03 +0000] "GET /dashboard/fortigate.php?device=fg-oficina&endpoint=switch-controller/managed-switch&start=0&count=50 HTTP/1.1" 200 536 "-" "-"
::1 - - [06/Apr/2026:16:20:03 +0000] "GET /dashboard/fortigate.php?device=fg-oficina&endpoint=firewall/session&start=0&count=50 HTTP/1.1" 200 34668 "-" "-"
192.168.111.6 - - [06/Apr/2026:16:20:03 +0000] "GET /dashboard/proxy.php?action=switches HTTP/1.1" 200 591 "http://192.168.140.34/dashboard/" "Mozilla/5.0 (Windows NT 10.0; Win64; x64) AppleWebKit/537.36 (KHTML, like Gecko) Chrome/146.0.0.0 Safari/537.36 Edg/146.0.0.0"
192.168.111.6 - - [06/Apr/2026:16:20:03 +0000] "GET /dashboard/proxy.php?action=sessions HTTP/1.1" 200 34723 "http://192.168.140.34/dashboard/" "Mozilla/5.0 (Windows NT 10.0; Win64; x64) AppleWebKit/537.36 (KHTML, like Gecko) Chrome/146.0.0.0 Safari/537.36 Edg/146.0.0.0"
::1 - - [06/Apr/2026:16:20:03 +0000] "GET /dashboard/fortigate.php?device=fg-oficina&endpoint=wifi/managed_ap&start=0&count=50 HTTP/1.1" 200 20898 "-" "-"
192.168.111.6 - - [06/Apr/2026:16:20:03 +0000] "GET /dashboard/proxy.php?action=aps HTTP/1.1" 200 20953 "http://192.168.140.34/dashboard/" "Mozilla/5.0 (Windows NT 10.0; Win64; x64) AppleWebKit/537.36 (KHTML, like Gecko) Chrome/146.0.0.0 Safari/537.36 Edg/146.0.0.0"
192.168.111.6 - - [06/Apr/2026:16:20:03 +0000] "GET /dashboard/proxy.php?action=entity&entity=sensor.agnov_fg_wifi_clients_ssid2 HTTP/1.1" 200 689 "http://192.168.140.34/dashboard/" "Mozilla/5.0 (Windows NT 10.0; Win64; x64) AppleWebKit/537.36 (KHTML, like Gecko) Chrome/146.0.0.0 Safari/537.36 Edg/146.0.0.0"
192.168.111.6 - - [06/Apr/2026:16:20:03 +0000] "GET /dashboard/proxy.php?action=entity&entity=sensor.agnov_fg_wifi_clients HTTP/1.1" 200 678 "http://192.168.140.34/dashboard/" "Mozilla/5.0 (Windows NT 10.0; Win64; x64) AppleWebKit/537.36 (KHTML, like Gecko) Chrome/146.0.0.0 Safari/537.36 Edg/146.0.0.0"
::1 - - [06/Apr/2026:16:20:03 +0000] "GET /dashboard/fortigate.php?device=fg-oficina&endpoint=system/dhcp&start=0&count=100 HTTP/1.1" 200 23890 "-" "-"
192.168.111.6 - - [06/Apr/2026:16:20:03 +0000] "GET /dashboard/proxy.php?action=dhcp HTTP/1.1" 200 23945 "http://192.168.140.34/dashboard/" "Mozilla/5.0 (Windows NT 10.0; Win64; x64) AppleWebKit/537.36 (KHTML, like Gecko) Chrome/146.0.0.0 Safari/537.36 Edg/146.0.0.0"
192.168.111.6 - - [06/Apr/2026:16:20:03 +0000] "GET /dashboard/proxy.php?action=clients HTTP/1.1" 200 31021 "http://192.168.140.34/dashboard/" "Mozilla/5.0 (Windows NT 10.0; Win64; x64) AppleWebKit/537.36 (KHTML, like Gecko) Chrome/146.0.0.0 Safari/537.36 Edg/146.0.0.0"
::1 - - [06/Apr/2026:16:20:03 +0000] "GET /dashboard/fortigate.php?device=fg-oficina&endpoint=wifi/client&start=0&count=100 HTTP/1.1" 200 30966 "-" "-"
::1 - - [06/Apr/2026:16:20:11 +0000] "OPTIONS * HTTP/1.0" 200 126 "-" "Apache/2.4.66 (Debian) (internal dummy connection)"
::1 - - [06/Apr/2026:16:20:33 +0000] "GET /dashboard/fortigate.php?device=fg-oficina&endpoint=firewall/session&start=0&count=50 HTTP/1.1" 200 35340 "-" "-"
::1 - - [06/Apr/2026:16:20:33 +0000] "GET /dashboard/proxy.php?action=sessions HTTP/1.1" 200 35340 "-" "curl/8.14.1"
::1 - - [06/Apr/2026:16:20:46 +0000] "GET /dashboard/fortigate.php?device=fg-oficina&endpoint=firewall/session&start=0&count=50 HTTP/1.1" 200 35341 "-" "-"
::1 - - [06/Apr/2026:16:20:46 +0000] "GET /dashboard/proxy.php?action=sessions HTTP/1.1" 200 35341 "-" "curl/8.14.1"
::1 - - [06/Apr/2026:16:20:53 +0000] "GET /dashboard/fortigate.php?device=all&endpoint=firewall/session&count=5 HTTP/1.1" 200 30396 "-" "curl/8.14.1"
192.168.111.6 - - [06/Apr/2026:16:21:03 +0000] "GET /dashboard/proxy.php?action=entity&entity=sensor.agnov_fg_wifi_clients_ssid1 HTTP/1.1" 200 691 "http://192.168.140.34/dashboard/" "Mozilla/5.0 (Windows NT 10.0; Win64; x64) AppleWebKit/537.36 (KHTML, like Gecko) Chrome/146.0.0.0 Safari/537.36 Edg/146.0.0.0"
192.168.111.6 - - [06/Apr/2026:16:21:03 +0000] "GET /dashboard/proxy.php?action=entity&entity=sensor.agnov_fg_wifi_clients_ssid2 HTTP/1.1" 200 689 "http://192.168.140.34/dashboard/" "Mozilla/5.0 (Windows NT 10.0; Win64; x64) AppleWebKit/537.36 (KHTML, like Gecko) Chrome/146.0.0.0 Safari/537.36 Edg/146.0.0.0"
::1 - - [06/Apr/2026:16:21:03 +0000] "GET /dashboard/fortigate.php?device=fg-oficina&endpoint=wifi/managed_ap&start=0&count=50 HTTP/1.1" 200 20905 "-" "-"
192.168.111.6 - - [06/Apr/2026:16:21:03 +0000] "GET /dashboard/proxy.php?action=aps HTTP/1.1" 200 20961 "http://192.168.140.34/dashboard/" "Mozilla/5.0 (Windows NT 10.0; Win64; x64) AppleWebKit/537.36 (KHTML, like Gecko) Chrome/146.0.0.0 Safari/537.36 Edg/146.0.0.0"
192.168.111.6 - - [06/Apr/2026:16:21:03 +0000] "GET /dashboard/proxy.php?action=entity&entity=sensor.agnov_fg_wifi_clients HTTP/1.1" 200 678 "http://192.168.140.34/dashboard/" "Mozilla/5.0 (Windows NT 10.0; Win64; x64) AppleWebKit/537.36 (KHTML, like Gecko) Chrome/146.0.0.0 Safari/537.36 Edg/146.0.0.0"
::1 - - [06/Apr/2026:16:21:03 +0000] "GET /dashboard/fortigate.php?device=fg-oficina&endpoint=system/dhcp&start=0&count=100 HTTP/1.1" 200 23890 "-" "-"
192.168.111.6 - - [06/Apr/2026:16:21:03 +0000] "GET /dashboard/proxy.php?action=dhcp HTTP/1.1" 200 23946 "http://192.168.140.34/dashboard/" "Mozilla/5.0 (Windows NT 10.0; Win64; x64) AppleWebKit/537.36 (KHTML, like Gecko) Chrome/146.0.0.0 Safari/537.36 Edg/146.0.0.0"
::1 - - [06/Apr/2026:16:21:03 +0000] "GET /dashboard/fortigate.php?device=fg-oficina&endpoint=switch-controller/managed-switch&start=0&count=50 HTTP/1.1" 200 536 "-" "-"
192.168.111.6 - - [06/Apr/2026:16:21:03 +0000] "GET /dashboard/proxy.php?action=switches HTTP/1.1" 200 592 "http://192.168.140.34/dashboard/" "Mozilla/5.0 (Windows NT 10.0; Win64; x64) AppleWebKit/537.36 (KHTML, like Gecko) Chrome/146.0.0.0 Safari/537.36 Edg/146.0.0.0"
::1 - - [06/Apr/2026:16:21:03 +0000] "GET /dashboard/fortigate.php?device=fg-oficina&endpoint=firewall/session&start=0&count=50 HTTP/1.1" 200 35306 "-" "-"
192.168.111.6 - - [06/Apr/2026:16:21:03 +0000] "GET /dashboard/proxy.php?action=sessions HTTP/1.1" 200 35362 "http://192.168.140.34/dashboard/" "Mozilla/5.0 (Windows NT 10.0; Win64; x64) AppleWebKit/537.36 (KHTML, like Gecko) Chrome/146.0.0.0 Safari/537.36 Edg/146.0.0.0"
::1 - - [06/Apr/2026:16:21:03 +0000] "GET /dashboard/fortigate.php?device=fg-oficina&endpoint=wifi/client&start=0&count=100 HTTP/1.1" 200 30710 "-" "-"
192.168.111.6 - - [06/Apr/2026:16:21:03 +0000] "GET /dashboard/proxy.php?action=clients HTTP/1.1" 200 30766 "http://192.168.140.34/dashboard/" "Mozilla/5.0 (Windows NT 10.0; Win64; x64) AppleWebKit/537.36 (KHTML, like Gecko) Chrome/146.0.0.0 Safari/537.36 Edg/146.0.0.0"
::1 - - [06/Apr/2026:16:21:10 +0000] "OPTIONS * HTTP/1.0" 200 126 "-" "Apache/2.4.66 (Debian) (internal dummy connection)"
192.168.111.6 - - [06/Apr/2026:16:21:54 +0000] "GET /dashboard/ HTTP/1.1" 200 5062 "-" "Mozilla/5.0 (Windows NT 10.0; Win64; x64) AppleWebKit/537.36 (KHTML, like Gecko) Chrome/146.0.0.0 Safari/537.36 Edg/146.0.0.0"
192.168.111.6 - - [06/Apr/2026:16:21:55 +0000] "GET /dashboard/lib/chart.min.js HTTP/1.1" 200 70161 "http://192.168.140.34/dashboard/" "Mozilla/5.0 (Windows NT 10.0; Win64; x64) AppleWebKit/537.36 (KHTML, like Gecko) Chrome/146.0.0.0 Safari/537.36 Edg/146.0.0.0"
192.168.111.6 - - [06/Apr/2026:16:21:57 +0000] "GET /dashboard/proxy.php?action=entity&entity=sensor.agnov_fg_wifi_clients_ssid1 HTTP/1.1" 200 690 "http://192.168.140.34/dashboard/" "Mozilla/5.0 (Windows NT 10.0; Win64; x64) AppleWebKit/537.36 (KHTML, like Gecko) Chrome/146.0.0.0 Safari/537.36 Edg/146.0.0.0"
192.168.111.6 - - [06/Apr/2026:16:21:58 +0000] "GET /dashboard/proxy.php?action=entity&entity=sensor.agnov_fg_wifi_clients_ssid2 HTTP/1.1" 200 689 "http://192.168.140.34/dashboard/" "Mozilla/5.0 (Windows NT 10.0; Win64; x64) AppleWebKit/537.36 (KHTML, like Gecko) Chrome/146.0.0.0 Safari/537.36 Edg/146.0.0.0"
192.168.111.6 - - [06/Apr/2026:16:21:58 +0000] "GET /dashboard/proxy.php?action=entity&entity=sensor.agnov_fg_wifi_clients HTTP/1.1" 200 678 "http://192.168.140.34/dashboard/" "Mozilla/5.0 (Windows NT 10.0; Win64; x64) AppleWebKit/537.36 (KHTML, like Gecko) Chrome/146.0.0.0 Safari/537.36 Edg/146.0.0.0"
::1 - - [06/Apr/2026:16:21:58 +0000] "GET /dashboard/fortigate.php?device=fg-oficina&endpoint=switch-controller/managed-switch&start=0&count=50 HTTP/1.1" 200 536 "-" "-"
192.168.111.6 - - [06/Apr/2026:16:21:58 +0000] "GET /dashboard/proxy.php?action=switches HTTP/1.1" 200 592 "http://192.168.140.34/dashboard/" "Mozilla/5.0 (Windows NT 10.0; Win64; x64) AppleWebKit/537.36 (KHTML, like Gecko) Chrome/146.0.0.0 Safari/537.36 Edg/146.0.0.0"
::1 - - [06/Apr/2026:16:21:57 +0000] "GET /dashboard/fortigate.php?device=fg-oficina&endpoint=wifi/managed_ap&start=0&count=50 HTTP/1.1" 200 20905 "-" "-"
192.168.111.6 - - [06/Apr/2026:16:21:57 +0000] "GET /dashboard/proxy.php?action=aps HTTP/1.1" 200 20961 "http://192.168.140.34/dashboard/" "Mozilla/5.0 (Windows NT 10.0; Win64; x64) AppleWebKit/537.36 (KHTML, like Gecko) Chrome/146.0.0.0 Safari/537.36 Edg/146.0.0.0"
::1 - - [06/Apr/2026:16:21:58 +0000] "GET /dashboard/fortigate.php?device=fg-oficina&endpoint=system/dhcp&start=0&count=100 HTTP/1.1" 200 23890 "-" "-"
192.168.111.6 - - [06/Apr/2026:16:21:58 +0000] "GET /dashboard/proxy.php?action=dhcp HTTP/1.1" 200 23946 "http://192.168.140.34/dashboard/" "Mozilla/5.0 (Windows NT 10.0; Win64; x64) AppleWebKit/537.36 (KHTML, like Gecko) Chrome/146.0.0.0 Safari/537.36 Edg/146.0.0.0"
::1 - - [06/Apr/2026:16:22:11 +0000] "GET /dashboard/fortigate.php?device=all&endpoint=firewall/session&count=10 HTTP/1.1" 200 30270 "-" "curl/8.14.1"
::1 - - [06/Apr/2026:16:21:47 +0000] "GET /dashboard/fortigate.php?device=all&endpoint=firewall/session&count=100 HTTP/1.1" 200 148418 "-" "curl/8.14.1"
::1 - - [06/Apr/2026:16:21:57 +0000] "GET /dashboard/fortigate.php?device=fg-oficina&endpoint=wifi/client&start=0&count=100 HTTP/1.1" 200 30688 "-" "-"
192.168.111.6 - - [06/Apr/2026:16:21:57 +0000] "GET /dashboard/proxy.php?action=clients HTTP/1.1" 200 30744 "http://192.168.140.34/dashboard/" "Mozilla/5.0 (Windows NT 10.0; Win64; x64) AppleWebKit/537.36 (KHTML, like Gecko) Chrome/146.0.0.0 Safari/537.36 Edg/146.0.0.0"
::1 - - [06/Apr/2026:16:22:13 +0000] "OPTIONS * HTTP/1.0" 200 126 "-" "Apache/2.4.66 (Debian) (internal dummy connection)"
::1 - - [06/Apr/2026:16:22:14 +0000] "OPTIONS * HTTP/1.0" 200 126 "-" "Apache/2.4.66 (Debian) (internal dummy connection)"
::1 - - [06/Apr/2026:16:22:15 +0000] "OPTIONS * HTTP/1.0" 200 126 "-" "Apache/2.4.66 (Debian) (internal dummy connection)"
::1 - - [06/Apr/2026:16:22:19 +0000] "OPTIONS * HTTP/1.0" 200 126 "-" "Apache/2.4.66 (Debian) (internal dummy connection)"
::1 - - [06/Apr/2026:16:22:20 +0000] "OPTIONS * HTTP/1.0" 200 126 "-" "Apache/2.4.66 (Debian) (internal dummy connection)"
::1 - - [06/Apr/2026:16:22:21 +0000] "OPTIONS * HTTP/1.0" 200 126 "-" "Apache/2.4.66 (Debian) (internal dummy connection)"
::1 - - [06/Apr/2026:16:22:22 +0000] "OPTIONS * HTTP/1.0" 200 126 "-" "Apache/2.4.66 (Debian) (internal dummy connection)"
::1 - - [06/Apr/2026:16:22:36 +0000] "GET /dashboard/fortigate.php?device=all&endpoint=firewall/session&count=100 HTTP/1.1" 200 148320 "-" "curl/8.14.1"
192.168.111.6 - - [06/Apr/2026:16:22:57 +0000] "GET /dashboard/proxy.php?action=entity&entity=sensor.agnov_fg_wifi_clients_ssid1 HTTP/1.1" 200 691 "http://192.168.140.34/dashboard/" "Mozilla/5.0 (Windows NT 10.0; Win64; x64) AppleWebKit/537.36 (KHTML, like Gecko) Chrome/146.0.0.0 Safari/537.36 Edg/146.0.0.0"
::1 - - [06/Apr/2026:16:22:57 +0000] "GET /dashboard/fortigate.php?device=fg-oficina&endpoint=switch-controller/managed-switch&start=0&count=50 HTTP/1.1" 200 536 "-" "-"
192.168.111.6 - - [06/Apr/2026:16:22:57 +0000] "GET /dashboard/proxy.php?action=switches HTTP/1.1" 200 592 "http://192.168.140.34/dashboard/" "Mozilla/5.0 (Windows NT 10.0; Win64; x64) AppleWebKit/537.36 (KHTML, like Gecko) Chrome/146.0.0.0 Safari/537.36 Edg/146.0.0.0"
::1 - - [06/Apr/2026:16:22:57 +0000] "GET /dashboard/fortigate.php?device=fg-oficina&endpoint=wifi/managed_ap&start=0&count=50 HTTP/1.1" 200 20909 "-" "-"
192.168.111.6 - - [06/Apr/2026:16:22:57 +0000] "GET /dashboard/proxy.php?action=aps HTTP/1.1" 200 20965 "http://192.168.140.34/dashboard/" "Mozilla/5.0 (Windows NT 10.0; Win64; x64) AppleWebKit/537.36 (KHTML, like Gecko) Chrome/146.0.0.0 Safari/537.36 Edg/146.0.0.0"
::1 - - [06/Apr/2026:16:22:57 +0000] "GET /dashboard/fortigate.php?device=fg-oficina&endpoint=system/dhcp&start=0&count=100 HTTP/1.1" 200 23890 "-" "-"
192.168.111.6 - - [06/Apr/2026:16:22:57 +0000] "GET /dashboard/proxy.php?action=dhcp HTTP/1.1" 200 23946 "http://192.168.140.34/dashboard/" "Mozilla/5.0 (Windows NT 10.0; Win64; x64) AppleWebKit/537.36 (KHTML, like Gecko) Chrome/146.0.0.0 Safari/537.36 Edg/146.0.0.0"
192.168.111.6 - - [06/Apr/2026:16:22:58 +0000] "GET /dashboard/proxy.php?action=entity&entity=sensor.agnov_fg_wifi_clients_ssid2 HTTP/1.1" 200 689 "http://192.168.140.34/dashboard/" "Mozilla/5.0 (Windows NT 10.0; Win64; x64) AppleWebKit/537.36 (KHTML, like Gecko) Chrome/146.0.0.0 Safari/537.36 Edg/146.0.0.0"
::1 - - [06/Apr/2026:16:22:57 +0000] "GET /dashboard/fortigate.php?device=fg-oficina&endpoint=wifi/client&start=0&count=100 HTTP/1.1" 200 30695 "-" "-"
192.168.111.6 - - [06/Apr/2026:16:22:57 +0000] "GET /dashboard/proxy.php?action=clients HTTP/1.1" 200 30751 "http://192.168.140.34/dashboard/" "Mozilla/5.0 (Windows NT 10.0; Win64; x64) AppleWebKit/537.36 (KHTML, like Gecko) Chrome/146.0.0.0 Safari/537.36 Edg/146.0.0.0"
192.168.111.6 - - [06/Apr/2026:16:22:58 +0000] "GET /dashboard/proxy.php?action=entity&entity=sensor.agnov_fg_wifi_clients HTTP/1.1" 200 678 "http://192.168.140.34/dashboard/" "Mozilla/5.0 (Windows NT 10.0; Win64; x64) AppleWebKit/537.36 (KHTML, like Gecko) Chrome/146.0.0.0 Safari/537.36 Edg/146.0.0.0"
::1 - - [06/Apr/2026:16:23:06 +0000] "OPTIONS * HTTP/1.0" 200 126 "-" "Apache/2.4.66 (Debian) (internal dummy connection)"
::1 - - [06/Apr/2026:16:23:47 +0000] "GET /dashboard/fortigate.php?device=fg-data&endpoint=firewall/session&count=50 HTTP/1.1" 200 34978 "-" "curl/8.14.1"
192.168.111.6 - - [06/Apr/2026:16:23:57 +0000] "GET /dashboard/proxy.php?action=entity&entity=sensor.agnov_fg_wifi_clients_ssid1 HTTP/1.1" 200 691 "http://192.168.140.34/dashboard/" "Mozilla/5.0 (Windows NT 10.0; Win64; x64) AppleWebKit/537.36 (KHTML, like Gecko) Chrome/146.0.0.0 Safari/537.36 Edg/146.0.0.0"
192.168.111.6 - - [06/Apr/2026:16:23:57 +0000] "GET /dashboard/proxy.php?action=entity&entity=sensor.agnov_fg_wifi_clients_ssid2 HTTP/1.1" 200 689 "http://192.168.140.34/dashboard/" "Mozilla/5.0 (Windows NT 10.0; Win64; x64) AppleWebKit/537.36 (KHTML, like Gecko) Chrome/146.0.0.0 Safari/537.36 Edg/146.0.0.0"
192.168.111.6 - - [06/Apr/2026:16:23:57 +0000] "GET /dashboard/proxy.php?action=entity&entity=sensor.agnov_fg_wifi_clients HTTP/1.1" 200 678 "http://192.168.140.34/dashboard/" "Mozilla/5.0 (Windows NT 10.0; Win64; x64) AppleWebKit/537.36 (KHTML, like Gecko) Chrome/146.0.0.0 Safari/537.36 Edg/146.0.0.0"
::1 - - [06/Apr/2026:16:23:57 +0000] "GET /dashboard/fortigate.php?device=fg-oficina&endpoint=switch-controller/managed-switch&start=0&count=50 HTTP/1.1" 200 536 "-" "-"
192.168.111.6 - - [06/Apr/2026:16:23:57 +0000] "GET /dashboard/proxy.php?action=switches HTTP/1.1" 200 592 "http://192.168.140.34/dashboard/" "Mozilla/5.0 (Windows NT 10.0; Win64; x64) AppleWebKit/537.36 (KHTML, like Gecko) Chrome/146.0.0.0 Safari/537.36 Edg/146.0.0.0"
::1 - - [06/Apr/2026:16:23:57 +0000] "GET /dashboard/fortigate.php?device=fg-oficina&endpoint=wifi/managed_ap&start=0&count=50 HTTP/1.1" 200 20905 "-" "-"
192.168.111.6 - - [06/Apr/2026:16:23:57 +0000] "GET /dashboard/proxy.php?action=aps HTTP/1.1" 200 20961 "http://192.168.140.34/dashboard/" "Mozilla/5.0 (Windows NT 10.0; Win64; x64) AppleWebKit/537.36 (KHTML, like Gecko) Chrome/146.0.0.0 Safari/537.36 Edg/146.0.0.0"
::1 - - [06/Apr/2026:16:23:57 +0000] "GET /dashboard/fortigate.php?device=fg-oficina&endpoint=system/dhcp&start=0&count=100 HTTP/1.1" 200 23890 "-" "-"
192.168.111.6 - - [06/Apr/2026:16:23:57 +0000] "GET /dashboard/proxy.php?action=dhcp HTTP/1.1" 200 23946 "http://192.168.140.34/dashboard/" "Mozilla/5.0 (Windows NT 10.0; Win64; x64) AppleWebKit/537.36 (KHTML, like Gecko) Chrome/146.0.0.0 Safari/537.36 Edg/146.0.0.0"
::1 - - [06/Apr/2026:16:23:57 +0000] "GET /dashboard/fortigate.php?device=fg-oficina&endpoint=wifi/client&start=0&count=100 HTTP/1.1" 200 30747 "-" "-"
192.168.111.6 - - [06/Apr/2026:16:23:57 +0000] "GET /dashboard/proxy.php?action=clients HTTP/1.1" 200 30803 "http://192.168.140.34/dashboard/" "Mozilla/5.0 (Windows NT 10.0; Win64; x64) AppleWebKit/537.36 (KHTML, like Gecko) Chrome/146.0.0.0 Safari/537.36 Edg/146.0.0.0"
::1 - - [06/Apr/2026:16:24:30 +0000] "GET /dashboard/fortigate.php?device=all&endpoint=firewall/session&start=0&count=2000 HTTP/1.1" 200 1479396 "-" "-"
::1 - - [06/Apr/2026:16:24:30 +0000] "GET /dashboard/proxy.php?action=sessions HTTP/1.1" 200 1293376 "-" "curl/8.14.1"
::1 - - [06/Apr/2026:16:24:44 +0000] "GET /dashboard/fortigate.php?device=all&endpoint=firewall/session&start=0&count=2000 HTTP/1.1" 200 1486649 "-" "-"
::1 - - [06/Apr/2026:16:24:44 +0000] "GET /dashboard/proxy.php?action=sessions HTTP/1.1" 200 1486644 "-" "curl/8.14.1"
::1 - - [06/Apr/2026:16:24:52 +0000] "GET /dashboard/fortigate.php?device=all&endpoint=firewall/session&start=0&count=2000 HTTP/1.1" 200 1486469 "-" "-"
::1 - - [06/Apr/2026:16:24:52 +0000] "GET /dashboard/proxy.php?action=sessions HTTP/1.1" 200 524288 "-" "curl/8.14.1"
192.168.111.6 - - [06/Apr/2026:16:24:57 +0000] "GET /dashboard/proxy.php?action=entity&entity=sensor.agnov_fg_wifi_clients_ssid1 HTTP/1.1" 200 691 "http://192.168.140.34/dashboard/" "Mozilla/5.0 (Windows NT 10.0; Win64; x64) AppleWebKit/537.36 (KHTML, like Gecko) Chrome/146.0.0.0 Safari/537.36 Edg/146.0.0.0"
192.168.111.6 - - [06/Apr/2026:16:24:57 +0000] "GET /dashboard/proxy.php?action=entity&entity=sensor.agnov_fg_wifi_clients_ssid2 HTTP/1.1" 200 689 "http://192.168.140.34/dashboard/" "Mozilla/5.0 (Windows NT 10.0; Win64; x64) AppleWebKit/537.36 (KHTML, like Gecko) Chrome/146.0.0.0 Safari/537.36 Edg/146.0.0.0"
::1 - - [06/Apr/2026:16:24:57 +0000] "GET /dashboard/fortigate.php?device=fg-oficina&endpoint=switch-controller/managed-switch&start=0&count=50 HTTP/1.1" 200 536 "-" "-"
192.168.111.6 - - [06/Apr/2026:16:24:57 +0000] "GET /dashboard/proxy.php?action=switches HTTP/1.1" 200 592 "http://192.168.140.34/dashboard/" "Mozilla/5.0 (Windows NT 10.0; Win64; x64) AppleWebKit/537.36 (KHTML, like Gecko) Chrome/146.0.0.0 Safari/537.36 Edg/146.0.0.0"
::1 - - [06/Apr/2026:16:24:57 +0000] "GET /dashboard/fortigate.php?device=fg-oficina&endpoint=wifi/managed_ap&start=0&count=50 HTTP/1.1" 200 20900 "-" "-"
192.168.111.6 - - [06/Apr/2026:16:24:57 +0000] "GET /dashboard/proxy.php?action=aps HTTP/1.1" 200 20956 "http://192.168.140.34/dashboard/" "Mozilla/5.0 (Windows NT 10.0; Win64; x64) AppleWebKit/537.36 (KHTML, like Gecko) Chrome/146.0.0.0 Safari/537.36 Edg/146.0.0.0"
192.168.111.6 - - [06/Apr/2026:16:24:57 +0000] "GET /dashboard/proxy.php?action=entity&entity=sensor.agnov_fg_wifi_clients HTTP/1.1" 200 678 "http://192.168.140.34/dashboard/" "Mozilla/5.0 (Windows NT 10.0; Win64; x64) AppleWebKit/537.36 (KHTML, like Gecko) Chrome/146.0.0.0 Safari/537.36 Edg/146.0.0.0"
::1 - - [06/Apr/2026:16:24:57 +0000] "GET /dashboard/fortigate.php?device=fg-oficina&endpoint=system/dhcp&start=0&count=100 HTTP/1.1" 200 23890 "-" "-"
192.168.111.6 - - [06/Apr/2026:16:24:57 +0000] "GET /dashboard/proxy.php?action=dhcp HTTP/1.1" 200 23946 "http://192.168.140.34/dashboard/" "Mozilla/5.0 (Windows NT 10.0; Win64; x64) AppleWebKit/537.36 (KHTML, like Gecko) Chrome/146.0.0.0 Safari/537.36 Edg/146.0.0.0"
::1 - - [06/Apr/2026:16:24:57 +0000] "GET /dashboard/fortigate.php?device=fg-oficina&endpoint=wifi/client&start=0&count=100 HTTP/1.1" 200 30651 "-" "-"
192.168.111.6 - - [06/Apr/2026:16:24:57 +0000] "GET /dashboard/proxy.php?action=clients HTTP/1.1" 200 30707 "http://192.168.140.34/dashboard/" "Mozilla/5.0 (Windows NT 10.0; Win64; x64) AppleWebKit/537.36 (KHTML, like Gecko) Chrome/146.0.0.0 Safari/537.36 Edg/146.0.0.0"
192.168.111.6 - - [06/Apr/2026:16:25:00 +0000] "GET /dashboard/ HTTP/1.1" 200 5061 "-" "Mozilla/5.0 (Windows NT 10.0; Win64; x64) AppleWebKit/537.36 (KHTML, like Gecko) Chrome/146.0.0.0 Safari/537.36 Edg/146.0.0.0"
192.168.111.6 - - [06/Apr/2026:16:25:00 +0000] "GET /dashboard/home-assistant/config.js HTTP/1.1" 200 1566 "http://192.168.140.34/dashboard/" "Mozilla/5.0 (Windows NT 10.0; Win64; x64) AppleWebKit/537.36 (KHTML, like Gecko) Chrome/146.0.0.0 Safari/537.36 Edg/146.0.0.0"
192.168.111.6 - - [06/Apr/2026:16:25:01 +0000] "GET /dashboard/proxy.php?action=entity&entity=sensor.agnov_fg_wifi_clients_ssid1 HTTP/1.1" 200 690 "http://192.168.140.34/dashboard/" "Mozilla/5.0 (Windows NT 10.0; Win64; x64) AppleWebKit/537.36 (KHTML, like Gecko) Chrome/146.0.0.0 Safari/537.36 Edg/146.0.0.0"
192.168.111.6 - - [06/Apr/2026:16:25:01 +0000] "GET /dashboard/proxy.php?action=entity&entity=sensor.agnov_fg_wifi_clients_ssid2 HTTP/1.1" 200 689 "http://192.168.140.34/dashboard/" "Mozilla/5.0 (Windows NT 10.0; Win64; x64) AppleWebKit/537.36 (KHTML, like Gecko) Chrome/146.0.0.0 Safari/537.36 Edg/146.0.0.0"
192.168.111.6 - - [06/Apr/2026:16:25:01 +0000] "GET /dashboard/proxy.php?action=entity&entity=sensor.agnov_fg_wifi_clients HTTP/1.1" 200 678 "http://192.168.140.34/dashboard/" "Mozilla/5.0 (Windows NT 10.0; Win64; x64) AppleWebKit/537.36 (KHTML, like Gecko) Chrome/146.0.0.0 Safari/537.36 Edg/146.0.0.0"
::1 - - [06/Apr/2026:16:25:01 +0000] "GET /dashboard/fortigate.php?device=fg-oficina&endpoint=switch-controller/managed-switch&start=0&count=50 HTTP/1.1" 200 536 "-" "-"
192.168.111.6 - - [06/Apr/2026:16:25:01 +0000] "GET /dashboard/proxy.php?action=switches HTTP/1.1" 200 591 "http://192.168.140.34/dashboard/" "Mozilla/5.0 (Windows NT 10.0; Win64; x64) AppleWebKit/537.36 (KHTML, like Gecko) Chrome/146.0.0.0 Safari/537.36 Edg/146.0.0.0"
::1 - - [06/Apr/2026:16:25:01 +0000] "GET /dashboard/fortigate.php?device=fg-oficina&endpoint=wifi/managed_ap&start=0&count=50 HTTP/1.1" 200 20900 "-" "-"
192.168.111.6 - - [06/Apr/2026:16:25:01 +0000] "GET /dashboard/proxy.php?action=aps HTTP/1.1" 200 20955 "http://192.168.140.34/dashboard/" "Mozilla/5.0 (Windows NT 10.0; Win64; x64) AppleWebKit/537.36 (KHTML, like Gecko) Chrome/146.0.0.0 Safari/537.36 Edg/146.0.0.0"
::1 - - [06/Apr/2026:16:25:01 +0000] "GET /dashboard/fortigate.php?device=fg-oficina&endpoint=system/dhcp&start=0&count=100 HTTP/1.1" 200 23890 "-" "-"
192.168.111.6 - - [06/Apr/2026:16:25:01 +0000] "GET /dashboard/proxy.php?action=dhcp HTTP/1.1" 200 23945 "http://192.168.140.34/dashboard/" "Mozilla/5.0 (Windows NT 10.0; Win64; x64) AppleWebKit/537.36 (KHTML, like Gecko) Chrome/146.0.0.0 Safari/537.36 Edg/146.0.0.0"
::1 - - [06/Apr/2026:16:25:01 +0000] "GET /dashboard/fortigate.php?device=fg-oficina&endpoint=wifi/client&start=0&count=100 HTTP/1.1" 200 30648 "-" "-"
192.168.111.6 - - [06/Apr/2026:16:25:01 +0000] "GET /dashboard/proxy.php?action=clients HTTP/1.1" 200 30703 "http://192.168.140.34/dashboard/" "Mozilla/5.0 (Windows NT 10.0; Win64; x64) AppleWebKit/537.36 (KHTML, like Gecko) Chrome/146.0.0.0 Safari/537.36 Edg/146.0.0.0"
192.168.111.6 - - [06/Apr/2026:16:25:02 +0000] "GET /dashboard/ HTTP/1.1" 200 5061 "-" "Mozilla/5.0 (Windows NT 10.0; Win64; x64) AppleWebKit/537.36 (KHTML, like Gecko) Chrome/146.0.0.0 Safari/537.36 Edg/146.0.0.0"
192.168.111.6 - - [06/Apr/2026:16:25:02 +0000] "GET /dashboard/home-assistant/config.js HTTP/1.1" 200 1566 "http://192.168.140.34/dashboard/" "Mozilla/5.0 (Windows NT 10.0; Win64; x64) AppleWebKit/537.36 (KHTML, like Gecko) Chrome/146.0.0.0 Safari/537.36 Edg/146.0.0.0"
192.168.111.6 - - [06/Apr/2026:16:25:02 +0000] "GET /dashboard/lib/chart.min.js HTTP/1.1" 200 70161 "http://192.168.140.34/dashboard/" "Mozilla/5.0 (Windows NT 10.0; Win64; x64) AppleWebKit/537.36 (KHTML, like Gecko) Chrome/146.0.0.0 Safari/537.36 Edg/146.0.0.0"
192.168.111.6 - - [06/Apr/2026:16:25:03 +0000] "GET /favicon.ico HTTP/1.1" 404 533 "http://192.168.140.34/dashboard/" "Mozilla/5.0 (Windows NT 10.0; Win64; x64) AppleWebKit/537.36 (KHTML, like Gecko) Chrome/146.0.0.0 Safari/537.36 Edg/146.0.0.0"
192.168.111.6 - - [06/Apr/2026:16:25:03 +0000] "GET /dashboard/proxy.php?action=entity&entity=sensor.agnov_fg_wifi_clients_ssid1 HTTP/1.1" 200 690 "http://192.168.140.34/dashboard/" "Mozilla/5.0 (Windows NT 10.0; Win64; x64) AppleWebKit/537.36 (KHTML, like Gecko) Chrome/146.0.0.0 Safari/537.36 Edg/146.0.0.0"
192.168.111.6 - - [06/Apr/2026:16:25:03 +0000] "GET /dashboard/proxy.php?action=entity&entity=sensor.agnov_fg_wifi_clients_ssid2 HTTP/1.1" 200 689 "http://192.168.140.34/dashboard/" "Mozilla/5.0 (Windows NT 10.0; Win64; x64) AppleWebKit/537.36 (KHTML, like Gecko) Chrome/146.0.0.0 Safari/537.36 Edg/146.0.0.0"
::1 - - [06/Apr/2026:16:25:03 +0000] "GET /dashboard/fortigate.php?device=fg-oficina&endpoint=switch-controller/managed-switch&start=0&count=50 HTTP/1.1" 200 536 "-" "-"
192.168.111.6 - - [06/Apr/2026:16:25:03 +0000] "GET /dashboard/proxy.php?action=entity&entity=sensor.agnov_fg_wifi_clients HTTP/1.1" 200 678 "http://192.168.140.34/dashboard/" "Mozilla/5.0 (Windows NT 10.0; Win64; x64) AppleWebKit/537.36 (KHTML, like Gecko) Chrome/146.0.0.0 Safari/537.36 Edg/146.0.0.0"
192.168.111.6 - - [06/Apr/2026:16:25:03 +0000] "GET /dashboard/proxy.php?action=switches HTTP/1.1" 200 591 "http://192.168.140.34/dashboard/" "Mozilla/5.0 (Windows NT 10.0; Win64; x64) AppleWebKit/537.36 (KHTML, like Gecko) Chrome/146.0.0.0 Safari/537.36 Edg/146.0.0.0"
::1 - - [06/Apr/2026:16:25:03 +0000] "GET /dashboard/fortigate.php?device=fg-oficina&endpoint=wifi/managed_ap&start=0&count=50 HTTP/1.1" 200 20900 "-" "-"
192.168.111.6 - - [06/Apr/2026:16:25:03 +0000] "GET /dashboard/proxy.php?action=aps HTTP/1.1" 200 20955 "http://192.168.140.34/dashboard/" "Mozilla/5.0 (Windows NT 10.0; Win64; x64) AppleWebKit/537.36 (KHTML, like Gecko) Chrome/146.0.0.0 Safari/537.36 Edg/146.0.0.0"
::1 - - [06/Apr/2026:16:25:03 +0000] "GET /dashboard/fortigate.php?device=fg-oficina&endpoint=system/dhcp&start=0&count=100 HTTP/1.1" 200 23890 "-" "-"
192.168.111.6 - - [06/Apr/2026:16:25:03 +0000] "GET /dashboard/proxy.php?action=dhcp HTTP/1.1" 200 23945 "http://192.168.140.34/dashboard/" "Mozilla/5.0 (Windows NT 10.0; Win64; x64) AppleWebKit/537.36 (KHTML, like Gecko) Chrome/146.0.0.0 Safari/537.36 Edg/146.0.0.0"
::1 - - [06/Apr/2026:16:25:03 +0000] "GET /dashboard/fortigate.php?device=fg-oficina&endpoint=wifi/client&start=0&count=100 HTTP/1.1" 200 30821 "-" "-"
192.168.111.6 - - [06/Apr/2026:16:25:03 +0000] "GET /dashboard/proxy.php?action=clients HTTP/1.1" 200 30876 "http://192.168.140.34/dashboard/" "Mozilla/5.0 (Windows NT 10.0; Win64; x64) AppleWebKit/537.36 (KHTML, like Gecko) Chrome/146.0.0.0 Safari/537.36 Edg/146.0.0.0"
192.168.111.6 - - [06/Apr/2026:16:25:08 +0000] "GET /dashboard/ HTTP/1.1" 200 5061 "-" "Mozilla/5.0 (Windows NT 10.0; Win64; x64) AppleWebKit/537.36 (KHTML, like Gecko) Chrome/146.0.0.0 Safari/537.36 Edg/146.0.0.0"
192.168.111.6 - - [06/Apr/2026:16:25:08 +0000] "GET /dashboard/proxy.php?action=entity&entity=sensor.agnov_fg_wifi_clients_ssid1 HTTP/1.1" 200 690 "http://192.168.140.34/dashboard/" "Mozilla/5.0 (Windows NT 10.0; Win64; x64) AppleWebKit/537.36 (KHTML, like Gecko) Chrome/146.0.0.0 Safari/537.36 Edg/146.0.0.0"
192.168.111.6 - - [06/Apr/2026:16:25:08 +0000] "GET /dashboard/proxy.php?action=entity&entity=sensor.agnov_fg_wifi_clients_ssid2 HTTP/1.1" 200 690 "http://192.168.140.34/dashboard/" "Mozilla/5.0 (Windows NT 10.0; Win64; x64) AppleWebKit/537.36 (KHTML, like Gecko) Chrome/146.0.0.0 Safari/537.36 Edg/146.0.0.0"
192.168.111.6 - - [06/Apr/2026:16:25:08 +0000] "GET /dashboard/proxy.php?action=entity&entity=sensor.agnov_fg_wifi_clients HTTP/1.1" 200 678 "http://192.168.140.34/dashboard/" "Mozilla/5.0 (Windows NT 10.0; Win64; x64) AppleWebKit/537.36 (KHTML, like Gecko) Chrome/146.0.0.0 Safari/537.36 Edg/146.0.0.0"
