::1 - - [06/Apr/2026:16:25:08 +0000] "GET /dashboard/fortigate.php?device=fg-oficina&endpoint=switch-controller/managed-switch&start=0&count=50 HTTP/1.1" 200 536 "-" "-"
192.168.111.6 - - [06/Apr/2026:16:25:08 +0000] "GET /dashboard/proxy.php?action=switches HTTP/1.1" 200 591 "http://192.168.140.34/dashboard/" "Mozilla/5.0 (Windows NT 10.0; Win64; x64) AppleWebKit/537.36 (KHTML, like Gecko) Chrome/146.0.0.0 Safari/537.36 Edg/146.0.0.0"
::1 - - [06/Apr/2026:16:25:08 +0000] "GET /dashboard/fortigate.php?device=fg-oficina&endpoint=wifi/managed_ap&start=0&count=50 HTTP/1.1" 200 20901 "-" "-"
192.168.111.6 - - [06/Apr/2026:16:25:08 +0000] "GET /dashboard/proxy.php?action=aps HTTP/1.1" 200 20957 "http://192.168.140.34/dashboard/" "Mozilla/5.0 (Windows NT 10.0; Win64; x64) AppleWebKit/537.36 (KHTML, like Gecko) Chrome/146.0.0.0 Safari/537.36 Edg/146.0.0.0"
::1 - - [06/Apr/2026:16:25:08 +0000] "GET /dashboard/fortigate.php?device=fg-oficina&endpoint=system/dhcp&start=0&count=100 HTTP/1.1" 200 23890 "-" "-"
192.168.111.6 - - [06/Apr/2026:16:25:08 +0000] "GET /dashboard/proxy.php?action=dhcp HTTP/1.1" 200 23946 "http://192.168.140.34/dashboard/" "Mozilla/5.0 (Windows NT 10.0; Win64; x64) AppleWebKit/537.36 (KHTML, like Gecko) Chrome/146.0.0.0 Safari/537.36 Edg/146.0.0.0"
::1 - - [06/Apr/2026:16:25:08 +0000] "GET /dashboard/fortigate.php?device=fg-oficina&endpoint=wifi/client&start=0&count=100 HTTP/1.1" 200 30657 "-" "-"
192.168.111.6 - - [06/Apr/2026:16:25:08 +0000] "GET /dashboard/proxy.php?action=clients HTTP/1.1" 200 30713 "http://192.168.140.34/dashboard/" "Mozilla/5.0 (Windows NT 10.0; Win64; x64) AppleWebKit/537.36 (KHTML, like Gecko) Chrome/146.0.0.0 Safari/537.36 Edg/146.0.0.0"
192.168.111.6 - - [06/Apr/2026:16:25:11 +0000] "GET /dashboard/lib/chart.umd.js.map HTTP/1.1" 404 532 "-" "Mozilla/5.0 (Windows NT 10.0; Win64; x64) AppleWebKit/537.36 (KHTML, like Gecko) Chrome/146.0.0.0 Safari/537.36 Edg/146.0.0.0"
::1 - - [06/Apr/2026:16:25:15 +0000] "OPTIONS * HTTP/1.0" 200 126 "-" "Apache/2.4.66 (Debian) (internal dummy connection)"
::1 - - [06/Apr/2026:16:25:16 +0000] "OPTIONS * HTTP/1.0" 200 126 "-" "Apache/2.4.66 (Debian) (internal dummy connection)"
::1 - - [06/Apr/2026:16:25:18 +0000] "OPTIONS * HTTP/1.0" 200 126 "-" "Apache/2.4.66 (Debian) (internal dummy connection)"
192.168.111.6 - - [06/Apr/2026:16:26:08 +0000] "GET /dashboard/proxy.php?action=entity&entity=sensor.agnov_fg_wifi_clients_ssid1 HTTP/1.1" 200 691 "http://192.168.140.34/dashboard/" "Mozilla/5.0 (Linux; Android 6.0; Nexus 5 Build/MRA58N) AppleWebKit/537.36 (KHTML, like Gecko) Chrome/146.0.0.0 Mobile Safari/537.36 Edg/146.0.0.0"
192.168.111.6 - - [06/Apr/2026:16:26:08 +0000] "GET /dashboard/proxy.php?action=entity&entity=sensor.agnov_fg_wifi_clients_ssid2 HTTP/1.1" 200 689 "http://192.168.140.34/dashboard/" "Mozilla/5.0 (Linux; Android 6.0; Nexus 5 Build/MRA58N) AppleWebKit/537.36 (KHTML, like Gecko) Chrome/146.0.0.0 Mobile Safari/537.36 Edg/146.0.0.0"
::1 - - [06/Apr/2026:16:26:08 +0000] "GET /dashboard/fortigate.php?device=fg-oficina&endpoint=switch-controller/managed-switch&start=0&count=50 HTTP/1.1" 200 536 "-" "-"
192.168.111.6 - - [06/Apr/2026:16:26:08 +0000] "GET /dashboard/proxy.php?action=switches HTTP/1.1" 200 592 "http://192.168.140.34/dashboard/" "Mozilla/5.0 (Linux; Android 6.0; Nexus 5 Build/MRA58N) AppleWebKit/537.36 (KHTML, like Gecko) Chrome/146.0.0.0 Mobile Safari/537.36 Edg/146.0.0.0"
192.168.111.6 - - [06/Apr/2026:16:26:08 +0000] "GET /dashboard/proxy.php?action=entity&entity=sensor.agnov_fg_wifi_clients HTTP/1.1" 200 678 "http://192.168.140.34/dashboard/" "Mozilla/5.0 (Linux; Android 6.0; Nexus 5 Build/MRA58N) AppleWebKit/537.36 (KHTML, like Gecko) Chrome/146.0.0.0 Mobile Safari/537.36 Edg/146.0.0.0"
::1 - - [06/Apr/2026:16:26:08 +0000] "GET /dashboard/fortigate.php?device=fg-oficina&endpoint=wifi/managed_ap&start=0&count=50 HTTP/1.1" 200 20902 "-" "-"
192.168.111.6 - - [06/Apr/2026:16:26:08 +0000] "GET /dashboard/proxy.php?action=aps HTTP/1.1" 200 20958 "http://192.168.140.34/dashboard/" "Mozilla/5.0 (Linux; Android 6.0; Nexus 5 Build/MRA58N) AppleWebKit/537.36 (KHTML, like Gecko) Chrome/146.0.0.0 Mobile Safari/537.36 Edg/146.0.0.0"
::1 - - [06/Apr/2026:16:26:08 +0000] "GET /dashboard/fortigate.php?device=fg-oficina&endpoint=system/dhcp&start=0&count=100 HTTP/1.1" 200 23890 "-" "-"
192.168.111.6 - - [06/Apr/2026:16:26:08 +0000] "GET /dashboard/proxy.php?action=dhcp HTTP/1.1" 200 23946 "http://192.168.140.34/dashboard/" "Mozilla/5.0 (Linux; Android 6.0; Nexus 5 Build/MRA58N) AppleWebKit/537.36 (KHTML, like Gecko) Chrome/146.0.0.0 Mobile Safari/537.36 Edg/146.0.0.0"
::1 - - [06/Apr/2026:16:26:08 +0000] "GET /dashboard/fortigate.php?device=fg-oficina&endpoint=wifi/client&start=0&count=100 HTTP/1.1" 200 30633 "-" "-"
192.168.111.6 - - [06/Apr/2026:16:26:08 +0000] "GET /dashboard/proxy.php?action=clients HTTP/1.1" 200 30689 "http://192.168.140.34/dashboard/" "Mozilla/5.0 (Linux; Android 6.0; Nexus 5 Build/MRA58N) AppleWebKit/537.36 (KHTML, like Gecko) Chrome/146.0.0.0 Mobile Safari/537.36 Edg/146.0.0.0"
192.168.140.34 - - [06/Apr/2026:16:26:09 +0000] "GET /dashboard/fortigate.php?device=all&endpoint=firewall/session&count=10 HTTP/1.1" 200 29924 "-" "curl/8.14.1"
::1 - - [06/Apr/2026:16:26:16 +0000] "OPTIONS * HTTP/1.0" 200 126 "-" "Apache/2.4.66 (Debian) (internal dummy connection)"
192.168.111.6 - - [06/Apr/2026:16:27:08 +0000] "GET /dashboard/proxy.php?action=entity&entity=sensor.agnov_fg_wifi_clients_ssid1 HTTP/1.1" 200 691 "http://192.168.140.34/dashboard/" "Mozilla/5.0 (Linux; Android 6.0; Nexus 5 Build/MRA58N) AppleWebKit/537.36 (KHTML, like Gecko) Chrome/146.0.0.0 Mobile Safari/537.36 Edg/146.0.0.0"
192.168.111.6 - - [06/Apr/2026:16:27:08 +0000] "GET /dashboard/proxy.php?action=entity&entity=sensor.agnov_fg_wifi_clients_ssid2 HTTP/1.1" 200 689 "http://192.168.140.34/dashboard/" "Mozilla/5.0 (Linux; Android 6.0; Nexus 5 Build/MRA58N) AppleWebKit/537.36 (KHTML, like Gecko) Chrome/146.0.0.0 Mobile Safari/537.36 Edg/146.0.0.0"
192.168.111.6 - - [06/Apr/2026:16:27:08 +0000] "GET /dashboard/proxy.php?action=entity&entity=sensor.agnov_fg_wifi_clients HTTP/1.1" 200 678 "http://192.168.140.34/dashboard/" "Mozilla/5.0 (Linux; Android 6.0; Nexus 5 Build/MRA58N) AppleWebKit/537.36 (KHTML, like Gecko) Chrome/146.0.0.0 Mobile Safari/537.36 Edg/146.0.0.0"
::1 - - [06/Apr/2026:16:27:08 +0000] "GET /dashboard/fortigate.php?device=fg-oficina&endpoint=switch-controller/managed-switch&start=0&count=50 HTTP/1.1" 200 536 "-" "-"
192.168.111.6 - - [06/Apr/2026:16:27:08 +0000] "GET /dashboard/proxy.php?action=switches HTTP/1.1" 200 592 "http://192.168.140.34/dashboard/" "Mozilla/5.0 (Linux; Android 6.0; Nexus 5 Build/MRA58N) AppleWebKit/537.36 (KHTML, like Gecko) Chrome/146.0.0.0 Mobile Safari/537.36 Edg/146.0.0.0"
::1 - - [06/Apr/2026:16:27:08 +0000] "GET /dashboard/fortigate.php?device=fg-oficina&endpoint=wifi/managed_ap&start=0&count=50 HTTP/1.1" 200 20905 "-" "-"
192.168.111.6 - - [06/Apr/2026:16:27:08 +0000] "GET /dashboard/proxy.php?action=aps HTTP/1.1" 200 20961 "http://192.168.140.34/dashboard/" "Mozilla/5.0 (Linux; Android 6.0; Nexus 5 Build/MRA58N) AppleWebKit/537.36 (KHTML, like Gecko) Chrome/146.0.0.0 Mobile Safari/537.36 Edg/146.0.0.0"
::1 - - [06/Apr/2026:16:27:08 +0000] "GET /dashboard/fortigate.php?device=fg-oficina&endpoint=system/dhcp&start=0&count=100 HTTP/1.1" 200 23890 "-" "-"
192.168.111.6 - - [06/Apr/2026:16:27:08 +0000] "GET /dashboard/proxy.php?action=dhcp HTTP/1.1" 200 23946 "http://192.168.140.34/dashboard/" "Mozilla/5.0 (Linux; Android 6.0; Nexus 5 Build/MRA58N) AppleWebKit/537.36 (KHTML, like Gecko) Chrome/146.0.0.0 Mobile Safari/537.36 Edg/146.0.0.0"
::1 - - [06/Apr/2026:16:27:08 +0000] "GET /dashboard/fortigate.php?device=fg-oficina&endpoint=wifi/client&start=0&count=100 HTTP/1.1" 200 31056 "-" "-"
192.168.111.6 - - [06/Apr/2026:16:27:08 +0000] "GET /dashboard/proxy.php?action=clients HTTP/1.1" 200 31112 "http://192.168.140.34/dashboard/" "Mozilla/5.0 (Linux; Android 6.0; Nexus 5 Build/MRA58N) AppleWebKit/537.36 (KHTML, like Gecko) Chrome/146.0.0.0 Mobile Safari/537.36 Edg/146.0.0.0"
::1 - - [06/Apr/2026:16:27:15 +0000] "OPTIONS * HTTP/1.0" 200 126 "-" "Apache/2.4.66 (Debian) (internal dummy connection)"
192.168.111.6 - - [06/Apr/2026:16:27:59 +0000] "GET /dashboard/ HTTP/1.1" 200 5070 "-" "Mozilla/5.0 (Linux; Android 6.0; Nexus 5 Build/MRA58N) AppleWebKit/537.36 (KHTML, like Gecko) Chrome/146.0.0.0 Mobile Safari/537.36 Edg/146.0.0.0"
192.168.111.6 - - [06/Apr/2026:16:28:00 +0000] "GET /dashboard/lib/chart.umd.js.map HTTP/1.1" 404 532 "-" "Mozilla/5.0 (Windows NT 10.0; Win64; x64) AppleWebKit/537.36 (KHTML, like Gecko) Chrome/146.0.0.0 Safari/537.36 Edg/146.0.0.0"
192.168.111.6 - - [06/Apr/2026:16:28:00 +0000] "GET /dashboard/proxy.php?action=entity&entity=sensor.agnov_fg_wifi_clients_ssid1 HTTP/1.1" 200 691 "http://192.168.140.34/dashboard/" "Mozilla/5.0 (Linux; Android 6.0; Nexus 5 Build/MRA58N) AppleWebKit/537.36 (KHTML, like Gecko) Chrome/146.0.0.0 Mobile Safari/537.36 Edg/146.0.0.0"
192.168.111.6 - - [06/Apr/2026:16:28:00 +0000] "GET /dashboard/proxy.php?action=entity&entity=sensor.agnov_fg_wifi_clients_ssid2 HTTP/1.1" 200 689 "http://192.168.140.34/dashboard/" "Mozilla/5.0 (Linux; Android 6.0; Nexus 5 Build/MRA58N) AppleWebKit/537.36 (KHTML, like Gecko) Chrome/146.0.0.0 Mobile Safari/537.36 Edg/146.0.0.0"
192.168.111.6 - - [06/Apr/2026:16:28:00 +0000] "GET /dashboard/proxy.php?action=entity&entity=sensor.agnov_fg_wifi_clients HTTP/1.1" 200 678 "http://192.168.140.34/dashboard/" "Mozilla/5.0 (Linux; Android 6.0; Nexus 5 Build/MRA58N) AppleWebKit/537.36 (KHTML, like Gecko) Chrome/146.0.0.0 Mobile Safari/537.36 Edg/146.0.0.0"
::1 - - [06/Apr/2026:16:28:00 +0000] "GET /dashboard/fortigate.php?device=fg-oficina&endpoint=switch-controller/managed-switch&start=0&count=50 HTTP/1.1" 200 536 "-" "-"
192.168.111.6 - - [06/Apr/2026:16:28:00 +0000] "GET /dashboard/proxy.php?action=switches HTTP/1.1" 200 592 "http://192.168.140.34/dashboard/" "Mozilla/5.0 (Linux; Android 6.0; Nexus 5 Build/MRA58N) AppleWebKit/537.36 (KHTML, like Gecko) Chrome/146.0.0.0 Mobile Safari/537.36 Edg/146.0.0.0"
::1 - - [06/Apr/2026:16:28:00 +0000] "GET /dashboard/fortigate.php?device=fg-oficina&endpoint=wifi/managed_ap&start=0&count=50 HTTP/1.1" 200 20899 "-" "-"
192.168.111.6 - - [06/Apr/2026:16:28:00 +0000] "GET /dashboard/proxy.php?action=aps HTTP/1.1" 200 20955 "http://192.168.140.34/dashboard/" "Mozilla/5.0 (Linux; Android 6.0; Nexus 5 Build/MRA58N) AppleWebKit/537.36 (KHTML, like Gecko) Chrome/146.0.0.0 Mobile Safari/537.36 Edg/146.0.0.0"
::1 - - [06/Apr/2026:16:28:00 +0000] "GET /dashboard/fortigate.php?device=fg-oficina&endpoint=system/dhcp&start=0&count=100 HTTP/1.1" 200 23890 "-" "-"
192.168.111.6 - - [06/Apr/2026:16:28:00 +0000] "GET /dashboard/proxy.php?action=dhcp HTTP/1.1" 200 23946 "http://192.168.140.34/dashboard/" "Mozilla/5.0 (Linux; Android 6.0; Nexus 5 Build/MRA58N) AppleWebKit/537.36 (KHTML, like Gecko) Chrome/146.0.0.0 Mobile Safari/537.36 Edg/146.0.0.0"
::1 - - [06/Apr/2026:16:28:00 +0000] "GET /dashboard/fortigate.php?device=fg-oficina&endpoint=wifi/client&start=0&count=100 HTTP/1.1" 200 30714 "-" "-"
192.168.111.6 - - [06/Apr/2026:16:28:00 +0000] "GET /dashboard/proxy.php?action=clients HTTP/1.1" 200 30770 "http://192.168.140.34/dashboard/" "Mozilla/5.0 (Linux; Android 6.0; Nexus 5 Build/MRA58N) AppleWebKit/537.36 (KHTML, like Gecko) Chrome/146.0.0.0 Mobile Safari/537.36 Edg/146.0.0.0"
192.168.111.6 - - [06/Apr/2026:16:28:00 +0000] "GET /dashboard/fortigate.php?device=all&endpoint=firewall/session&start=0&count=2000 HTTP/1.1" 200 1456361 "http://192.168.140.34/dashboard/" "Mozilla/5.0 (Linux; Android 6.0; Nexus 5 Build/MRA58N) AppleWebKit/537.36 (KHTML, like Gecko) Chrome/146.0.0.0 Mobile Safari/537.36 Edg/146.0.0.0"
::1 - - [06/Apr/2026:16:28:08 +0000] "OPTIONS * HTTP/1.0" 200 126 "-" "Apache/2.4.66 (Debian) (internal dummy connection)"
192.168.111.6 - - [06/Apr/2026:16:29:00 +0000] "GET /dashboard/proxy.php?action=entity&entity=sensor.agnov_fg_wifi_clients_ssid1 HTTP/1.1" 200 691 "http://192.168.140.34/dashboard/" "Mozilla/5.0 (Windows NT 10.0; Win64; x64) AppleWebKit/537.36 (KHTML, like Gecko) Chrome/146.0.0.0 Safari/537.36 Edg/146.0.0.0"
192.168.111.6 - - [06/Apr/2026:16:29:00 +0000] "GET /dashboard/proxy.php?action=entity&entity=sensor.agnov_fg_wifi_clients_ssid2 HTTP/1.1" 200 689 "http://192.168.140.34/dashboard/" "Mozilla/5.0 (Windows NT 10.0; Win64; x64) AppleWebKit/537.36 (KHTML, like Gecko) Chrome/146.0.0.0 Safari/537.36 Edg/146.0.0.0"
::1 - - [06/Apr/2026:16:29:00 +0000] "GET /dashboard/fortigate.php?device=fg-oficina&endpoint=switch-controller/managed-switch&start=0&count=50 HTTP/1.1" 200 536 "-" "-"
192.168.111.6 - - [06/Apr/2026:16:29:00 +0000] "GET /dashboard/proxy.php?action=switches HTTP/1.1" 200 592 "http://192.168.140.34/dashboard/" "Mozilla/5.0 (Windows NT 10.0; Win64; x64) AppleWebKit/537.36 (KHTML, like Gecko) Chrome/146.0.0.0 Safari/537.36 Edg/146.0.0.0"
::1 - - [06/Apr/2026:16:29:00 +0000] "GET /dashboard/fortigate.php?device=fg-oficina&endpoint=wifi/managed_ap&start=0&count=50 HTTP/1.1" 200 20903 "-" "-"
192.168.111.6 - - [06/Apr/2026:16:29:00 +0000] "GET /dashboard/proxy.php?action=aps HTTP/1.1" 200 20959 "http://192.168.140.34/dashboard/" "Mozilla/5.0 (Windows NT 10.0; Win64; x64) AppleWebKit/537.36 (KHTML, like Gecko) Chrome/146.0.0.0 Safari/537.36 Edg/146.0.0.0"
192.168.111.6 - - [06/Apr/2026:16:29:00 +0000] "GET /dashboard/proxy.php?action=entity&entity=sensor.agnov_fg_wifi_clients HTTP/1.1" 200 678 "http://192.168.140.34/dashboard/" "Mozilla/5.0 (Windows NT 10.0; Win64; x64) AppleWebKit/537.36 (KHTML, like Gecko) Chrome/146.0.0.0 Safari/537.36 Edg/146.0.0.0"
::1 - - [06/Apr/2026:16:29:00 +0000] "GET /dashboard/fortigate.php?device=fg-oficina&endpoint=system/dhcp&start=0&count=100 HTTP/1.1" 200 23890 "-" "-"
192.168.111.6 - - [06/Apr/2026:16:29:00 +0000] "GET /dashboard/proxy.php?action=dhcp HTTP/1.1" 200 23946 "http://192.168.140.34/dashboard/" "Mozilla/5.0 (Windows NT 10.0; Win64; x64) AppleWebKit/537.36 (KHTML, like Gecko) Chrome/146.0.0.0 Safari/537.36 Edg/146.0.0.0"
::1 - - [06/Apr/2026:16:29:00 +0000] "GET /dashboard/fortigate.php?device=fg-oficina&endpoint=wifi/client&start=0&count=100 HTTP/1.1" 200 30733 "-" "-"
192.168.111.6 - - [06/Apr/2026:16:29:00 +0000] "GET /dashboard/proxy.php?action=clients HTTP/1.1" 200 30789 "http://192.168.140.34/dashboard/" "Mozilla/5.0 (Windows NT 10.0; Win64; x64) AppleWebKit/537.36 (KHTML, like Gecko) Chrome/146.0.0.0 Safari/537.36 Edg/146.0.0.0"
192.168.111.6 - - [06/Apr/2026:16:29:00 +0000] "GET /dashboard/fortigate.php?device=all&endpoint=firewall/session&start=0&count=2000 HTTP/1.1" 200 1345063 "http://192.168.140.34/dashboard/" "Mozilla/5.0 (Windows NT 10.0; Win64; x64) AppleWebKit/537.36 (KHTML, like Gecko) Chrome/146.0.0.0 Safari/537.36 Edg/146.0.0.0"
::1 - - [06/Apr/2026:16:29:09 +0000] "OPTIONS * HTTP/1.0" 200 126 "-" "Apache/2.4.66 (Debian) (internal dummy connection)"
192.168.111.6 - - [06/Apr/2026:16:30:00 +0000] "GET /dashboard/proxy.php?action=entity&entity=sensor.agnov_fg_wifi_clients_ssid1 HTTP/1.1" 200 691 "http://192.168.140.34/dashboard/" "Mozilla/5.0 (Windows NT 10.0; Win64; x64) AppleWebKit/537.36 (KHTML, like Gecko) Chrome/146.0.0.0 Safari/537.36 Edg/146.0.0.0"
192.168.111.6 - - [06/Apr/2026:16:30:00 +0000] "GET /dashboard/proxy.php?action=entity&entity=sensor.agnov_fg_wifi_clients_ssid2 HTTP/1.1" 200 689 "http://192.168.140.34/dashboard/" "Mozilla/5.0 (Windows NT 10.0; Win64; x64) AppleWebKit/537.36 (KHTML, like Gecko) Chrome/146.0.0.0 Safari/537.36 Edg/146.0.0.0"
192.168.111.6 - - [06/Apr/2026:16:30:00 +0000] "GET /dashboard/proxy.php?action=entity&entity=sensor.agnov_fg_wifi_clients HTTP/1.1" 200 678 "http://192.168.140.34/dashboard/" "Mozilla/5.0 (Windows NT 10.0; Win64; x64) AppleWebKit/537.36 (KHTML, like Gecko) Chrome/146.0.0.0 Safari/537.36 Edg/146.0.0.0"
::1 - - [06/Apr/2026:16:30:00 +0000] "GET /dashboard/fortigate.php?device=fg-oficina&endpoint=switch-controller/managed-switch&start=0&count=50 HTTP/1.1" 200 536 "-" "-"
192.168.111.6 - - [06/Apr/2026:16:30:00 +0000] "GET /dashboard/proxy.php?action=switches HTTP/1.1" 200 592 "http://192.168.140.34/dashboard/" "Mozilla/5.0 (Windows NT 10.0; Win64; x64) AppleWebKit/537.36 (KHTML, like Gecko) Chrome/146.0.0.0 Safari/537.36 Edg/146.0.0.0"
::1 - - [06/Apr/2026:16:30:00 +0000] "GET /dashboard/fortigate.php?device=fg-oficina&endpoint=wifi/managed_ap&start=0&count=50 HTTP/1.1" 200 20902 "-" "-"
192.168.111.6 - - [06/Apr/2026:16:30:00 +0000] "GET /dashboard/proxy.php?action=aps HTTP/1.1" 200 20958 "http://192.168.140.34/dashboard/" "Mozilla/5.0 (Windows NT 10.0; Win64; x64) AppleWebKit/537.36 (KHTML, like Gecko) Chrome/146.0.0.0 Safari/537.36 Edg/146.0.0.0"
::1 - - [06/Apr/2026:16:30:00 +0000] "GET /dashboard/fortigate.php?device=fg-oficina&endpoint=system/dhcp&start=0&count=100 HTTP/1.1" 200 23890 "-" "-"
192.168.111.6 - - [06/Apr/2026:16:30:00 +0000] "GET /dashboard/proxy.php?action=dhcp HTTP/1.1" 200 23946 "http://192.168.140.34/dashboard/" "Mozilla/5.0 (Windows NT 10.0; Win64; x64) AppleWebKit/537.36 (KHTML, like Gecko) Chrome/146.0.0.0 Safari/537.36 Edg/146.0.0.0"
::1 - - [06/Apr/2026:16:30:00 +0000] "GET /dashboard/fortigate.php?device=fg-oficina&endpoint=wifi/client&start=0&count=100 HTTP/1.1" 200 30711 "-" "-"
192.168.111.6 - - [06/Apr/2026:16:30:00 +0000] "GET /dashboard/proxy.php?action=clients HTTP/1.1" 200 30767 "http://192.168.140.34/dashboard/" "Mozilla/5.0 (Windows NT 10.0; Win64; x64) AppleWebKit/537.36 (KHTML, like Gecko) Chrome/146.0.0.0 Safari/537.36 Edg/146.0.0.0"
192.168.111.6 - - [06/Apr/2026:16:30:00 +0000] "GET /dashboard/fortigate.php?device=all&endpoint=firewall/session&start=0&count=2000 HTTP/1.1" 200 1486914 "http://192.168.140.34/dashboard/" "Mozilla/5.0 (Windows NT 10.0; Win64; x64) AppleWebKit/537.36 (KHTML, like Gecko) Chrome/146.0.0.0 Safari/537.36 Edg/146.0.0.0"
::1 - - [06/Apr/2026:16:30:10 +0000] "OPTIONS * HTTP/1.0" 200 126 "-" "Apache/2.4.66 (Debian) (internal dummy connection)"
192.168.111.6 - - [06/Apr/2026:16:30:25 +0000] "GET /dashboard/ HTTP/1.1" 200 5585 "-" "Mozilla/5.0 (Windows NT 10.0; Win64; x64) AppleWebKit/537.36 (KHTML, like Gecko) Chrome/146.0.0.0 Safari/537.36 Edg/146.0.0.0"
192.168.111.6 - - [06/Apr/2026:16:30:25 +0000] "GET /dashboard/home-assistant/config.js HTTP/1.1" 200 1567 "http://192.168.140.34/dashboard/" "Mozilla/5.0 (Windows NT 10.0; Win64; x64) AppleWebKit/537.36 (KHTML, like Gecko) Chrome/146.0.0.0 Safari/537.36 Edg/146.0.0.0"
192.168.111.6 - - [06/Apr/2026:16:30:25 +0000] "GET /dashboard/lib/chart.min.js HTTP/1.1" 200 70161 "http://192.168.140.34/dashboard/" "Mozilla/5.0 (Windows NT 10.0; Win64; x64) AppleWebKit/537.36 (KHTML, like Gecko) Chrome/146.0.0.0 Safari/537.36 Edg/146.0.0.0"
192.168.111.6 - - [06/Apr/2026:16:30:25 +0000] "GET /dashboard/proxy.php?action=entity&entity=sensor.agnov_fg_wifi_clients_ssid1 HTTP/1.1" 200 690 "http://192.168.140.34/dashboard/" "Mozilla/5.0 (Windows NT 10.0; Win64; x64) AppleWebKit/537.36 (KHTML, like Gecko) Chrome/146.0.0.0 Safari/537.36 Edg/146.0.0.0"
192.168.111.6 - - [06/Apr/2026:16:30:25 +0000] "GET /favicon.ico HTTP/1.1" 404 532 "http://192.168.140.34/dashboard/" "Mozilla/5.0 (Windows NT 10.0; Win64; x64) AppleWebKit/537.36 (KHTML, like Gecko) Chrome/146.0.0.0 Safari/537.36 Edg/146.0.0.0"
192.168.111.6 - - [06/Apr/2026:16:30:25 +0000] "GET /dashboard/proxy.php?action=entity&entity=sensor.agnov_fg_wifi_clients_ssid2 HTTP/1.1" 200 689 "http://192.168.140.34/dashboard/" "Mozilla/5.0 (Windows NT 10.0; Win64; x64) AppleWebKit/537.36 (KHTML, like Gecko) Chrome/146.0.0.0 Safari/537.36 Edg/146.0.0.0"
192.168.111.6 - - [06/Apr/2026:16:30:25 +0000] "GET /dashboard/proxy.php?action=entity&entity=sensor.agnov_fg_wifi_clients HTTP/1.1" 200 678 "http://192.168.140.34/dashboard/" "Mozilla/5.0 (Windows NT 10.0; Win64; x64) AppleWebKit/537.36 (KHTML, like Gecko) Chrome/146.0.0.0 Safari/537.36 Edg/146.0.0.0"
::1 - - [06/Apr/2026:16:30:25 +0000] "GET /dashboard/fortigate.php?device=fg-oficina&endpoint=switch-controller/managed-switch&start=0&count=50 HTTP/1.1" 200 536 "-" "-"
192.168.111.6 - - [06/Apr/2026:16:30:25 +0000] "GET /dashboard/proxy.php?action=switches HTTP/1.1" 200 592 "http://192.168.140.34/dashboard/" "Mozilla/5.0 (Windows NT 10.0; Win64; x64) AppleWebKit/537.36 (KHTML, like Gecko) Chrome/146.0.0.0 Safari/537.36 Edg/146.0.0.0"
::1 - - [06/Apr/2026:16:30:25 +0000] "GET /dashboard/fortigate.php?device=fg-oficina&endpoint=wifi/managed_ap&start=0&count=50 HTTP/1.1" 200 20899 "-" "-"
192.168.111.6 - - [06/Apr/2026:16:30:25 +0000] "GET /dashboard/proxy.php?action=aps HTTP/1.1" 200 20955 "http://192.168.140.34/dashboard/" "Mozilla/5.0 (Windows NT 10.0; Win64; x64) AppleWebKit/537.36 (KHTML, like Gecko) Chrome/146.0.0.0 Safari/537.36 Edg/146.0.0.0"
::1 - - [06/Apr/2026:16:30:25 +0000] "GET /dashboard/fortigate.php?device=fg-oficina&endpoint=system/dhcp&start=0&count=100 HTTP/1.1" 200 23890 "-" "-"
192.168.111.6 - - [06/Apr/2026:16:30:25 +0000] "GET /dashboard/proxy.php?action=dhcp HTTP/1.1" 200 23946 "http://192.168.140.34/dashboard/" "Mozilla/5.0 (Windows NT 10.0; Win64; x64) AppleWebKit/537.36 (KHTML, like Gecko) Chrome/146.0.0.0 Safari/537.36 Edg/146.0.0.0"
::1 - - [06/Apr/2026:16:30:25 +0000] "GET /dashboard/fortigate.php?device=fg-oficina&endpoint=wifi/client&start=0&count=100 HTTP/1.1" 200 30648 "-" "-"
192.168.111.6 - - [06/Apr/2026:16:30:25 +0000] "GET /dashboard/proxy.php?action=clients HTTP/1.1" 200 30703 "http://192.168.140.34/dashboard/" "Mozilla/5.0 (Windows NT 10.0; Win64; x64) AppleWebKit/537.36 (KHTML, like Gecko) Chrome/146.0.0.0 Safari/537.36 Edg/146.0.0.0"
192.168.111.6 - - [06/Apr/2026:16:30:25 +0000] "GET /dashboard/fortigate.php?device=all&endpoint=firewall/session&start=0&count=2000 HTTP/1.1" 200 1489072 "http://192.168.140.34/dashboard/" "Mozilla/5.0 (Windows NT 10.0; Win64; x64) AppleWebKit/537.36 (KHTML, like Gecko) Chrome/146.0.0.0 Safari/537.36 Edg/146.0.0.0"
::1 - - [06/Apr/2026:16:30:35 +0000] "OPTIONS * HTTP/1.0" 200 126 "-" "Apache/2.4.66 (Debian) (internal dummy connection)"
192.168.111.6 - - [06/Apr/2026:16:30:45 +0000] "GET /dashboard/lib/chart.umd.js.map HTTP/1.1" 404 533 "-" "Mozilla/5.0 (Windows NT 10.0; Win64; x64) AppleWebKit/537.36 (KHTML, like Gecko) Chrome/146.0.0.0 Safari/537.36 Edg/146.0.0.0"
192.168.111.6 - - [06/Apr/2026:16:31:25 +0000] "GET /dashboard/proxy.php?action=entity&entity=sensor.agnov_fg_wifi_clients_ssid1 HTTP/1.1" 200 691 "http://192.168.140.34/dashboard/" "Mozilla/5.0 (Linux; Android 6.0; Nexus 5 Build/MRA58N) AppleWebKit/537.36 (KHTML, like Gecko) Chrome/146.0.0.0 Mobile Safari/537.36 Edg/146.0.0.0"
192.168.111.6 - - [06/Apr/2026:16:31:25 +0000] "GET /dashboard/proxy.php?action=entity&entity=sensor.agnov_fg_wifi_clients_ssid2 HTTP/1.1" 200 689 "http://192.168.140.34/dashboard/" "Mozilla/5.0 (Linux; Android 6.0; Nexus 5 Build/MRA58N) AppleWebKit/537.36 (KHTML, like Gecko) Chrome/146.0.0.0 Mobile Safari/537.36 Edg/146.0.0.0"
::1 - - [06/Apr/2026:16:31:25 +0000] "GET /dashboard/fortigate.php?device=fg-oficina&endpoint=switch-controller/managed-switch&start=0&count=50 HTTP/1.1" 200 536 "-" "-"
192.168.111.6 - - [06/Apr/2026:16:31:26 +0000] "GET /dashboard/proxy.php?action=entity&entity=sensor.agnov_fg_wifi_clients HTTP/1.1" 200 678 "http://192.168.140.34/dashboard/" "Mozilla/5.0 (Linux; Android 6.0; Nexus 5 Build/MRA58N) AppleWebKit/537.36 (KHTML, like Gecko) Chrome/146.0.0.0 Mobile Safari/537.36 Edg/146.0.0.0"
192.168.111.6 - - [06/Apr/2026:16:31:25 +0000] "GET /dashboard/proxy.php?action=switches HTTP/1.1" 200 592 "http://192.168.140.34/dashboard/" "Mozilla/5.0 (Linux; Android 6.0; Nexus 5 Build/MRA58N) AppleWebKit/537.36 (KHTML, like Gecko) Chrome/146.0.0.0 Mobile Safari/537.36 Edg/146.0.0.0"
::1 - - [06/Apr/2026:16:31:25 +0000] "GET /dashboard/fortigate.php?device=fg-oficina&endpoint=wifi/managed_ap&start=0&count=50 HTTP/1.1" 200 20906 "-" "-"
192.168.111.6 - - [06/Apr/2026:16:31:25 +0000] "GET /dashboard/proxy.php?action=aps HTTP/1.1" 200 20962 "http://192.168.140.34/dashboard/" "Mozilla/5.0 (Linux; Android 6.0; Nexus 5 Build/MRA58N) AppleWebKit/537.36 (KHTML, like Gecko) Chrome/146.0.0.0 Mobile Safari/537.36 Edg/146.0.0.0"
::1 - - [06/Apr/2026:16:31:25 +0000] "GET /dashboard/fortigate.php?device=fg-oficina&endpoint=system/dhcp&start=0&count=100 HTTP/1.1" 200 23890 "-" "-"
192.168.111.6 - - [06/Apr/2026:16:31:25 +0000] "GET /dashboard/proxy.php?action=dhcp HTTP/1.1" 200 23946 "http://192.168.140.34/dashboard/" "Mozilla/5.0 (Linux; Android 6.0; Nexus 5 Build/MRA58N) AppleWebKit/537.36 (KHTML, like Gecko) Chrome/146.0.0.0 Mobile Safari/537.36 Edg/146.0.0.0"
192.168.111.6 - - [06/Apr/2026:16:31:25 +0000] "GET /dashboard/proxy.php?action=clients HTTP/1.1" 200 30723 "http://192.168.140.34/dashboard/" "Mozilla/5.0 (Linux; Android 6.0; Nexus 5 Build/MRA58N) AppleWebKit/537.36 (KHTML, like Gecko) Chrome/146.0.0.0 Mobile Safari/537.36 Edg/146.0.0.0"
::1 - - [06/Apr/2026:16:31:25 +0000] "GET /dashboard/fortigate.php?device=fg-oficina&endpoint=wifi/client&start=0&count=100 HTTP/1.1" 200 30667 "-" "-"
192.168.111.6 - - [06/Apr/2026:16:31:25 +0000] "GET /dashboard/fortigate.php?device=all&endpoint=firewall/session&start=0&count=2000 HTTP/1.1" 200 1452053 "http://192.168.140.34/dashboard/" "Mozilla/5.0 (Linux; Android 6.0; Nexus 5 Build/MRA58N) AppleWebKit/537.36 (KHTML, like Gecko) Chrome/146.0.0.0 Mobile Safari/537.36 Edg/146.0.0.0"
::1 - - [06/Apr/2026:16:31:33 +0000] "OPTIONS * HTTP/1.0" 200 126 "-" "Apache/2.4.66 (Debian) (internal dummy connection)"
192.168.111.6 - - [06/Apr/2026:16:32:25 +0000] "GET /dashboard/proxy.php?action=entity&entity=sensor.agnov_fg_wifi_clients_ssid1 HTTP/1.1" 200 691 "http://192.168.140.34/dashboard/" "Mozilla/5.0 (Linux; Android 6.0; Nexus 5 Build/MRA58N) AppleWebKit/537.36 (KHTML, like Gecko) Chrome/146.0.0.0 Mobile Safari/537.36 Edg/146.0.0.0"
192.168.111.6 - - [06/Apr/2026:16:32:25 +0000] "GET /dashboard/proxy.php?action=entity&entity=sensor.agnov_fg_wifi_clients_ssid2 HTTP/1.1" 200 689 "http://192.168.140.34/dashboard/" "Mozilla/5.0 (Linux; Android 6.0; Nexus 5 Build/MRA58N) AppleWebKit/537.36 (KHTML, like Gecko) Chrome/146.0.0.0 Mobile Safari/537.36 Edg/146.0.0.0"
192.168.111.6 - - [06/Apr/2026:16:32:25 +0000] "GET /dashboard/proxy.php?action=entity&entity=sensor.agnov_fg_wifi_clients HTTP/1.1" 200 678 "http://192.168.140.34/dashboard/" "Mozilla/5.0 (Linux; Android 6.0; Nexus 5 Build/MRA58N) AppleWebKit/537.36 (KHTML, like Gecko) Chrome/146.0.0.0 Mobile Safari/537.36 Edg/146.0.0.0"
::1 - - [06/Apr/2026:16:32:25 +0000] "GET /dashboard/fortigate.php?device=fg-oficina&endpoint=switch-controller/managed-switch&start=0&count=50 HTTP/1.1" 200 536 "-" "-"
192.168.111.6 - - [06/Apr/2026:16:32:25 +0000] "GET /dashboard/proxy.php?action=switches HTTP/1.1" 200 592 "http://192.168.140.34/dashboard/" "Mozilla/5.0 (Linux; Android 6.0; Nexus 5 Build/MRA58N) AppleWebKit/537.36 (KHTML, like Gecko) Chrome/146.0.0.0 Mobile Safari/537.36 Edg/146.0.0.0"
::1 - - [06/Apr/2026:16:32:25 +0000] "GET /dashboard/fortigate.php?device=fg-oficina&endpoint=wifi/managed_ap&start=0&count=50 HTTP/1.1" 200 20902 "-" "-"
192.168.111.6 - - [06/Apr/2026:16:32:25 +0000] "GET /dashboard/proxy.php?action=aps HTTP/1.1" 200 20958 "http://192.168.140.34/dashboard/" "Mozilla/5.0 (Linux; Android 6.0; Nexus 5 Build/MRA58N) AppleWebKit/537.36 (KHTML, like Gecko) Chrome/146.0.0.0 Mobile Safari/537.36 Edg/146.0.0.0"
::1 - - [06/Apr/2026:16:32:25 +0000] "GET /dashboard/fortigate.php?device=fg-oficina&endpoint=system/dhcp&start=0&count=100 HTTP/1.1" 200 23890 "-" "-"
192.168.111.6 - - [06/Apr/2026:16:32:25 +0000] "GET /dashboard/proxy.php?action=dhcp HTTP/1.1" 200 23946 "http://192.168.140.34/dashboard/" "Mozilla/5.0 (Linux; Android 6.0; Nexus 5 Build/MRA58N) AppleWebKit/537.36 (KHTML, like Gecko) Chrome/146.0.0.0 Mobile Safari/537.36 Edg/146.0.0.0"
::1 - - [06/Apr/2026:16:32:25 +0000] "GET /dashboard/fortigate.php?device=fg-oficina&endpoint=wifi/client&start=0&count=100 HTTP/1.1" 200 30638 "-" "-"
192.168.111.6 - - [06/Apr/2026:16:32:25 +0000] "GET /dashboard/proxy.php?action=clients HTTP/1.1" 200 30694 "http://192.168.140.34/dashboard/" "Mozilla/5.0 (Linux; Android 6.0; Nexus 5 Build/MRA58N) AppleWebKit/537.36 (KHTML, like Gecko) Chrome/146.0.0.0 Mobile Safari/537.36 Edg/146.0.0.0"
192.168.111.6 - - [06/Apr/2026:16:32:25 +0000] "GET /dashboard/fortigate.php?device=all&endpoint=firewall/session&start=0&count=2000 HTTP/1.1" 200 1466243 "http://192.168.140.34/dashboard/" "Mozilla/5.0 (Linux; Android 6.0; Nexus 5 Build/MRA58N) AppleWebKit/537.36 (KHTML, like Gecko) Chrome/146.0.0.0 Mobile Safari/537.36 Edg/146.0.0.0"
::1 - - [06/Apr/2026:16:32:34 +0000] "OPTIONS * HTTP/1.0" 200 126 "-" "Apache/2.4.66 (Debian) (internal dummy connection)"
192.168.111.6 - - [06/Apr/2026:16:33:25 +0000] "GET /dashboard/proxy.php?action=entity&entity=sensor.agnov_fg_wifi_clients_ssid1 HTTP/1.1" 200 691 "http://192.168.140.34/dashboard/" "Mozilla/5.0 (Linux; Android 6.0; Nexus 5 Build/MRA58N) AppleWebKit/537.36 (KHTML, like Gecko) Chrome/146.0.0.0 Mobile Safari/537.36 Edg/146.0.0.0"
192.168.111.6 - - [06/Apr/2026:16:33:25 +0000] "GET /dashboard/proxy.php?action=entity&entity=sensor.agnov_fg_wifi_clients_ssid2 HTTP/1.1" 200 689 "http://192.168.140.34/dashboard/" "Mozilla/5.0 (Linux; Android 6.0; Nexus 5 Build/MRA58N) AppleWebKit/537.36 (KHTML, like Gecko) Chrome/146.0.0.0 Mobile Safari/537.36 Edg/146.0.0.0"
192.168.111.6 - - [06/Apr/2026:16:33:25 +0000] "GET /dashboard/proxy.php?action=entity&entity=sensor.agnov_fg_wifi_clients HTTP/1.1" 200 678 "http://192.168.140.34/dashboard/" "Mozilla/5.0 (Linux; Android 6.0; Nexus 5 Build/MRA58N) AppleWebKit/537.36 (KHTML, like Gecko) Chrome/146.0.0.0 Mobile Safari/537.36 Edg/146.0.0.0"
::1 - - [06/Apr/2026:16:33:25 +0000] "GET /dashboard/fortigate.php?device=fg-oficina&endpoint=switch-controller/managed-switch&start=0&count=50 HTTP/1.1" 200 536 "-" "-"
192.168.111.6 - - [06/Apr/2026:16:33:25 +0000] "GET /dashboard/proxy.php?action=switches HTTP/1.1" 200 592 "http://192.168.140.34/dashboard/" "Mozilla/5.0 (Linux; Android 6.0; Nexus 5 Build/MRA58N) AppleWebKit/537.36 (KHTML, like Gecko) Chrome/146.0.0.0 Mobile Safari/537.36 Edg/146.0.0.0"
::1 - - [06/Apr/2026:16:33:25 +0000] "GET /dashboard/fortigate.php?device=fg-oficina&endpoint=wifi/managed_ap&start=0&count=50 HTTP/1.1" 200 20905 "-" "-"
192.168.111.6 - - [06/Apr/2026:16:33:25 +0000] "GET /dashboard/proxy.php?action=aps HTTP/1.1" 200 20961 "http://192.168.140.34/dashboard/" "Mozilla/5.0 (Linux; Android 6.0; Nexus 5 Build/MRA58N) AppleWebKit/537.36 (KHTML, like Gecko) Chrome/146.0.0.0 Mobile Safari/537.36 Edg/146.0.0.0"
::1 - - [06/Apr/2026:16:33:25 +0000] "GET /dashboard/fortigate.php?device=fg-oficina&endpoint=system/dhcp&start=0&count=100 HTTP/1.1" 200 23890 "-" "-"
192.168.111.6 - - [06/Apr/2026:16:33:25 +0000] "GET /dashboard/proxy.php?action=dhcp HTTP/1.1" 200 23946 "http://192.168.140.34/dashboard/" "Mozilla/5.0 (Linux; Android 6.0; Nexus 5 Build/MRA58N) AppleWebKit/537.36 (KHTML, like Gecko) Chrome/146.0.0.0 Mobile Safari/537.36 Edg/146.0.0.0"
::1 - - [06/Apr/2026:16:33:25 +0000] "GET /dashboard/fortigate.php?device=fg-oficina&endpoint=wifi/client&start=0&count=100 HTTP/1.1" 200 32106 "-" "-"
192.168.111.6 - - [06/Apr/2026:16:33:25 +0000] "GET /dashboard/proxy.php?action=clients HTTP/1.1" 200 32162 "http://192.168.140.34/dashboard/" "Mozilla/5.0 (Linux; Android 6.0; Nexus 5 Build/MRA58N) AppleWebKit/537.36 (KHTML, like Gecko) Chrome/146.0.0.0 Mobile Safari/537.36 Edg/146.0.0.0"
192.168.111.6 - - [06/Apr/2026:16:33:25 +0000] "GET /dashboard/fortigate.php?device=all&endpoint=firewall/session&start=0&count=2000 HTTP/1.1" 200 1485228 "http://192.168.140.34/dashboard/" "Mozilla/5.0 (Linux; Android 6.0; Nexus 5 Build/MRA58N) AppleWebKit/537.36 (KHTML, like Gecko) Chrome/146.0.0.0 Mobile Safari/537.36 Edg/146.0.0.0"
::1 - - [06/Apr/2026:16:33:35 +0000] "OPTIONS * HTTP/1.0" 200 126 "-" "Apache/2.4.66 (Debian) (internal dummy connection)"
192.168.111.6 - - [06/Apr/2026:16:34:25 +0000] "GET /dashboard/proxy.php?action=entity&entity=sensor.agnov_fg_wifi_clients_ssid1 HTTP/1.1" 200 691 "http://192.168.140.34/dashboard/" "Mozilla/5.0 (Linux; Android 6.0; Nexus 5 Build/MRA58N) AppleWebKit/537.36 (KHTML, like Gecko) Chrome/146.0.0.0 Mobile Safari/537.36 Edg/146.0.0.0"
192.168.111.6 - - [06/Apr/2026:16:34:25 +0000] "GET /dashboard/proxy.php?action=entity&entity=sensor.agnov_fg_wifi_clients_ssid2 HTTP/1.1" 200 689 "http://192.168.140.34/dashboard/" "Mozilla/5.0 (Linux; Android 6.0; Nexus 5 Build/MRA58N) AppleWebKit/537.36 (KHTML, like Gecko) Chrome/146.0.0.0 Mobile Safari/537.36 Edg/146.0.0.0"
192.168.111.6 - - [06/Apr/2026:16:34:25 +0000] "GET /dashboard/proxy.php?action=entity&entity=sensor.agnov_fg_wifi_clients HTTP/1.1" 200 678 "http://192.168.140.34/dashboard/" "Mozilla/5.0 (Linux; Android 6.0; Nexus 5 Build/MRA58N) AppleWebKit/537.36 (KHTML, like Gecko) Chrome/146.0.0.0 Mobile Safari/537.36 Edg/146.0.0.0"
::1 - - [06/Apr/2026:16:34:25 +0000] "GET /dashboard/fortigate.php?device=fg-oficina&endpoint=switch-controller/managed-switch&start=0&count=50 HTTP/1.1" 200 536 "-" "-"
192.168.111.6 - - [06/Apr/2026:16:34:25 +0000] "GET /dashboard/proxy.php?action=switches HTTP/1.1" 200 592 "http://192.168.140.34/dashboard/" "Mozilla/5.0 (Linux; Android 6.0; Nexus 5 Build/MRA58N) AppleWebKit/537.36 (KHTML, like Gecko) Chrome/146.0.0.0 Mobile Safari/537.36 Edg/146.0.0.0"
::1 - - [06/Apr/2026:16:34:25 +0000] "GET /dashboard/fortigate.php?device=fg-oficina&endpoint=wifi/managed_ap&start=0&count=50 HTTP/1.1" 200 20906 "-" "-"
192.168.111.6 - - [06/Apr/2026:16:34:25 +0000] "GET /dashboard/proxy.php?action=aps HTTP/1.1" 200 20962 "http://192.168.140.34/dashboard/" "Mozilla/5.0 (Linux; Android 6.0; Nexus 5 Build/MRA58N) AppleWebKit/537.36 (KHTML, like Gecko) Chrome/146.0.0.0 Mobile Safari/537.36 Edg/146.0.0.0"
::1 - - [06/Apr/2026:16:34:25 +0000] "GET /dashboard/fortigate.php?device=fg-oficina&endpoint=system/dhcp&start=0&count=100 HTTP/1.1" 200 23890 "-" "-"
192.168.111.6 - - [06/Apr/2026:16:34:25 +0000] "GET /dashboard/proxy.php?action=dhcp HTTP/1.1" 200 23946 "http://192.168.140.34/dashboard/" "Mozilla/5.0 (Linux; Android 6.0; Nexus 5 Build/MRA58N) AppleWebKit/537.36 (KHTML, like Gecko) Chrome/146.0.0.0 Mobile Safari/537.36 Edg/146.0.0.0"
::1 - - [06/Apr/2026:16:34:25 +0000] "GET /dashboard/fortigate.php?device=fg-oficina&endpoint=wifi/client&start=0&count=100 HTTP/1.1" 200 31963 "-" "-"
192.168.111.6 - - [06/Apr/2026:16:34:25 +0000] "GET /dashboard/proxy.php?action=clients HTTP/1.1" 200 32019 "http://192.168.140.34/dashboard/" "Mozilla/5.0 (Linux; Android 6.0; Nexus 5 Build/MRA58N) AppleWebKit/537.36 (KHTML, like Gecko) Chrome/146.0.0.0 Mobile Safari/537.36 Edg/146.0.0.0"
192.168.111.6 - - [06/Apr/2026:16:34:25 +0000] "GET /dashboard/fortigate.php?device=all&endpoint=firewall/session&start=0&count=2000 HTTP/1.1" 200 1484649 "http://192.168.140.34/dashboard/" "Mozilla/5.0 (Linux; Android 6.0; Nexus 5 Build/MRA58N) AppleWebKit/537.36 (KHTML, like Gecko) Chrome/146.0.0.0 Mobile Safari/537.36 Edg/146.0.0.0"
::1 - - [06/Apr/2026:16:34:35 +0000] "OPTIONS * HTTP/1.0" 200 126 "-" "Apache/2.4.66 (Debian) (internal dummy connection)"
192.168.111.6 - - [06/Apr/2026:16:35:25 +0000] "GET /dashboard/proxy.php?action=entity&entity=sensor.agnov_fg_wifi_clients_ssid1 HTTP/1.1" 200 691 "http://192.168.140.34/dashboard/" "Mozilla/5.0 (Linux; Android 6.0; Nexus 5 Build/MRA58N) AppleWebKit/537.36 (KHTML, like Gecko) Chrome/146.0.0.0 Mobile Safari/537.36 Edg/146.0.0.0"
192.168.111.6 - - [06/Apr/2026:16:35:25 +0000] "GET /dashboard/proxy.php?action=entity&entity=sensor.agnov_fg_wifi_clients_ssid2 HTTP/1.1" 200 689 "http://192.168.140.34/dashboard/" "Mozilla/5.0 (Linux; Android 6.0; Nexus 5 Build/MRA58N) AppleWebKit/537.36 (KHTML, like Gecko) Chrome/146.0.0.0 Mobile Safari/537.36 Edg/146.0.0.0"
192.168.111.6 - - [06/Apr/2026:16:35:25 +0000] "GET /dashboard/proxy.php?action=entity&entity=sensor.agnov_fg_wifi_clients HTTP/1.1" 200 678 "http://192.168.140.34/dashboard/" "Mozilla/5.0 (Linux; Android 6.0; Nexus 5 Build/MRA58N) AppleWebKit/537.36 (KHTML, like Gecko) Chrome/146.0.0.0 Mobile Safari/537.36 Edg/146.0.0.0"
::1 - - [06/Apr/2026:16:35:25 +0000] "GET /dashboard/fortigate.php?device=fg-oficina&endpoint=switch-controller/managed-switch&start=0&count=50 HTTP/1.1" 200 536 "-" "-"
192.168.111.6 - - [06/Apr/2026:16:35:25 +0000] "GET /dashboard/proxy.php?action=switches HTTP/1.1" 200 592 "http://192.168.140.34/dashboard/" "Mozilla/5.0 (Linux; Android 6.0; Nexus 5 Build/MRA58N) AppleWebKit/537.36 (KHTML, like Gecko) Chrome/146.0.0.0 Mobile Safari/537.36 Edg/146.0.0.0"
::1 - - [06/Apr/2026:16:35:25 +0000] "GET /dashboard/fortigate.php?device=fg-oficina&endpoint=wifi/managed_ap&start=0&count=50 HTTP/1.1" 200 20906 "-" "-"
192.168.111.6 - - [06/Apr/2026:16:35:25 +0000] "GET /dashboard/proxy.php?action=aps HTTP/1.1" 200 20962 "http://192.168.140.34/dashboard/" "Mozilla/5.0 (Linux; Android 6.0; Nexus 5 Build/MRA58N) AppleWebKit/537.36 (KHTML, like Gecko) Chrome/146.0.0.0 Mobile Safari/537.36 Edg/146.0.0.0"
::1 - - [06/Apr/2026:16:35:25 +0000] "GET /dashboard/fortigate.php?device=fg-oficina&endpoint=system/dhcp&start=0&count=100 HTTP/1.1" 200 23890 "-" "-"
192.168.111.6 - - [06/Apr/2026:16:35:25 +0000] "GET /dashboard/proxy.php?action=dhcp HTTP/1.1" 200 23946 "http://192.168.140.34/dashboard/" "Mozilla/5.0 (Linux; Android 6.0; Nexus 5 Build/MRA58N) AppleWebKit/537.36 (KHTML, like Gecko) Chrome/146.0.0.0 Mobile Safari/537.36 Edg/146.0.0.0"
::1 - - [06/Apr/2026:16:35:25 +0000] "GET /dashboard/fortigate.php?device=fg-oficina&endpoint=wifi/client&start=0&count=100 HTTP/1.1" 200 31979 "-" "-"
192.168.111.6 - - [06/Apr/2026:16:35:25 +0000] "GET /dashboard/proxy.php?action=clients HTTP/1.1" 200 32035 "http://192.168.140.34/dashboard/" "Mozilla/5.0 (Linux; Android 6.0; Nexus 5 Build/MRA58N) AppleWebKit/537.36 (KHTML, like Gecko) Chrome/146.0.0.0 Mobile Safari/537.36 Edg/146.0.0.0"
192.168.111.6 - - [06/Apr/2026:16:35:25 +0000] "GET /dashboard/fortigate.php?device=all&endpoint=firewall/session&start=0&count=2000 HTTP/1.1" 200 1452256 "http://192.168.140.34/dashboard/" "Mozilla/5.0 (Linux; Android 6.0; Nexus 5 Build/MRA58N) AppleWebKit/537.36 (KHTML, like Gecko) Chrome/146.0.0.0 Mobile Safari/537.36 Edg/146.0.0.0"
::1 - - [06/Apr/2026:16:35:33 +0000] "OPTIONS * HTTP/1.0" 200 126 "-" "Apache/2.4.66 (Debian) (internal dummy connection)"
192.168.111.6 - - [06/Apr/2026:16:36:25 +0000] "GET /dashboard/proxy.php?action=entity&entity=sensor.agnov_fg_wifi_clients_ssid1 HTTP/1.1" 200 691 "http://192.168.140.34/dashboard/" "Mozilla/5.0 (Linux; Android 6.0; Nexus 5 Build/MRA58N) AppleWebKit/537.36 (KHTML, like Gecko) Chrome/146.0.0.0 Mobile Safari/537.36 Edg/146.0.0.0"
192.168.111.6 - - [06/Apr/2026:16:36:25 +0000] "GET /dashboard/proxy.php?action=entity&entity=sensor.agnov_fg_wifi_clients_ssid2 HTTP/1.1" 200 689 "http://192.168.140.34/dashboard/" "Mozilla/5.0 (Linux; Android 6.0; Nexus 5 Build/MRA58N) AppleWebKit/537.36 (KHTML, like Gecko) Chrome/146.0.0.0 Mobile Safari/537.36 Edg/146.0.0.0"
192.168.111.6 - - [06/Apr/2026:16:36:25 +0000] "GET /dashboard/proxy.php?action=entity&entity=sensor.agnov_fg_wifi_clients HTTP/1.1" 200 678 "http://192.168.140.34/dashboard/" "Mozilla/5.0 (Linux; Android 6.0; Nexus 5 Build/MRA58N) AppleWebKit/537.36 (KHTML, like Gecko) Chrome/146.0.0.0 Mobile Safari/537.36 Edg/146.0.0.0"
::1 - - [06/Apr/2026:16:36:25 +0000] "GET /dashboard/fortigate.php?device=fg-oficina&endpoint=switch-controller/managed-switch&start=0&count=50 HTTP/1.1" 200 536 "-" "-"
192.168.111.6 - - [06/Apr/2026:16:36:25 +0000] "GET /dashboard/proxy.php?action=switches HTTP/1.1" 200 592 "http://192.168.140.34/dashboard/" "Mozilla/5.0 (Linux; Android 6.0; Nexus 5 Build/MRA58N) AppleWebKit/537.36 (KHTML, like Gecko) Chrome/146.0.0.0 Mobile Safari/537.36 Edg/146.0.0.0"
::1 - - [06/Apr/2026:16:36:25 +0000] "GET /dashboard/fortigate.php?device=fg-oficina&endpoint=wifi/managed_ap&start=0&count=50 HTTP/1.1" 200 20901 "-" "-"
192.168.111.6 - - [06/Apr/2026:16:36:25 +0000] "GET /dashboard/proxy.php?action=aps HTTP/1.1" 200 20957 "http://192.168.140.34/dashboard/" "Mozilla/5.0 (Linux; Android 6.0; Nexus 5 Build/MRA58N) AppleWebKit/537.36 (KHTML, like Gecko) Chrome/146.0.0.0 Mobile Safari/537.36 Edg/146.0.0.0"
::1 - - [06/Apr/2026:16:36:25 +0000] "GET /dashboard/fortigate.php?device=fg-oficina&endpoint=system/dhcp&start=0&count=100 HTTP/1.1" 200 23890 "-" "-"
192.168.111.6 - - [06/Apr/2026:16:36:25 +0000] "GET /dashboard/proxy.php?action=dhcp HTTP/1.1" 200 23946 "http://192.168.140.34/dashboard/" "Mozilla/5.0 (Linux; Android 6.0; Nexus 5 Build/MRA58N) AppleWebKit/537.36 (KHTML, like Gecko) Chrome/146.0.0.0 Mobile Safari/537.36 Edg/146.0.0.0"
::1 - - [06/Apr/2026:16:36:25 +0000] "GET /dashboard/fortigate.php?device=fg-oficina&endpoint=wifi/client&start=0&count=100 HTTP/1.1" 200 32284 "-" "-"
192.168.111.6 - - [06/Apr/2026:16:36:25 +0000] "GET /dashboard/proxy.php?action=clients HTTP/1.1" 200 32340 "http://192.168.140.34/dashboard/" "Mozilla/5.0 (Linux; Android 6.0; Nexus 5 Build/MRA58N) AppleWebKit/537.36 (KHTML, like Gecko) Chrome/146.0.0.0 Mobile Safari/537.36 Edg/146.0.0.0"
192.168.111.6 - - [06/Apr/2026:16:36:25 +0000] "GET /dashboard/fortigate.php?device=all&endpoint=firewall/session&start=0&count=2000 HTTP/1.1" 200 1474255 "http://192.168.140.34/dashboard/" "Mozilla/5.0 (Linux; Android 6.0; Nexus 5 Build/MRA58N) AppleWebKit/537.36 (KHTML, like Gecko) Chrome/146.0.0.0 Mobile Safari/537.36 Edg/146.0.0.0"
::1 - - [06/Apr/2026:16:36:34 +0000] "OPTIONS * HTTP/1.0" 200 126 "-" "Apache/2.4.66 (Debian) (internal dummy connection)"
192.168.111.6 - - [06/Apr/2026:16:36:57 +0000] "GET /dashboard/ HTTP/1.1" 200 5667 "-" "Mozilla/5.0 (Linux; Android 6.0; Nexus 5 Build/MRA58N) AppleWebKit/537.36 (KHTML, like Gecko) Chrome/146.0.0.0 Mobile Safari/537.36 Edg/146.0.0.0"
192.168.111.6 - - [06/Apr/2026:16:36:58 +0000] "GET /dashboard/home-assistant/config.js HTTP/1.1" 200 1566 "http://192.168.140.34/dashboard/" "Mozilla/5.0 (Linux; Android 6.0; Nexus 5 Build/MRA58N) AppleWebKit/537.36 (KHTML, like Gecko) Chrome/146.0.0.0 Mobile Safari/537.36 Edg/146.0.0.0"
192.168.111.6 - - [06/Apr/2026:16:36:58 +0000] "GET /dashboard/lib/chart.umd.js.map HTTP/1.1" 404 532 "-" "Mozilla/5.0 (Windows NT 10.0; Win64; x64) AppleWebKit/537.36 (KHTML, like Gecko) Chrome/146.0.0.0 Safari/537.36 Edg/146.0.0.0"
192.168.111.6 - - [06/Apr/2026:16:36:58 +0000] "GET /dashboard/proxy.php?action=entity&entity=sensor.agnov_fg_wifi_clients_ssid1 HTTP/1.1" 200 690 "http://192.168.140.34/dashboard/" "Mozilla/5.0 (Linux; Android 6.0; Nexus 5 Build/MRA58N) AppleWebKit/537.36 (KHTML, like Gecko) Chrome/146.0.0.0 Mobile Safari/537.36 Edg/146.0.0.0"
192.168.111.6 - - [06/Apr/2026:16:36:58 +0000] "GET /dashboard/proxy.php?action=entity&entity=sensor.agnov_fg_wifi_clients_ssid2 HTTP/1.1" 200 689 "http://192.168.140.34/dashboard/" "Mozilla/5.0 (Linux; Android 6.0; Nexus 5 Build/MRA58N) AppleWebKit/537.36 (KHTML, like Gecko) Chrome/146.0.0.0 Mobile Safari/537.36 Edg/146.0.0.0"
192.168.111.6 - - [06/Apr/2026:16:36:58 +0000] "GET /dashboard/proxy.php?action=entity&entity=sensor.agnov_fg_wifi_clients HTTP/1.1" 200 678 "http://192.168.140.34/dashboard/" "Mozilla/5.0 (Linux; Android 6.0; Nexus 5 Build/MRA58N) AppleWebKit/537.36 (KHTML, like Gecko) Chrome/146.0.0.0 Mobile Safari/537.36 Edg/146.0.0.0"
::1 - - [06/Apr/2026:16:36:58 +0000] "GET /dashboard/fortigate.php?device=fg-oficina&endpoint=switch-controller/managed-switch&start=0&count=50 HTTP/1.1" 200 536 "-" "-"
192.168.111.6 - - [06/Apr/2026:16:36:58 +0000] "GET /dashboard/proxy.php?action=switches HTTP/1.1" 200 592 "http://192.168.140.34/dashboard/" "Mozilla/5.0 (Linux; Android 6.0; Nexus 5 Build/MRA58N) AppleWebKit/537.36 (KHTML, like Gecko) Chrome/146.0.0.0 Mobile Safari/537.36 Edg/146.0.0.0"
::1 - - [06/Apr/2026:16:36:58 +0000] "GET /dashboard/fortigate.php?device=fg-oficina&endpoint=wifi/managed_ap&start=0&count=50 HTTP/1.1" 200 20895 "-" "-"
192.168.111.6 - - [06/Apr/2026:16:36:58 +0000] "GET /dashboard/proxy.php?action=aps HTTP/1.1" 200 20951 "http://192.168.140.34/dashboard/" "Mozilla/5.0 (Linux; Android 6.0; Nexus 5 Build/MRA58N) AppleWebKit/537.36 (KHTML, like Gecko) Chrome/146.0.0.0 Mobile Safari/537.36 Edg/146.0.0.0"
::1 - - [06/Apr/2026:16:36:58 +0000] "GET /dashboard/fortigate.php?device=fg-oficina&endpoint=system/dhcp&start=0&count=100 HTTP/1.1" 200 23890 "-" "-"
192.168.111.6 - - [06/Apr/2026:16:36:58 +0000] "GET /dashboard/proxy.php?action=dhcp HTTP/1.1" 200 23946 "http://192.168.140.34/dashboard/" "Mozilla/5.0 (Linux; Android 6.0; Nexus 5 Build/MRA58N) AppleWebKit/537.36 (KHTML, like Gecko) Chrome/146.0.0.0 Mobile Safari/537.36 Edg/146.0.0.0"
192.168.111.6 - - [06/Apr/2026:16:36:58 +0000] "GET /dashboard/ HTTP/1.1" 200 5666 "-" "Mozilla/5.0 (Linux; Android 6.0; Nexus 5 Build/MRA58N) AppleWebKit/537.36 (KHTML, like Gecko) Chrome/146.0.0.0 Mobile Safari/537.36 Edg/146.0.0.0"
192.168.111.6 - - [06/Apr/2026:16:36:58 +0000] "GET /dashboard/ HTTP/1.1" 200 5666 "-" "Mozilla/5.0 (Linux; Android 6.0; Nexus 5 Build/MRA58N) AppleWebKit/537.36 (KHTML, like Gecko) Chrome/146.0.0.0 Mobile Safari/537.36 Edg/146.0.0.0"
::1 - - [06/Apr/2026:16:36:58 +0000] "GET /dashboard/fortigate.php?device=fg-oficina&endpoint=wifi/client&start=0&count=100 HTTP/1.1" 200 31982 "-" "-"
192.168.111.6 - - [06/Apr/2026:16:36:58 +0000] "GET /dashboard/proxy.php?action=clients HTTP/1.1" 200 32038 "http://192.168.140.34/dashboard/" "Mozilla/5.0 (Linux; Android 6.0; Nexus 5 Build/MRA58N) AppleWebKit/537.36 (KHTML, like Gecko) Chrome/146.0.0.0 Mobile Safari/537.36 Edg/146.0.0.0"
192.168.111.6 - - [06/Apr/2026:16:36:58 +0000] "GET /dashboard/fortigate.php?device=all&endpoint=firewall/session&start=0&count=2000 HTTP/1.1" 200 72696 "http://192.168.140.34/dashboard/" "Mozilla/5.0 (Linux; Android 6.0; Nexus 5 Build/MRA58N) AppleWebKit/537.36 (KHTML, like Gecko) Chrome/146.0.0.0 Mobile Safari/537.36 Edg/146.0.0.0"
192.168.111.6 - - [06/Apr/2026:16:36:59 +0000] "GET /dashboard/lib/chart.umd.js.map HTTP/1.1" 404 532 "-" "Mozilla/5.0 (Windows NT 10.0; Win64; x64) AppleWebKit/537.36 (KHTML, like Gecko) Chrome/146.0.0.0 Safari/537.36 Edg/146.0.0.0"
192.168.111.6 - - [06/Apr/2026:16:36:59 +0000] "GET /dashboard/proxy.php?action=entity&entity=sensor.agnov_fg_wifi_clients_ssid1 HTTP/1.1" 200 690 "http://192.168.140.34/dashboard/" "Mozilla/5.0 (Linux; Android 6.0; Nexus 5 Build/MRA58N) AppleWebKit/537.36 (KHTML, like Gecko) Chrome/146.0.0.0 Mobile Safari/537.36 Edg/146.0.0.0"
192.168.111.6 - - [06/Apr/2026:16:36:59 +0000] "GET /dashboard/proxy.php?action=entity&entity=sensor.agnov_fg_wifi_clients_ssid2 HTTP/1.1" 200 689 "http://192.168.140.34/dashboard/" "Mozilla/5.0 (Linux; Android 6.0; Nexus 5 Build/MRA58N) AppleWebKit/537.36 (KHTML, like Gecko) Chrome/146.0.0.0 Mobile Safari/537.36 Edg/146.0.0.0"
192.168.111.6 - - [06/Apr/2026:16:36:59 +0000] "GET /dashboard/proxy.php?action=entity&entity=sensor.agnov_fg_wifi_clients HTTP/1.1" 200 678 "http://192.168.140.34/dashboard/" "Mozilla/5.0 (Linux; Android 6.0; Nexus 5 Build/MRA58N) AppleWebKit/537.36 (KHTML, like Gecko) Chrome/146.0.0.0 Mobile Safari/537.36 Edg/146.0.0.0"
::1 - - [06/Apr/2026:16:36:59 +0000] "GET /dashboard/fortigate.php?device=fg-oficina&endpoint=switch-controller/managed-switch&start=0&count=50 HTTP/1.1" 200 536 "-" "-"
192.168.111.6 - - [06/Apr/2026:16:36:59 +0000] "GET /dashboard/proxy.php?action=switches HTTP/1.1" 200 592 "http://192.168.140.34/dashboard/" "Mozilla/5.0 (Linux; Android 6.0; Nexus 5 Build/MRA58N) AppleWebKit/537.36 (KHTML, like Gecko) Chrome/146.0.0.0 Mobile Safari/537.36 Edg/146.0.0.0"
::1 - - [06/Apr/2026:16:36:59 +0000] "GET /dashboard/fortigate.php?device=fg-oficina&endpoint=wifi/managed_ap&start=0&count=50 HTTP/1.1" 200 20895 "-" "-"
192.168.111.6 - - [06/Apr/2026:16:36:59 +0000] "GET /dashboard/proxy.php?action=aps HTTP/1.1" 200 20950 "http://192.168.140.34/dashboard/" "Mozilla/5.0 (Linux; Android 6.0; Nexus 5 Build/MRA58N) AppleWebKit/537.36 (KHTML, like Gecko) Chrome/146.0.0.0 Mobile Safari/537.36 Edg/146.0.0.0"
::1 - - [06/Apr/2026:16:36:59 +0000] "GET /dashboard/fortigate.php?device=fg-oficina&endpoint=system/dhcp&start=0&count=100 HTTP/1.1" 200 23890 "-" "-"
192.168.111.6 - - [06/Apr/2026:16:36:59 +0000] "GET /dashboard/proxy.php?action=dhcp HTTP/1.1" 200 23945 "http://192.168.140.34/dashboard/" "Mozilla/5.0 (Linux; Android 6.0; Nexus 5 Build/MRA58N) AppleWebKit/537.36 (KHTML, like Gecko) Chrome/146.0.0.0 Mobile Safari/537.36 Edg/146.0.0.0"
::1 - - [06/Apr/2026:16:36:59 +0000] "GET /dashboard/fortigate.php?device=fg-oficina&endpoint=wifi/client&start=0&count=100 HTTP/1.1" 200 31978 "-" "-"
192.168.111.6 - - [06/Apr/2026:16:36:59 +0000] "GET /dashboard/proxy.php?action=clients HTTP/1.1" 200 32033 "http://192.168.140.34/dashboard/" "Mozilla/5.0 (Linux; Android 6.0; Nexus 5 Build/MRA58N) AppleWebKit/537.36 (KHTML, like Gecko) Chrome/146.0.0.0 Mobile Safari/537.36 Edg/146.0.0.0"
192.168.111.6 - - [06/Apr/2026:16:36:59 +0000] "GET /dashboard/fortigate.php?device=all&endpoint=firewall/session&start=0&count=2000 HTTP/1.1" 200 1467970 "http://192.168.140.34/dashboard/" "Mozilla/5.0 (Linux; Android 6.0; Nexus 5 Build/MRA58N) AppleWebKit/537.36 (KHTML, like Gecko) Chrome/146.0.0.0 Mobile Safari/537.36 Edg/146.0.0.0"
::1 - - [06/Apr/2026:16:37:09 +0000] "OPTIONS * HTTP/1.0" 200 126 "-" "Apache/2.4.66 (Debian) (internal dummy connection)"
192.168.111.6 - - [06/Apr/2026:16:37:59 +0000] "GET /dashboard/proxy.php?action=entity&entity=sensor.agnov_fg_wifi_clients_ssid1 HTTP/1.1" 200 691 "http://192.168.140.34/dashboard/" "Mozilla/5.0 (Linux; Android 6.0; Nexus 5 Build/MRA58N) AppleWebKit/537.36 (KHTML, like Gecko) Chrome/146.0.0.0 Mobile Safari/537.36 Edg/146.0.0.0"
