192.168.111.6 - - [06/Apr/2026:16:46:17 +0000] "GET /dashboard/fortigate.php?device=all&endpoint=firewall/session&start=0&count=2000 HTTP/1.1" 200 46134 "http://192.168.140.34/dashboard/" "Mozilla/5.0 (Windows NT 10.0; Win64; x64) AppleWebKit/537.36 (KHTML, like Gecko) Chrome/146.0.0.0 Safari/537.36 Edg/146.0.0.0"
192.168.111.6 - - [06/Apr/2026:16:46:17 +0000] "GET /dashboard/fortigate.php?device=all&endpoint=firewall/session&start=0&count=2000 HTTP/1.1" 200 1480736 "http://192.168.140.34/dashboard/" "Mozilla/5.0 (Windows NT 10.0; Win64; x64) AppleWebKit/537.36 (KHTML, like Gecko) Chrome/146.0.0.0 Safari/537.36 Edg/146.0.0.0"
192.168.111.6 - - [06/Apr/2026:16:46:23 +0000] "GET /dashboard/ HTTP/1.1" 200 6223 "-" "Mozilla/5.0 (Windows NT 10.0; Win64; x64) AppleWebKit/537.36 (KHTML, like Gecko) Chrome/146.0.0.0 Safari/537.36 Edg/146.0.0.0"
192.168.111.6 - - [06/Apr/2026:16:46:23 +0000] "GET /dashboard/proxy.php?action=entity&entity=sensor.agnov_fg_wifi_clients_ssid1 HTTP/1.1" 200 690 "http://192.168.140.34/dashboard/" "Mozilla/5.0 (Windows NT 10.0; Win64; x64) AppleWebKit/537.36 (KHTML, like Gecko) Chrome/146.0.0.0 Safari/537.36 Edg/146.0.0.0"
192.168.111.6 - - [06/Apr/2026:16:46:24 +0000] "GET /dashboard/proxy.php?action=entity&entity=sensor.agnov_fg_wifi_clients_ssid2 HTTP/1.1" 200 689 "http://192.168.140.34/dashboard/" "Mozilla/5.0 (Windows NT 10.0; Win64; x64) AppleWebKit/537.36 (KHTML, like Gecko) Chrome/146.0.0.0 Safari/537.36 Edg/146.0.0.0"
192.168.111.6 - - [06/Apr/2026:16:46:24 +0000] "GET /dashboard/proxy.php?action=entity&entity=sensor.agnov_fg_wifi_clients HTTP/1.1" 200 678 "http://192.168.140.34/dashboard/" "Mozilla/5.0 (Windows NT 10.0; Win64; x64) AppleWebKit/537.36 (KHTML, like Gecko) Chrome/146.0.0.0 Safari/537.36 Edg/146.0.0.0"
::1 - - [06/Apr/2026:16:46:23 +0000] "GET /dashboard/fortigate.php?device=fg-oficina&endpoint=wifi/managed_ap&start=0&count=50 HTTP/1.1" 200 20902 "-" "-"
192.168.111.6 - - [06/Apr/2026:16:46:23 +0000] "GET /dashboard/proxy.php?action=aps HTTP/1.1" 200 20958 "http://192.168.140.34/dashboard/" "Mozilla/5.0 (Windows NT 10.0; Win64; x64) AppleWebKit/537.36 (KHTML, like Gecko) Chrome/146.0.0.0 Safari/537.36 Edg/146.0.0.0"
::1 - - [06/Apr/2026:16:46:23 +0000] "GET /dashboard/fortigate.php?device=fg-oficina&endpoint=system/dhcp&start=0&count=100 HTTP/1.1" 200 24296 "-" "-"
192.168.111.6 - - [06/Apr/2026:16:46:23 +0000] "GET /dashboard/proxy.php?action=dhcp HTTP/1.1" 200 24352 "http://192.168.140.34/dashboard/" "Mozilla/5.0 (Windows NT 10.0; Win64; x64) AppleWebKit/537.36 (KHTML, like Gecko) Chrome/146.0.0.0 Safari/537.36 Edg/146.0.0.0"
::1 - - [06/Apr/2026:16:46:23 +0000] "GET /dashboard/fortigate.php?device=fg-oficina&endpoint=switch-controller/managed-switch&start=0&count=50 HTTP/1.1" 200 536 "-" "-"
192.168.111.6 - - [06/Apr/2026:16:46:23 +0000] "GET /dashboard/proxy.php?action=switches HTTP/1.1" 200 592 "http://192.168.140.34/dashboard/" "Mozilla/5.0 (Windows NT 10.0; Win64; x64) AppleWebKit/537.36 (KHTML, like Gecko) Chrome/146.0.0.0 Safari/537.36 Edg/146.0.0.0"
192.168.111.6 - - [06/Apr/2026:16:46:24 +0000] "GET /dashboard/ HTTP/1.1" 200 6223 "-" "Mozilla/5.0 (Windows NT 10.0; Win64; x64) AppleWebKit/537.36 (KHTML, like Gecko) Chrome/146.0.0.0 Safari/537.36 Edg/146.0.0.0"
::1 - - [06/Apr/2026:16:46:23 +0000] "GET /dashboard/fortigate.php?device=fg-oficina&endpoint=wifi/client&start=0&count=100 HTTP/1.1" 200 30624 "-" "-"
192.168.111.6 - - [06/Apr/2026:16:46:23 +0000] "GET /dashboard/proxy.php?action=clients HTTP/1.1" 200 30680 "http://192.168.140.34/dashboard/" "Mozilla/5.0 (Windows NT 10.0; Win64; x64) AppleWebKit/537.36 (KHTML, like Gecko) Chrome/146.0.0.0 Safari/537.36 Edg/146.0.0.0"
192.168.111.6 - - [06/Apr/2026:16:46:24 +0000] "GET /dashboard/proxy.php?action=entity&entity=sensor.agnov_fg_wifi_clients_ssid1 HTTP/1.1" 200 690 "http://192.168.140.34/dashboard/" "Mozilla/5.0 (Windows NT 10.0; Win64; x64) AppleWebKit/537.36 (KHTML, like Gecko) Chrome/146.0.0.0 Safari/537.36 Edg/146.0.0.0"
192.168.111.6 - - [06/Apr/2026:16:46:24 +0000] "GET /dashboard/proxy.php?action=entity&entity=sensor.agnov_fg_wifi_clients_ssid2 HTTP/1.1" 200 689 "http://192.168.140.34/dashboard/" "Mozilla/5.0 (Windows NT 10.0; Win64; x64) AppleWebKit/537.36 (KHTML, like Gecko) Chrome/146.0.0.0 Safari/537.36 Edg/146.0.0.0"
192.168.111.6 - - [06/Apr/2026:16:46:24 +0000] "GET /dashboard/proxy.php?action=entity&entity=sensor.agnov_fg_wifi_clients HTTP/1.1" 200 678 "http://192.168.140.34/dashboard/" "Mozilla/5.0 (Windows NT 10.0; Win64; x64) AppleWebKit/537.36 (KHTML, like Gecko) Chrome/146.0.0.0 Safari/537.36 Edg/146.0.0.0"
192.168.111.6 - - [06/Apr/2026:16:46:24 +0000] "GET /dashboard/ HTTP/1.1" 200 6223 "-" "Mozilla/5.0 (Windows NT 10.0; Win64; x64) AppleWebKit/537.36 (KHTML, like Gecko) Chrome/146.0.0.0 Safari/537.36 Edg/146.0.0.0"
::1 - - [06/Apr/2026:16:46:24 +0000] "GET /dashboard/fortigate.php?device=fg-oficina&endpoint=system/dhcp&start=0&count=100 HTTP/1.1" 200 24296 "-" "-"
192.168.111.6 - - [06/Apr/2026:16:46:24 +0000] "GET /dashboard/proxy.php?action=dhcp HTTP/1.1" 200 24351 "http://192.168.140.34/dashboard/" "Mozilla/5.0 (Windows NT 10.0; Win64; x64) AppleWebKit/537.36 (KHTML, like Gecko) Chrome/146.0.0.0 Safari/537.36 Edg/146.0.0.0"
::1 - - [06/Apr/2026:16:46:24 +0000] "GET /dashboard/fortigate.php?device=fg-oficina&endpoint=wifi/managed_ap&start=0&count=50 HTTP/1.1" 200 20902 "-" "-"
192.168.111.6 - - [06/Apr/2026:16:46:24 +0000] "GET /dashboard/proxy.php?action=aps HTTP/1.1" 200 20957 "http://192.168.140.34/dashboard/" "Mozilla/5.0 (Windows NT 10.0; Win64; x64) AppleWebKit/537.36 (KHTML, like Gecko) Chrome/146.0.0.0 Safari/537.36 Edg/146.0.0.0"
::1 - - [06/Apr/2026:16:46:24 +0000] "GET /dashboard/fortigate.php?device=fg-oficina&endpoint=switch-controller/managed-switch&start=0&count=50 HTTP/1.1" 200 536 "-" "-"
192.168.111.6 - - [06/Apr/2026:16:46:24 +0000] "GET /dashboard/proxy.php?action=switches HTTP/1.1" 200 592 "http://192.168.140.34/dashboard/" "Mozilla/5.0 (Windows NT 10.0; Win64; x64) AppleWebKit/537.36 (KHTML, like Gecko) Chrome/146.0.0.0 Safari/537.36 Edg/146.0.0.0"
192.168.111.6 - - [06/Apr/2026:16:46:24 +0000] "GET /dashboard/proxy.php?action=entity&entity=sensor.agnov_fg_wifi_clients_ssid1 HTTP/1.1" 200 690 "http://192.168.140.34/dashboard/" "Mozilla/5.0 (Windows NT 10.0; Win64; x64) AppleWebKit/537.36 (KHTML, like Gecko) Chrome/146.0.0.0 Safari/537.36 Edg/146.0.0.0"
192.168.111.6 - - [06/Apr/2026:16:46:24 +0000] "GET /dashboard/proxy.php?action=entity&entity=sensor.agnov_fg_wifi_clients_ssid2 HTTP/1.1" 200 689 "http://192.168.140.34/dashboard/" "Mozilla/5.0 (Windows NT 10.0; Win64; x64) AppleWebKit/537.36 (KHTML, like Gecko) Chrome/146.0.0.0 Safari/537.36 Edg/146.0.0.0"
192.168.111.6 - - [06/Apr/2026:16:46:24 +0000] "GET /dashboard/proxy.php?action=entity&entity=sensor.agnov_fg_wifi_clients HTTP/1.1" 200 678 "http://192.168.140.34/dashboard/" "Mozilla/5.0 (Windows NT 10.0; Win64; x64) AppleWebKit/537.36 (KHTML, like Gecko) Chrome/146.0.0.0 Safari/537.36 Edg/146.0.0.0"
::1 - - [06/Apr/2026:16:46:24 +0000] "GET /dashboard/fortigate.php?device=fg-oficina&endpoint=wifi/managed_ap&start=0&count=50 HTTP/1.1" 200 20902 "-" "-"
192.168.111.6 - - [06/Apr/2026:16:46:24 +0000] "GET /dashboard/proxy.php?action=aps HTTP/1.1" 200 20958 "http://192.168.140.34/dashboard/" "Mozilla/5.0 (Windows NT 10.0; Win64; x64) AppleWebKit/537.36 (KHTML, like Gecko) Chrome/146.0.0.0 Safari/537.36 Edg/146.0.0.0"
::1 - - [06/Apr/2026:16:46:24 +0000] "GET /dashboard/fortigate.php?device=fg-oficina&endpoint=wifi/client&start=0&count=100 HTTP/1.1" 200 30613 "-" "-"
192.168.111.6 - - [06/Apr/2026:16:46:24 +0000] "GET /dashboard/proxy.php?action=clients HTTP/1.1" 200 30668 "http://192.168.140.34/dashboard/" "Mozilla/5.0 (Windows NT 10.0; Win64; x64) AppleWebKit/537.36 (KHTML, like Gecko) Chrome/146.0.0.0 Safari/537.36 Edg/146.0.0.0"
::1 - - [06/Apr/2026:16:46:25 +0000] "GET /dashboard/fortigate.php?device=fg-oficina&endpoint=switch-controller/managed-switch&start=0&count=50 HTTP/1.1" 200 536 "-" "-"
192.168.111.6 - - [06/Apr/2026:16:46:24 +0000] "GET /dashboard/proxy.php?action=switches HTTP/1.1" 200 592 "http://192.168.140.34/dashboard/" "Mozilla/5.0 (Windows NT 10.0; Win64; x64) AppleWebKit/537.36 (KHTML, like Gecko) Chrome/146.0.0.0 Safari/537.36 Edg/146.0.0.0"
::1 - - [06/Apr/2026:16:46:25 +0000] "GET /dashboard/fortigate.php?device=fg-oficina&endpoint=system/dhcp&start=0&count=100 HTTP/1.1" 200 24296 "-" "-"
192.168.111.6 - - [06/Apr/2026:16:46:24 +0000] "GET /dashboard/proxy.php?action=dhcp HTTP/1.1" 200 24352 "http://192.168.140.34/dashboard/" "Mozilla/5.0 (Windows NT 10.0; Win64; x64) AppleWebKit/537.36 (KHTML, like Gecko) Chrome/146.0.0.0 Safari/537.36 Edg/146.0.0.0"
::1 - - [06/Apr/2026:16:46:24 +0000] "GET /dashboard/fortigate.php?device=fg-oficina&endpoint=wifi/client&start=0&count=100 HTTP/1.1" 200 30786 "-" "-"
192.168.111.6 - - [06/Apr/2026:16:46:24 +0000] "GET /dashboard/proxy.php?action=clients HTTP/1.1" 200 30842 "http://192.168.140.34/dashboard/" "Mozilla/5.0 (Windows NT 10.0; Win64; x64) AppleWebKit/537.36 (KHTML, like Gecko) Chrome/146.0.0.0 Safari/537.36 Edg/146.0.0.0"
192.168.111.6 - - [06/Apr/2026:16:46:23 +0000] "GET /dashboard/fortigate.php?device=all&endpoint=firewall/session&start=0&count=2000 HTTP/1.1" 200 44736 "http://192.168.140.34/dashboard/" "Mozilla/5.0 (Windows NT 10.0; Win64; x64) AppleWebKit/537.36 (KHTML, like Gecko) Chrome/146.0.0.0 Safari/537.36 Edg/146.0.0.0"
192.168.111.6 - - [06/Apr/2026:16:46:24 +0000] "GET /dashboard/fortigate.php?device=all&endpoint=firewall/session&start=0&count=2000 HTTP/1.1" 200 46134 "http://192.168.140.34/dashboard/" "Mozilla/5.0 (Windows NT 10.0; Win64; x64) AppleWebKit/537.36 (KHTML, like Gecko) Chrome/146.0.0.0 Safari/537.36 Edg/146.0.0.0"
192.168.111.6 - - [06/Apr/2026:16:46:24 +0000] "GET /dashboard/fortigate.php?device=all&endpoint=firewall/session&start=0&count=2000 HTTP/1.1" 200 1483660 "http://192.168.140.34/dashboard/" "Mozilla/5.0 (Windows NT 10.0; Win64; x64) AppleWebKit/537.36 (KHTML, like Gecko) Chrome/146.0.0.0 Safari/537.36 Edg/146.0.0.0"
::1 - - [06/Apr/2026:16:46:31 +0000] "OPTIONS * HTTP/1.0" 200 126 "-" "Apache/2.4.66 (Debian) (internal dummy connection)"
::1 - - [06/Apr/2026:16:46:33 +0000] "OPTIONS * HTTP/1.0" 200 126 "-" "Apache/2.4.66 (Debian) (internal dummy connection)"
192.168.111.6 - - [06/Apr/2026:16:47:24 +0000] "GET /dashboard/proxy.php?action=entity&entity=sensor.agnov_fg_wifi_clients_ssid1 HTTP/1.1" 200 691 "http://192.168.140.34/dashboard/" "Mozilla/5.0 (Windows NT 10.0; Win64; x64) AppleWebKit/537.36 (KHTML, like Gecko) Chrome/146.0.0.0 Safari/537.36 Edg/146.0.0.0"
192.168.111.6 - - [06/Apr/2026:16:47:24 +0000] "GET /dashboard/proxy.php?action=entity&entity=sensor.agnov_fg_wifi_clients_ssid2 HTTP/1.1" 200 689 "http://192.168.140.34/dashboard/" "Mozilla/5.0 (Windows NT 10.0; Win64; x64) AppleWebKit/537.36 (KHTML, like Gecko) Chrome/146.0.0.0 Safari/537.36 Edg/146.0.0.0"
::1 - - [06/Apr/2026:16:47:24 +0000] "GET /dashboard/fortigate.php?device=fg-oficina&endpoint=switch-controller/managed-switch&start=0&count=50 HTTP/1.1" 200 536 "-" "-"
192.168.111.6 - - [06/Apr/2026:16:47:24 +0000] "GET /dashboard/proxy.php?action=switches HTTP/1.1" 200 592 "http://192.168.140.34/dashboard/" "Mozilla/5.0 (Windows NT 10.0; Win64; x64) AppleWebKit/537.36 (KHTML, like Gecko) Chrome/146.0.0.0 Safari/537.36 Edg/146.0.0.0"
192.168.111.6 - - [06/Apr/2026:16:47:24 +0000] "GET /dashboard/proxy.php?action=entity&entity=sensor.agnov_fg_wifi_clients HTTP/1.1" 200 678 "http://192.168.140.34/dashboard/" "Mozilla/5.0 (Windows NT 10.0; Win64; x64) AppleWebKit/537.36 (KHTML, like Gecko) Chrome/146.0.0.0 Safari/537.36 Edg/146.0.0.0"
::1 - - [06/Apr/2026:16:47:24 +0000] "GET /dashboard/fortigate.php?device=fg-oficina&endpoint=wifi/managed_ap&start=0&count=50 HTTP/1.1" 200 20900 "-" "-"
192.168.111.6 - - [06/Apr/2026:16:47:24 +0000] "GET /dashboard/proxy.php?action=aps HTTP/1.1" 200 20956 "http://192.168.140.34/dashboard/" "Mozilla/5.0 (Windows NT 10.0; Win64; x64) AppleWebKit/537.36 (KHTML, like Gecko) Chrome/146.0.0.0 Safari/537.36 Edg/146.0.0.0"
::1 - - [06/Apr/2026:16:47:24 +0000] "GET /dashboard/fortigate.php?device=fg-oficina&endpoint=system/dhcp&start=0&count=100 HTTP/1.1" 200 24296 "-" "-"
192.168.111.6 - - [06/Apr/2026:16:47:24 +0000] "GET /dashboard/proxy.php?action=dhcp HTTP/1.1" 200 24352 "http://192.168.140.34/dashboard/" "Mozilla/5.0 (Windows NT 10.0; Win64; x64) AppleWebKit/537.36 (KHTML, like Gecko) Chrome/146.0.0.0 Safari/537.36 Edg/146.0.0.0"
::1 - - [06/Apr/2026:16:47:24 +0000] "GET /dashboard/fortigate.php?device=fg-oficina&endpoint=wifi/client&start=0&count=100 HTTP/1.1" 200 30637 "-" "-"
192.168.111.6 - - [06/Apr/2026:16:47:24 +0000] "GET /dashboard/proxy.php?action=clients HTTP/1.1" 200 30693 "http://192.168.140.34/dashboard/" "Mozilla/5.0 (Windows NT 10.0; Win64; x64) AppleWebKit/537.36 (KHTML, like Gecko) Chrome/146.0.0.0 Safari/537.36 Edg/146.0.0.0"
192.168.111.6 - - [06/Apr/2026:16:47:24 +0000] "GET /dashboard/fortigate.php?device=all&endpoint=firewall/session&start=0&count=2000 HTTP/1.1" 200 1409941 "http://192.168.140.34/dashboard/" "Mozilla/5.0 (Windows NT 10.0; Win64; x64) AppleWebKit/537.36 (KHTML, like Gecko) Chrome/146.0.0.0 Safari/537.36 Edg/146.0.0.0"
::1 - - [06/Apr/2026:16:47:32 +0000] "OPTIONS * HTTP/1.0" 200 126 "-" "Apache/2.4.66 (Debian) (internal dummy connection)"
192.168.111.6 - - [06/Apr/2026:16:48:02 +0000] "GET /dashboard/ HTTP/1.1" 200 6210 "-" "Mozilla/5.0 (Windows NT 10.0; Win64; x64) AppleWebKit/537.36 (KHTML, like Gecko) Chrome/146.0.0.0 Safari/537.36 Edg/146.0.0.0"
192.168.111.6 - - [06/Apr/2026:16:48:02 +0000] "GET /dashboard/home-assistant/config.js HTTP/1.1" 200 1567 "http://192.168.140.34/dashboard/" "Mozilla/5.0 (Windows NT 10.0; Win64; x64) AppleWebKit/537.36 (KHTML, like Gecko) Chrome/146.0.0.0 Safari/537.36 Edg/146.0.0.0"
192.168.111.6 - - [06/Apr/2026:16:48:02 +0000] "GET /dashboard/lib/chart.min.js HTTP/1.1" 200 70161 "http://192.168.140.34/dashboard/" "Mozilla/5.0 (Windows NT 10.0; Win64; x64) AppleWebKit/537.36 (KHTML, like Gecko) Chrome/146.0.0.0 Safari/537.36 Edg/146.0.0.0"
192.168.111.6 - - [06/Apr/2026:16:48:02 +0000] "GET /dashboard/proxy.php?action=entity&entity=sensor.agnov_fg_wifi_clients_ssid1 HTTP/1.1" 200 690 "http://192.168.140.34/dashboard/" "Mozilla/5.0 (Windows NT 10.0; Win64; x64) AppleWebKit/537.36 (KHTML, like Gecko) Chrome/146.0.0.0 Safari/537.36 Edg/146.0.0.0"
192.168.111.6 - - [06/Apr/2026:16:48:02 +0000] "GET /favicon.ico HTTP/1.1" 404 532 "http://192.168.140.34/dashboard/" "Mozilla/5.0 (Windows NT 10.0; Win64; x64) AppleWebKit/537.36 (KHTML, like Gecko) Chrome/146.0.0.0 Safari/537.36 Edg/146.0.0.0"
192.168.111.6 - - [06/Apr/2026:16:48:02 +0000] "GET /dashboard/proxy.php?action=entity&entity=sensor.agnov_fg_wifi_clients_ssid2 HTTP/1.1" 200 689 "http://192.168.140.34/dashboard/" "Mozilla/5.0 (Windows NT 10.0; Win64; x64) AppleWebKit/537.36 (KHTML, like Gecko) Chrome/146.0.0.0 Safari/537.36 Edg/146.0.0.0"
192.168.111.6 - - [06/Apr/2026:16:48:02 +0000] "GET /dashboard/proxy.php?action=entity&entity=sensor.agnov_fg_wifi_clients HTTP/1.1" 200 678 "http://192.168.140.34/dashboard/" "Mozilla/5.0 (Windows NT 10.0; Win64; x64) AppleWebKit/537.36 (KHTML, like Gecko) Chrome/146.0.0.0 Safari/537.36 Edg/146.0.0.0"
::1 - - [06/Apr/2026:16:48:02 +0000] "GET /dashboard/fortigate.php?device=fg-oficina&endpoint=system/dhcp&start=0&count=100 HTTP/1.1" 200 24296 "-" "-"
192.168.111.6 - - [06/Apr/2026:16:48:02 +0000] "GET /dashboard/proxy.php?action=dhcp HTTP/1.1" 200 24352 "http://192.168.140.34/dashboard/" "Mozilla/5.0 (Windows NT 10.0; Win64; x64) AppleWebKit/537.36 (KHTML, like Gecko) Chrome/146.0.0.0 Safari/537.36 Edg/146.0.0.0"
::1 - - [06/Apr/2026:16:48:02 +0000] "GET /dashboard/fortigate.php?device=fg-oficina&endpoint=wifi/managed_ap&start=0&count=50 HTTP/1.1" 200 20898 "-" "-"
192.168.111.6 - - [06/Apr/2026:16:48:02 +0000] "GET /dashboard/proxy.php?action=aps HTTP/1.1" 200 20954 "http://192.168.140.34/dashboard/" "Mozilla/5.0 (Windows NT 10.0; Win64; x64) AppleWebKit/537.36 (KHTML, like Gecko) Chrome/146.0.0.0 Safari/537.36 Edg/146.0.0.0"
::1 - - [06/Apr/2026:16:48:02 +0000] "GET /dashboard/fortigate.php?device=fg-oficina&endpoint=switch-controller/managed-switch&start=0&count=50 HTTP/1.1" 200 536 "-" "-"
192.168.111.6 - - [06/Apr/2026:16:48:02 +0000] "GET /dashboard/proxy.php?action=switches HTTP/1.1" 200 592 "http://192.168.140.34/dashboard/" "Mozilla/5.0 (Windows NT 10.0; Win64; x64) AppleWebKit/537.36 (KHTML, like Gecko) Chrome/146.0.0.0 Safari/537.36 Edg/146.0.0.0"
192.168.111.6 - - [06/Apr/2026:16:48:03 +0000] "GET /dashboard/ HTTP/1.1" 200 6209 "-" "Mozilla/5.0 (Windows NT 10.0; Win64; x64) AppleWebKit/537.36 (KHTML, like Gecko) Chrome/146.0.0.0 Safari/537.36 Edg/146.0.0.0"
192.168.111.6 - - [06/Apr/2026:16:48:03 +0000] "GET /dashboard/home-assistant/config.js HTTP/1.1" 200 1566 "http://192.168.140.34/dashboard/" "Mozilla/5.0 (Windows NT 10.0; Win64; x64) AppleWebKit/537.36 (KHTML, like Gecko) Chrome/146.0.0.0 Safari/537.36 Edg/146.0.0.0"
192.168.111.6 - - [06/Apr/2026:16:48:03 +0000] "GET /dashboard/lib/chart.min.js HTTP/1.1" 200 70161 "http://192.168.140.34/dashboard/" "Mozilla/5.0 (Windows NT 10.0; Win64; x64) AppleWebKit/537.36 (KHTML, like Gecko) Chrome/146.0.0.0 Safari/537.36 Edg/146.0.0.0"
192.168.111.6 - - [06/Apr/2026:16:48:03 +0000] "GET /dashboard/proxy.php?action=entity&entity=sensor.agnov_fg_wifi_clients_ssid1 HTTP/1.1" 200 690 "http://192.168.140.34/dashboard/" "Mozilla/5.0 (Windows NT 10.0; Win64; x64) AppleWebKit/537.36 (KHTML, like Gecko) Chrome/146.0.0.0 Safari/537.36 Edg/146.0.0.0"
192.168.111.6 - - [06/Apr/2026:16:48:03 +0000] "GET /favicon.ico HTTP/1.1" 404 532 "http://192.168.140.34/dashboard/" "Mozilla/5.0 (Windows NT 10.0; Win64; x64) AppleWebKit/537.36 (KHTML, like Gecko) Chrome/146.0.0.0 Safari/537.36 Edg/146.0.0.0"
192.168.111.6 - - [06/Apr/2026:16:48:03 +0000] "GET /dashboard/proxy.php?action=entity&entity=sensor.agnov_fg_wifi_clients_ssid2 HTTP/1.1" 200 689 "http://192.168.140.34/dashboard/" "Mozilla/5.0 (Windows NT 10.0; Win64; x64) AppleWebKit/537.36 (KHTML, like Gecko) Chrome/146.0.0.0 Safari/537.36 Edg/146.0.0.0"
::1 - - [06/Apr/2026:16:48:02 +0000] "GET /dashboard/fortigate.php?device=fg-oficina&endpoint=wifi/client&start=0&count=100 HTTP/1.1" 200 30669 "-" "-"
192.168.111.6 - - [06/Apr/2026:16:48:02 +0000] "GET /dashboard/proxy.php?action=clients HTTP/1.1" 200 30724 "http://192.168.140.34/dashboard/" "Mozilla/5.0 (Windows NT 10.0; Win64; x64) AppleWebKit/537.36 (KHTML, like Gecko) Chrome/146.0.0.0 Safari/537.36 Edg/146.0.0.0"
192.168.111.6 - - [06/Apr/2026:16:48:03 +0000] "GET /dashboard/proxy.php?action=entity&entity=sensor.agnov_fg_wifi_clients HTTP/1.1" 200 678 "http://192.168.140.34/dashboard/" "Mozilla/5.0 (Windows NT 10.0; Win64; x64) AppleWebKit/537.36 (KHTML, like Gecko) Chrome/146.0.0.0 Safari/537.36 Edg/146.0.0.0"
::1 - - [06/Apr/2026:16:48:03 +0000] "GET /dashboard/fortigate.php?device=fg-oficina&endpoint=wifi/managed_ap&start=0&count=50 HTTP/1.1" 200 20898 "-" "-"
192.168.111.6 - - [06/Apr/2026:16:48:03 +0000] "GET /dashboard/proxy.php?action=aps HTTP/1.1" 200 20953 "http://192.168.140.34/dashboard/" "Mozilla/5.0 (Windows NT 10.0; Win64; x64) AppleWebKit/537.36 (KHTML, like Gecko) Chrome/146.0.0.0 Safari/537.36 Edg/146.0.0.0"
::1 - - [06/Apr/2026:16:48:03 +0000] "GET /dashboard/fortigate.php?device=fg-oficina&endpoint=system/dhcp&start=0&count=100 HTTP/1.1" 200 24296 "-" "-"
192.168.111.6 - - [06/Apr/2026:16:48:03 +0000] "GET /dashboard/proxy.php?action=dhcp HTTP/1.1" 200 24351 "http://192.168.140.34/dashboard/" "Mozilla/5.0 (Windows NT 10.0; Win64; x64) AppleWebKit/537.36 (KHTML, like Gecko) Chrome/146.0.0.0 Safari/537.36 Edg/146.0.0.0"
::1 - - [06/Apr/2026:16:48:03 +0000] "GET /dashboard/fortigate.php?device=fg-oficina&endpoint=switch-controller/managed-switch&start=0&count=50 HTTP/1.1" 200 536 "-" "-"
192.168.111.6 - - [06/Apr/2026:16:48:03 +0000] "GET /dashboard/proxy.php?action=switches HTTP/1.1" 200 592 "http://192.168.140.34/dashboard/" "Mozilla/5.0 (Windows NT 10.0; Win64; x64) AppleWebKit/537.36 (KHTML, like Gecko) Chrome/146.0.0.0 Safari/537.36 Edg/146.0.0.0"
::1 - - [06/Apr/2026:16:48:03 +0000] "GET /dashboard/fortigate.php?device=fg-oficina&endpoint=wifi/client&start=0&count=100 HTTP/1.1" 200 31124 "-" "-"
192.168.111.6 - - [06/Apr/2026:16:48:03 +0000] "GET /dashboard/proxy.php?action=clients HTTP/1.1" 200 31179 "http://192.168.140.34/dashboard/" "Mozilla/5.0 (Windows NT 10.0; Win64; x64) AppleWebKit/537.36 (KHTML, like Gecko) Chrome/146.0.0.0 Safari/537.36 Edg/146.0.0.0"
192.168.111.6 - - [06/Apr/2026:16:48:02 +0000] "GET /dashboard/fortigate.php?device=all&endpoint=firewall/session&start=0&count=2000 HTTP/1.1" 200 46134 "http://192.168.140.34/dashboard/" "Mozilla/5.0 (Windows NT 10.0; Win64; x64) AppleWebKit/537.36 (KHTML, like Gecko) Chrome/146.0.0.0 Safari/537.36 Edg/146.0.0.0"
192.168.111.6 - - [06/Apr/2026:16:48:03 +0000] "GET /dashboard/fortigate.php?device=all&endpoint=firewall/session&start=0&count=2000 HTTP/1.1" 200 1453500 "http://192.168.140.34/dashboard/" "Mozilla/5.0 (Windows NT 10.0; Win64; x64) AppleWebKit/537.36 (KHTML, like Gecko) Chrome/146.0.0.0 Safari/537.36 Edg/146.0.0.0"
::1 - - [06/Apr/2026:16:48:10 +0000] "OPTIONS * HTTP/1.0" 200 126 "-" "Apache/2.4.66 (Debian) (internal dummy connection)"
::1 - - [06/Apr/2026:16:48:11 +0000] "OPTIONS * HTTP/1.0" 200 126 "-" "Apache/2.4.66 (Debian) (internal dummy connection)"
::1 - - [06/Apr/2026:16:48:12 +0000] "OPTIONS * HTTP/1.0" 200 126 "-" "Apache/2.4.66 (Debian) (internal dummy connection)"
192.168.111.6 - - [06/Apr/2026:16:49:03 +0000] "GET /dashboard/proxy.php?action=entity&entity=sensor.agnov_fg_wifi_clients_ssid1 HTTP/1.1" 200 691 "http://192.168.140.34/dashboard/" "Mozilla/5.0 (Windows NT 10.0; Win64; x64) AppleWebKit/537.36 (KHTML, like Gecko) Chrome/146.0.0.0 Safari/537.36 Edg/146.0.0.0"
192.168.111.6 - - [06/Apr/2026:16:49:03 +0000] "GET /dashboard/proxy.php?action=entity&entity=sensor.agnov_fg_wifi_clients_ssid2 HTTP/1.1" 200 689 "http://192.168.140.34/dashboard/" "Mozilla/5.0 (Windows NT 10.0; Win64; x64) AppleWebKit/537.36 (KHTML, like Gecko) Chrome/146.0.0.0 Safari/537.36 Edg/146.0.0.0"
192.168.111.6 - - [06/Apr/2026:16:49:03 +0000] "GET /dashboard/proxy.php?action=entity&entity=sensor.agnov_fg_wifi_clients HTTP/1.1" 200 678 "http://192.168.140.34/dashboard/" "Mozilla/5.0 (Windows NT 10.0; Win64; x64) AppleWebKit/537.36 (KHTML, like Gecko) Chrome/146.0.0.0 Safari/537.36 Edg/146.0.0.0"
::1 - - [06/Apr/2026:16:49:03 +0000] "GET /dashboard/fortigate.php?device=fg-oficina&endpoint=wifi/managed_ap&start=0&count=50 HTTP/1.1" 200 20905 "-" "-"
192.168.111.6 - - [06/Apr/2026:16:49:03 +0000] "GET /dashboard/proxy.php?action=aps HTTP/1.1" 200 20961 "http://192.168.140.34/dashboard/" "Mozilla/5.0 (Windows NT 10.0; Win64; x64) AppleWebKit/537.36 (KHTML, like Gecko) Chrome/146.0.0.0 Safari/537.36 Edg/146.0.0.0"
::1 - - [06/Apr/2026:16:49:03 +0000] "GET /dashboard/fortigate.php?device=fg-oficina&endpoint=system/dhcp&start=0&count=100 HTTP/1.1" 200 24296 "-" "-"
192.168.111.6 - - [06/Apr/2026:16:49:03 +0000] "GET /dashboard/proxy.php?action=dhcp HTTP/1.1" 200 24352 "http://192.168.140.34/dashboard/" "Mozilla/5.0 (Windows NT 10.0; Win64; x64) AppleWebKit/537.36 (KHTML, like Gecko) Chrome/146.0.0.0 Safari/537.36 Edg/146.0.0.0"
::1 - - [06/Apr/2026:16:49:03 +0000] "GET /dashboard/fortigate.php?device=fg-oficina&endpoint=switch-controller/managed-switch&start=0&count=50 HTTP/1.1" 200 536 "-" "-"
192.168.111.6 - - [06/Apr/2026:16:49:03 +0000] "GET /dashboard/proxy.php?action=switches HTTP/1.1" 200 592 "http://192.168.140.34/dashboard/" "Mozilla/5.0 (Windows NT 10.0; Win64; x64) AppleWebKit/537.36 (KHTML, like Gecko) Chrome/146.0.0.0 Safari/537.36 Edg/146.0.0.0"
::1 - - [06/Apr/2026:16:49:03 +0000] "GET /dashboard/fortigate.php?device=fg-oficina&endpoint=wifi/client&start=0&count=100 HTTP/1.1" 200 30636 "-" "-"
192.168.111.6 - - [06/Apr/2026:16:49:03 +0000] "GET /dashboard/proxy.php?action=clients HTTP/1.1" 200 30692 "http://192.168.140.34/dashboard/" "Mozilla/5.0 (Windows NT 10.0; Win64; x64) AppleWebKit/537.36 (KHTML, like Gecko) Chrome/146.0.0.0 Safari/537.36 Edg/146.0.0.0"
192.168.111.6 - - [06/Apr/2026:16:49:03 +0000] "GET /dashboard/fortigate.php?device=all&endpoint=firewall/session&start=0&count=2000 HTTP/1.1" 200 1392982 "http://192.168.140.34/dashboard/" "Mozilla/5.0 (Windows NT 10.0; Win64; x64) AppleWebKit/537.36 (KHTML, like Gecko) Chrome/146.0.0.0 Safari/537.36 Edg/146.0.0.0"
192.168.111.6 - - [06/Apr/2026:16:49:10 +0000] "GET /dashboard/ HTTP/1.1" 200 6257 "-" "Mozilla/5.0 (Windows NT 10.0; Win64; x64) AppleWebKit/537.36 (KHTML, like Gecko) Chrome/146.0.0.0 Safari/537.36 Edg/146.0.0.0"
192.168.111.6 - - [06/Apr/2026:16:49:10 +0000] "GET /dashboard/proxy.php?action=entity&entity=sensor.agnov_fg_wifi_clients_ssid1 HTTP/1.1" 200 690 "http://192.168.140.34/dashboard/" "Mozilla/5.0 (Windows NT 10.0; Win64; x64) AppleWebKit/537.36 (KHTML, like Gecko) Chrome/146.0.0.0 Safari/537.36 Edg/146.0.0.0"
192.168.111.6 - - [06/Apr/2026:16:49:10 +0000] "GET /dashboard/proxy.php?action=entity&entity=sensor.agnov_fg_wifi_clients_ssid2 HTTP/1.1" 200 689 "http://192.168.140.34/dashboard/" "Mozilla/5.0 (Windows NT 10.0; Win64; x64) AppleWebKit/537.36 (KHTML, like Gecko) Chrome/146.0.0.0 Safari/537.36 Edg/146.0.0.0"
192.168.111.6 - - [06/Apr/2026:16:49:10 +0000] "GET /dashboard/ HTTP/1.1" 200 6256 "-" "Mozilla/5.0 (Windows NT 10.0; Win64; x64) AppleWebKit/537.36 (KHTML, like Gecko) Chrome/146.0.0.0 Safari/537.36 Edg/146.0.0.0"
192.168.111.6 - - [06/Apr/2026:16:49:10 +0000] "GET /dashboard/proxy.php?action=entity&entity=sensor.agnov_fg_wifi_clients HTTP/1.1" 200 678 "http://192.168.140.34/dashboard/" "Mozilla/5.0 (Windows NT 10.0; Win64; x64) AppleWebKit/537.36 (KHTML, like Gecko) Chrome/146.0.0.0 Safari/537.36 Edg/146.0.0.0"
::1 - - [06/Apr/2026:16:49:10 +0000] "GET /dashboard/fortigate.php?device=fg-oficina&endpoint=wifi/managed_ap&start=0&count=50 HTTP/1.1" 200 20905 "-" "-"
192.168.111.6 - - [06/Apr/2026:16:49:10 +0000] "GET /dashboard/proxy.php?action=aps HTTP/1.1" 200 20961 "http://192.168.140.34/dashboard/" "Mozilla/5.0 (Windows NT 10.0; Win64; x64) AppleWebKit/537.36 (KHTML, like Gecko) Chrome/146.0.0.0 Safari/537.36 Edg/146.0.0.0"
192.168.111.6 - - [06/Apr/2026:16:49:10 +0000] "GET /dashboard/proxy.php?action=entity&entity=sensor.agnov_fg_wifi_clients_ssid1 HTTP/1.1" 200 691 "http://192.168.140.34/dashboard/" "Mozilla/5.0 (Windows NT 10.0; Win64; x64) AppleWebKit/537.36 (KHTML, like Gecko) Chrome/146.0.0.0 Safari/537.36 Edg/146.0.0.0"
192.168.111.6 - - [06/Apr/2026:16:49:10 +0000] "GET /dashboard/ HTTP/1.1" 200 6256 "-" "Mozilla/5.0 (Windows NT 10.0; Win64; x64) AppleWebKit/537.36 (KHTML, like Gecko) Chrome/146.0.0.0 Safari/537.36 Edg/146.0.0.0"
192.168.111.6 - - [06/Apr/2026:16:49:10 +0000] "GET /dashboard/proxy.php?action=entity&entity=sensor.agnov_fg_wifi_clients_ssid2 HTTP/1.1" 200 689 "http://192.168.140.34/dashboard/" "Mozilla/5.0 (Windows NT 10.0; Win64; x64) AppleWebKit/537.36 (KHTML, like Gecko) Chrome/146.0.0.0 Safari/537.36 Edg/146.0.0.0"
::1 - - [06/Apr/2026:16:49:10 +0000] "GET /dashboard/fortigate.php?device=fg-oficina&endpoint=switch-controller/managed-switch&start=0&count=50 HTTP/1.1" 200 536 "-" "-"
192.168.111.6 - - [06/Apr/2026:16:49:10 +0000] "GET /dashboard/proxy.php?action=switches HTTP/1.1" 200 592 "http://192.168.140.34/dashboard/" "Mozilla/5.0 (Windows NT 10.0; Win64; x64) AppleWebKit/537.36 (KHTML, like Gecko) Chrome/146.0.0.0 Safari/537.36 Edg/146.0.0.0"
::1 - - [06/Apr/2026:16:49:10 +0000] "GET /dashboard/fortigate.php?device=fg-oficina&endpoint=system/dhcp&start=0&count=100 HTTP/1.1" 200 24296 "-" "-"
192.168.111.6 - - [06/Apr/2026:16:49:10 +0000] "GET /dashboard/proxy.php?action=dhcp HTTP/1.1" 200 24352 "http://192.168.140.34/dashboard/" "Mozilla/5.0 (Windows NT 10.0; Win64; x64) AppleWebKit/537.36 (KHTML, like Gecko) Chrome/146.0.0.0 Safari/537.36 Edg/146.0.0.0"
::1 - - [06/Apr/2026:16:49:10 +0000] "GET /dashboard/fortigate.php?device=fg-oficina&endpoint=wifi/managed_ap&start=0&count=50 HTTP/1.1" 200 20905 "-" "-"
192.168.111.6 - - [06/Apr/2026:16:49:10 +0000] "GET /dashboard/proxy.php?action=aps HTTP/1.1" 200 20961 "http://192.168.140.34/dashboard/" "Mozilla/5.0 (Windows NT 10.0; Win64; x64) AppleWebKit/537.36 (KHTML, like Gecko) Chrome/146.0.0.0 Safari/537.36 Edg/146.0.0.0"
192.168.111.6 - - [06/Apr/2026:16:49:10 +0000] "GET /dashboard/proxy.php?action=entity&entity=sensor.agnov_fg_wifi_clients_ssid1 HTTP/1.1" 200 691 "http://192.168.140.34/dashboard/" "Mozilla/5.0 (Windows NT 10.0; Win64; x64) AppleWebKit/537.36 (KHTML, like Gecko) Chrome/146.0.0.0 Safari/537.36 Edg/146.0.0.0"
192.168.111.6 - - [06/Apr/2026:16:49:10 +0000] "GET /dashboard/proxy.php?action=entity&entity=sensor.agnov_fg_wifi_clients_ssid2 HTTP/1.1" 200 689 "http://192.168.140.34/dashboard/" "Mozilla/5.0 (Windows NT 10.0; Win64; x64) AppleWebKit/537.36 (KHTML, like Gecko) Chrome/146.0.0.0 Safari/537.36 Edg/146.0.0.0"
192.168.111.6 - - [06/Apr/2026:16:49:10 +0000] "GET /dashboard/proxy.php?action=entity&entity=sensor.agnov_fg_wifi_clients HTTP/1.1" 200 678 "http://192.168.140.34/dashboard/" "Mozilla/5.0 (Windows NT 10.0; Win64; x64) AppleWebKit/537.36 (KHTML, like Gecko) Chrome/146.0.0.0 Safari/537.36 Edg/146.0.0.0"
::1 - - [06/Apr/2026:16:49:10 +0000] "GET /dashboard/fortigate.php?device=fg-oficina&endpoint=switch-controller/managed-switch&start=0&count=50 HTTP/1.1" 200 536 "-" "-"
192.168.111.6 - - [06/Apr/2026:16:49:10 +0000] "GET /dashboard/proxy.php?action=switches HTTP/1.1" 200 592 "http://192.168.140.34/dashboard/" "Mozilla/5.0 (Windows NT 10.0; Win64; x64) AppleWebKit/537.36 (KHTML, like Gecko) Chrome/146.0.0.0 Safari/537.36 Edg/146.0.0.0"
::1 - - [06/Apr/2026:16:49:10 +0000] "GET /dashboard/fortigate.php?device=fg-oficina&endpoint=wifi/client&start=0&count=100 HTTP/1.1" 200 30594 "-" "-"
192.168.111.6 - - [06/Apr/2026:16:49:10 +0000] "GET /dashboard/proxy.php?action=clients HTTP/1.1" 200 30650 "http://192.168.140.34/dashboard/" "Mozilla/5.0 (Windows NT 10.0; Win64; x64) AppleWebKit/537.36 (KHTML, like Gecko) Chrome/146.0.0.0 Safari/537.36 Edg/146.0.0.0"
::1 - - [06/Apr/2026:16:49:10 +0000] "GET /dashboard/fortigate.php?device=fg-oficina&endpoint=system/dhcp&start=0&count=100 HTTP/1.1" 200 24296 "-" "-"
192.168.111.6 - - [06/Apr/2026:16:49:10 +0000] "GET /dashboard/proxy.php?action=dhcp HTTP/1.1" 200 24352 "http://192.168.140.34/dashboard/" "Mozilla/5.0 (Windows NT 10.0; Win64; x64) AppleWebKit/537.36 (KHTML, like Gecko) Chrome/146.0.0.0 Safari/537.36 Edg/146.0.0.0"
::1 - - [06/Apr/2026:16:49:10 +0000] "GET /dashboard/fortigate.php?device=fg-oficina&endpoint=wifi/client&start=0&count=100 HTTP/1.1" 200 30595 "-" "-"
192.168.111.6 - - [06/Apr/2026:16:49:10 +0000] "GET /dashboard/proxy.php?action=clients HTTP/1.1" 200 30651 "http://192.168.140.34/dashboard/" "Mozilla/5.0 (Windows NT 10.0; Win64; x64) AppleWebKit/537.36 (KHTML, like Gecko) Chrome/146.0.0.0 Safari/537.36 Edg/146.0.0.0"
::1 - - [06/Apr/2026:16:49:11 +0000] "GET /dashboard/fortigate.php?device=fg-oficina&endpoint=system/dhcp&start=0&count=100 HTTP/1.1" 200 24296 "-" "-"
192.168.111.6 - - [06/Apr/2026:16:49:10 +0000] "GET /dashboard/proxy.php?action=dhcp HTTP/1.1" 200 24352 "http://192.168.140.34/dashboard/" "Mozilla/5.0 (Windows NT 10.0; Win64; x64) AppleWebKit/537.36 (KHTML, like Gecko) Chrome/146.0.0.0 Safari/537.36 Edg/146.0.0.0"
::1 - - [06/Apr/2026:16:49:11 +0000] "GET /dashboard/fortigate.php?device=fg-oficina&endpoint=switch-controller/managed-switch&start=0&count=50 HTTP/1.1" 200 536 "-" "-"
192.168.111.6 - - [06/Apr/2026:16:49:11 +0000] "GET /dashboard/proxy.php?action=switches HTTP/1.1" 200 592 "http://192.168.140.34/dashboard/" "Mozilla/5.0 (Windows NT 10.0; Win64; x64) AppleWebKit/537.36 (KHTML, like Gecko) Chrome/146.0.0.0 Safari/537.36 Edg/146.0.0.0"
::1 - - [06/Apr/2026:16:49:11 +0000] "GET /dashboard/fortigate.php?device=fg-oficina&endpoint=wifi/managed_ap&start=0&count=50 HTTP/1.1" 200 20905 "-" "-"
192.168.111.6 - - [06/Apr/2026:16:49:10 +0000] "GET /dashboard/proxy.php?action=aps HTTP/1.1" 200 20961 "http://192.168.140.34/dashboard/" "Mozilla/5.0 (Windows NT 10.0; Win64; x64) AppleWebKit/537.36 (KHTML, like Gecko) Chrome/146.0.0.0 Safari/537.36 Edg/146.0.0.0"
::1 - - [06/Apr/2026:16:49:11 +0000] "GET /dashboard/fortigate.php?device=fg-oficina&endpoint=wifi/client&start=0&count=100 HTTP/1.1" 200 30902 "-" "-"
192.168.111.6 - - [06/Apr/2026:16:49:10 +0000] "GET /dashboard/proxy.php?action=clients HTTP/1.1" 200 30958 "http://192.168.140.34/dashboard/" "Mozilla/5.0 (Windows NT 10.0; Win64; x64) AppleWebKit/537.36 (KHTML, like Gecko) Chrome/146.0.0.0 Safari/537.36 Edg/146.0.0.0"
192.168.111.6 - - [06/Apr/2026:16:49:10 +0000] "GET /dashboard/fortigate.php?device=all&endpoint=firewall/session&start=0&count=2000 HTTP/1.1" 200 46134 "http://192.168.140.34/dashboard/" "Mozilla/5.0 (Windows NT 10.0; Win64; x64) AppleWebKit/537.36 (KHTML, like Gecko) Chrome/146.0.0.0 Safari/537.36 Edg/146.0.0.0"
192.168.111.6 - - [06/Apr/2026:16:49:10 +0000] "GET /dashboard/fortigate.php?device=all&endpoint=firewall/session&start=0&count=2000 HTTP/1.1" 200 46134 "http://192.168.140.34/dashboard/" "Mozilla/5.0 (Windows NT 10.0; Win64; x64) AppleWebKit/537.36 (KHTML, like Gecko) Chrome/146.0.0.0 Safari/537.36 Edg/146.0.0.0"
192.168.111.6 - - [06/Apr/2026:16:49:10 +0000] "GET /dashboard/fortigate.php?device=all&endpoint=firewall/session&start=0&count=2000 HTTP/1.1" 200 1408853 "http://192.168.140.34/dashboard/" "Mozilla/5.0 (Windows NT 10.0; Win64; x64) AppleWebKit/537.36 (KHTML, like Gecko) Chrome/146.0.0.0 Safari/537.36 Edg/146.0.0.0"
::1 - - [06/Apr/2026:16:49:18 +0000] "OPTIONS * HTTP/1.0" 200 126 "-" "Apache/2.4.66 (Debian) (internal dummy connection)"
::1 - - [06/Apr/2026:16:49:19 +0000] "OPTIONS * HTTP/1.0" 200 126 "-" "Apache/2.4.66 (Debian) (internal dummy connection)"
::1 - - [06/Apr/2026:16:49:20 +0000] "OPTIONS * HTTP/1.0" 200 126 "-" "Apache/2.4.66 (Debian) (internal dummy connection)"
::1 - - [06/Apr/2026:16:49:21 +0000] "OPTIONS * HTTP/1.0" 200 126 "-" "Apache/2.4.66 (Debian) (internal dummy connection)"
192.168.111.6 - - [06/Apr/2026:16:50:10 +0000] "GET /dashboard/proxy.php?action=entity&entity=sensor.agnov_fg_wifi_clients_ssid1 HTTP/1.1" 200 691 "http://192.168.140.34/dashboard/" "Mozilla/5.0 (Windows NT 10.0; Win64; x64) AppleWebKit/537.36 (KHTML, like Gecko) Chrome/146.0.0.0 Safari/537.36 Edg/146.0.0.0"
192.168.111.6 - - [06/Apr/2026:16:50:10 +0000] "GET /dashboard/proxy.php?action=entity&entity=sensor.agnov_fg_wifi_clients_ssid2 HTTP/1.1" 200 689 "http://192.168.140.34/dashboard/" "Mozilla/5.0 (Windows NT 10.0; Win64; x64) AppleWebKit/537.36 (KHTML, like Gecko) Chrome/146.0.0.0 Safari/537.36 Edg/146.0.0.0"
192.168.111.6 - - [06/Apr/2026:16:50:10 +0000] "GET /dashboard/proxy.php?action=entity&entity=sensor.agnov_fg_wifi_clients HTTP/1.1" 200 678 "http://192.168.140.34/dashboard/" "Mozilla/5.0 (Windows NT 10.0; Win64; x64) AppleWebKit/537.36 (KHTML, like Gecko) Chrome/146.0.0.0 Safari/537.36 Edg/146.0.0.0"
::1 - - [06/Apr/2026:16:50:10 +0000] "GET /dashboard/fortigate.php?device=fg-oficina&endpoint=wifi/managed_ap&start=0&count=50 HTTP/1.1" 200 20901 "-" "-"
192.168.111.6 - - [06/Apr/2026:16:50:10 +0000] "GET /dashboard/proxy.php?action=aps HTTP/1.1" 200 20957 "http://192.168.140.34/dashboard/" "Mozilla/5.0 (Windows NT 10.0; Win64; x64) AppleWebKit/537.36 (KHTML, like Gecko) Chrome/146.0.0.0 Safari/537.36 Edg/146.0.0.0"
::1 - - [06/Apr/2026:16:50:10 +0000] "GET /dashboard/fortigate.php?device=fg-oficina&endpoint=switch-controller/managed-switch&start=0&count=50 HTTP/1.1" 200 536 "-" "-"
192.168.111.6 - - [06/Apr/2026:16:50:10 +0000] "GET /dashboard/proxy.php?action=switches HTTP/1.1" 200 592 "http://192.168.140.34/dashboard/" "Mozilla/5.0 (Windows NT 10.0; Win64; x64) AppleWebKit/537.36 (KHTML, like Gecko) Chrome/146.0.0.0 Safari/537.36 Edg/146.0.0.0"
::1 - - [06/Apr/2026:16:50:10 +0000] "GET /dashboard/fortigate.php?device=fg-oficina&endpoint=system/dhcp&start=0&count=100 HTTP/1.1" 200 24296 "-" "-"
192.168.111.6 - - [06/Apr/2026:16:50:10 +0000] "GET /dashboard/proxy.php?action=dhcp HTTP/1.1" 200 24352 "http://192.168.140.34/dashboard/" "Mozilla/5.0 (Windows NT 10.0; Win64; x64) AppleWebKit/537.36 (KHTML, like Gecko) Chrome/146.0.0.0 Safari/537.36 Edg/146.0.0.0"
::1 - - [06/Apr/2026:16:50:10 +0000] "GET /dashboard/fortigate.php?device=fg-oficina&endpoint=wifi/client&start=0&count=100 HTTP/1.1" 200 30620 "-" "-"
192.168.111.6 - - [06/Apr/2026:16:50:10 +0000] "GET /dashboard/proxy.php?action=clients HTTP/1.1" 200 30676 "http://192.168.140.34/dashboard/" "Mozilla/5.0 (Windows NT 10.0; Win64; x64) AppleWebKit/537.36 (KHTML, like Gecko) Chrome/146.0.0.0 Safari/537.36 Edg/146.0.0.0"
192.168.111.6 - - [06/Apr/2026:16:50:10 +0000] "GET /dashboard/fortigate.php?device=all&endpoint=firewall/session&start=0&count=2000 HTTP/1.1" 200 1480606 "http://192.168.140.34/dashboard/" "Mozilla/5.0 (Windows NT 10.0; Win64; x64) AppleWebKit/537.36 (KHTML, like Gecko) Chrome/146.0.0.0 Safari/537.36 Edg/146.0.0.0"
::1 - - [06/Apr/2026:16:50:19 +0000] "OPTIONS * HTTP/1.0" 200 126 "-" "Apache/2.4.66 (Debian) (internal dummy connection)"
192.168.111.6 - - [06/Apr/2026:16:51:10 +0000] "GET /dashboard/proxy.php?action=entity&entity=sensor.agnov_fg_wifi_clients_ssid1 HTTP/1.1" 200 691 "http://192.168.140.34/dashboard/" "Mozilla/5.0 (Windows NT 10.0; Win64; x64) AppleWebKit/537.36 (KHTML, like Gecko) Chrome/146.0.0.0 Safari/537.36 Edg/146.0.0.0"
192.168.111.6 - - [06/Apr/2026:16:51:10 +0000] "GET /dashboard/proxy.php?action=entity&entity=sensor.agnov_fg_wifi_clients_ssid2 HTTP/1.1" 200 689 "http://192.168.140.34/dashboard/" "Mozilla/5.0 (Windows NT 10.0; Win64; x64) AppleWebKit/537.36 (KHTML, like Gecko) Chrome/146.0.0.0 Safari/537.36 Edg/146.0.0.0"
192.168.111.6 - - [06/Apr/2026:16:51:10 +0000] "GET /dashboard/proxy.php?action=entity&entity=sensor.agnov_fg_wifi_clients HTTP/1.1" 200 678 "http://192.168.140.34/dashboard/" "Mozilla/5.0 (Windows NT 10.0; Win64; x64) AppleWebKit/537.36 (KHTML, like Gecko) Chrome/146.0.0.0 Safari/537.36 Edg/146.0.0.0"
::1 - - [06/Apr/2026:16:51:10 +0000] "GET /dashboard/fortigate.php?device=fg-oficina&endpoint=switch-controller/managed-switch&start=0&count=50 HTTP/1.1" 200 536 "-" "-"
192.168.111.6 - - [06/Apr/2026:16:51:10 +0000] "GET /dashboard/proxy.php?action=switches HTTP/1.1" 200 592 "http://192.168.140.34/dashboard/" "Mozilla/5.0 (Windows NT 10.0; Win64; x64) AppleWebKit/537.36 (KHTML, like Gecko) Chrome/146.0.0.0 Safari/537.36 Edg/146.0.0.0"
::1 - - [06/Apr/2026:16:51:10 +0000] "GET /dashboard/fortigate.php?device=fg-oficina&endpoint=wifi/managed_ap&start=0&count=50 HTTP/1.1" 200 20900 "-" "-"
192.168.111.6 - - [06/Apr/2026:16:51:10 +0000] "GET /dashboard/proxy.php?action=aps HTTP/1.1" 200 20956 "http://192.168.140.34/dashboard/" "Mozilla/5.0 (Windows NT 10.0; Win64; x64) AppleWebKit/537.36 (KHTML, like Gecko) Chrome/146.0.0.0 Safari/537.36 Edg/146.0.0.0"
::1 - - [06/Apr/2026:16:51:10 +0000] "GET /dashboard/fortigate.php?device=fg-oficina&endpoint=system/dhcp&start=0&count=100 HTTP/1.1" 200 24296 "-" "-"
192.168.111.6 - - [06/Apr/2026:16:51:10 +0000] "GET /dashboard/proxy.php?action=dhcp HTTP/1.1" 200 24352 "http://192.168.140.34/dashboard/" "Mozilla/5.0 (Windows NT 10.0; Win64; x64) AppleWebKit/537.36 (KHTML, like Gecko) Chrome/146.0.0.0 Safari/537.36 Edg/146.0.0.0"
::1 - - [06/Apr/2026:16:51:10 +0000] "GET /dashboard/fortigate.php?device=fg-oficina&endpoint=wifi/client&start=0&count=100 HTTP/1.1" 200 30673 "-" "-"
192.168.111.6 - - [06/Apr/2026:16:51:10 +0000] "GET /dashboard/proxy.php?action=clients HTTP/1.1" 200 30729 "http://192.168.140.34/dashboard/" "Mozilla/5.0 (Windows NT 10.0; Win64; x64) AppleWebKit/537.36 (KHTML, like Gecko) Chrome/146.0.0.0 Safari/537.36 Edg/146.0.0.0"
192.168.111.6 - - [06/Apr/2026:16:51:10 +0000] "GET /dashboard/fortigate.php?device=all&endpoint=firewall/session&start=0&count=2000 HTTP/1.1" 200 1421907 "http://192.168.140.34/dashboard/" "Mozilla/5.0 (Windows NT 10.0; Win64; x64) AppleWebKit/537.36 (KHTML, like Gecko) Chrome/146.0.0.0 Safari/537.36 Edg/146.0.0.0"
::1 - - [06/Apr/2026:16:51:20 +0000] "OPTIONS * HTTP/1.0" 200 126 "-" "Apache/2.4.66 (Debian) (internal dummy connection)"
192.168.111.6 - - [06/Apr/2026:16:51:39 +0000] "GET /dashboard/ HTTP/1.1" 200 6765 "-" "Mozilla/5.0 (Windows NT 10.0; Win64; x64) AppleWebKit/537.36 (KHTML, like Gecko) Chrome/146.0.0.0 Safari/537.36 Edg/146.0.0.0"
192.168.111.6 - - [06/Apr/2026:16:51:39 +0000] "GET /dashboard/proxy.php?action=entity&entity=sensor.agnov_fg_wifi_clients_ssid1 HTTP/1.1" 200 690 "http://192.168.140.34/dashboard/" "Mozilla/5.0 (Windows NT 10.0; Win64; x64) AppleWebKit/537.36 (KHTML, like Gecko) Chrome/146.0.0.0 Safari/537.36 Edg/146.0.0.0"
192.168.111.6 - - [06/Apr/2026:16:51:39 +0000] "GET /dashboard/proxy.php?action=entity&entity=sensor.agnov_fg_wifi_clients_ssid2 HTTP/1.1" 200 689 "http://192.168.140.34/dashboard/" "Mozilla/5.0 (Windows NT 10.0; Win64; x64) AppleWebKit/537.36 (KHTML, like Gecko) Chrome/146.0.0.0 Safari/537.36 Edg/146.0.0.0"
192.168.111.6 - - [06/Apr/2026:16:51:39 +0000] "GET /dashboard/proxy.php?action=entity&entity=sensor.agnov_fg_wifi_clients HTTP/1.1" 200 678 "http://192.168.140.34/dashboard/" "Mozilla/5.0 (Windows NT 10.0; Win64; x64) AppleWebKit/537.36 (KHTML, like Gecko) Chrome/146.0.0.0 Safari/537.36 Edg/146.0.0.0"
::1 - - [06/Apr/2026:16:51:39 +0000] "GET /dashboard/fortigate.php?device=fg-oficina&endpoint=wifi/managed_ap&start=0&count=50 HTTP/1.1" 200 20906 "-" "-"
192.168.111.6 - - [06/Apr/2026:16:51:39 +0000] "GET /dashboard/proxy.php?action=aps HTTP/1.1" 200 20962 "http://192.168.140.34/dashboard/" "Mozilla/5.0 (Windows NT 10.0; Win64; x64) AppleWebKit/537.36 (KHTML, like Gecko) Chrome/146.0.0.0 Safari/537.36 Edg/146.0.0.0"
::1 - - [06/Apr/2026:16:51:39 +0000] "GET /dashboard/fortigate.php?device=fg-oficina&endpoint=switch-controller/managed-switch&start=0&count=50 HTTP/1.1" 200 536 "-" "-"
192.168.111.6 - - [06/Apr/2026:16:51:39 +0000] "GET /dashboard/proxy.php?action=switches HTTP/1.1" 200 592 "http://192.168.140.34/dashboard/" "Mozilla/5.0 (Windows NT 10.0; Win64; x64) AppleWebKit/537.36 (KHTML, like Gecko) Chrome/146.0.0.0 Safari/537.36 Edg/146.0.0.0"
::1 - - [06/Apr/2026:16:51:39 +0000] "GET /dashboard/fortigate.php?device=fg-oficina&endpoint=system/dhcp&start=0&count=100 HTTP/1.1" 200 24296 "-" "-"
192.168.111.6 - - [06/Apr/2026:16:51:39 +0000] "GET /dashboard/proxy.php?action=dhcp HTTP/1.1" 200 24352 "http://192.168.140.34/dashboard/" "Mozilla/5.0 (Windows NT 10.0; Win64; x64) AppleWebKit/537.36 (KHTML, like Gecko) Chrome/146.0.0.0 Safari/537.36 Edg/146.0.0.0"
::1 - - [06/Apr/2026:16:51:39 +0000] "GET /dashboard/fortigate.php?device=fg-oficina&endpoint=wifi/client&start=0&count=100 HTTP/1.1" 200 31378 "-" "-"
192.168.111.6 - - [06/Apr/2026:16:51:39 +0000] "GET /dashboard/proxy.php?action=clients HTTP/1.1" 200 31434 "http://192.168.140.34/dashboard/" "Mozilla/5.0 (Windows NT 10.0; Win64; x64) AppleWebKit/537.36 (KHTML, like Gecko) Chrome/146.0.0.0 Safari/537.36 Edg/146.0.0.0"
192.168.111.6 - - [06/Apr/2026:16:51:39 +0000] "GET /dashboard/fortigate.php?device=all&endpoint=firewall/session&start=0&count=2000 HTTP/1.1" 200 1408173 "http://192.168.140.34/dashboard/" "Mozilla/5.0 (Windows NT 10.0; Win64; x64) AppleWebKit/537.36 (KHTML, like Gecko) Chrome/146.0.0.0 Safari/537.36 Edg/146.0.0.0"
192.168.111.6 - - [06/Apr/2026:16:51:40 +0000] "GET /dashboard/ HTTP/1.1" 200 6764 "-" "Mozilla/5.0 (Windows NT 10.0; Win64; x64) AppleWebKit/537.36 (KHTML, like Gecko) Chrome/146.0.0.0 Safari/537.36 Edg/146.0.0.0"
192.168.111.6 - - [06/Apr/2026:16:51:40 +0000] "GET /dashboard/proxy.php?action=entity&entity=sensor.agnov_fg_wifi_clients_ssid1 HTTP/1.1" 200 690 "http://192.168.140.34/dashboard/" "Mozilla/5.0 (Windows NT 10.0; Win64; x64) AppleWebKit/537.36 (KHTML, like Gecko) Chrome/146.0.0.0 Safari/537.36 Edg/146.0.0.0"
192.168.111.6 - - [06/Apr/2026:16:51:40 +0000] "GET /dashboard/proxy.php?action=entity&entity=sensor.agnov_fg_wifi_clients_ssid2 HTTP/1.1" 200 689 "http://192.168.140.34/dashboard/" "Mozilla/5.0 (Windows NT 10.0; Win64; x64) AppleWebKit/537.36 (KHTML, like Gecko) Chrome/146.0.0.0 Safari/537.36 Edg/146.0.0.0"
192.168.111.6 - - [06/Apr/2026:16:51:40 +0000] "GET /dashboard/proxy.php?action=entity&entity=sensor.agnov_fg_wifi_clients HTTP/1.1" 200 678 "http://192.168.140.34/dashboard/" "Mozilla/5.0 (Windows NT 10.0; Win64; x64) AppleWebKit/537.36 (KHTML, like Gecko) Chrome/146.0.0.0 Safari/537.36 Edg/146.0.0.0"
::1 - - [06/Apr/2026:16:51:40 +0000] "GET /dashboard/fortigate.php?device=fg-oficina&endpoint=wifi/managed_ap&start=0&count=50 HTTP/1.1" 200 20906 "-" "-"
192.168.111.6 - - [06/Apr/2026:16:51:40 +0000] "GET /dashboard/proxy.php?action=aps HTTP/1.1" 200 20961 "http://192.168.140.34/dashboard/" "Mozilla/5.0 (Windows NT 10.0; Win64; x64) AppleWebKit/537.36 (KHTML, like Gecko) Chrome/146.0.0.0 Safari/537.36 Edg/146.0.0.0"
::1 - - [06/Apr/2026:16:51:40 +0000] "GET /dashboard/fortigate.php?device=fg-oficina&endpoint=switch-controller/managed-switch&start=0&count=50 HTTP/1.1" 200 536 "-" "-"
192.168.111.6 - - [06/Apr/2026:16:51:40 +0000] "GET /dashboard/proxy.php?action=switches HTTP/1.1" 200 591 "http://192.168.140.34/dashboard/" "Mozilla/5.0 (Windows NT 10.0; Win64; x64) AppleWebKit/537.36 (KHTML, like Gecko) Chrome/146.0.0.0 Safari/537.36 Edg/146.0.0.0"
::1 - - [06/Apr/2026:16:51:40 +0000] "GET /dashboard/fortigate.php?device=fg-oficina&endpoint=system/dhcp&start=0&count=100 HTTP/1.1" 200 24296 "-" "-"
192.168.111.6 - - [06/Apr/2026:16:51:40 +0000] "GET /dashboard/proxy.php?action=dhcp HTTP/1.1" 200 24351 "http://192.168.140.34/dashboard/" "Mozilla/5.0 (Windows NT 10.0; Win64; x64) AppleWebKit/537.36 (KHTML, like Gecko) Chrome/146.0.0.0 Safari/537.36 Edg/146.0.0.0"
192.168.111.6 - - [06/Apr/2026:16:51:41 +0000] "GET /dashboard/ HTTP/1.1" 200 6764 "-" "Mozilla/5.0 (Windows NT 10.0; Win64; x64) AppleWebKit/537.36 (KHTML, like Gecko) Chrome/146.0.0.0 Safari/537.36 Edg/146.0.0.0"
192.168.111.6 - - [06/Apr/2026:16:51:41 +0000] "GET /dashboard/proxy.php?action=entity&entity=sensor.agnov_fg_wifi_clients_ssid1 HTTP/1.1" 200 690 "http://192.168.140.34/dashboard/" "Mozilla/5.0 (Windows NT 10.0; Win64; x64) AppleWebKit/537.36 (KHTML, like Gecko) Chrome/146.0.0.0 Safari/537.36 Edg/146.0.0.0"
192.168.111.6 - - [06/Apr/2026:16:51:41 +0000] "GET /dashboard/proxy.php?action=entity&entity=sensor.agnov_fg_wifi_clients_ssid2 HTTP/1.1" 200 689 "http://192.168.140.34/dashboard/" "Mozilla/5.0 (Windows NT 10.0; Win64; x64) AppleWebKit/537.36 (KHTML, like Gecko) Chrome/146.0.0.0 Safari/537.36 Edg/146.0.0.0"
192.168.111.6 - - [06/Apr/2026:16:51:41 +0000] "GET /dashboard/proxy.php?action=entity&entity=sensor.agnov_fg_wifi_clients HTTP/1.1" 200 678 "http://192.168.140.34/dashboard/" "Mozilla/5.0 (Windows NT 10.0; Win64; x64) AppleWebKit/537.36 (KHTML, like Gecko) Chrome/146.0.0.0 Safari/537.36 Edg/146.0.0.0"
::1 - - [06/Apr/2026:16:51:40 +0000] "GET /dashboard/fortigate.php?device=fg-oficina&endpoint=wifi/client&start=0&count=100 HTTP/1.1" 200 30614 "-" "-"
192.168.111.6 - - [06/Apr/2026:16:51:40 +0000] "GET /dashboard/proxy.php?action=clients HTTP/1.1" 200 30669 "http://192.168.140.34/dashboard/" "Mozilla/5.0 (Windows NT 10.0; Win64; x64) AppleWebKit/537.36 (KHTML, like Gecko) Chrome/146.0.0.0 Safari/537.36 Edg/146.0.0.0"
::1 - - [06/Apr/2026:16:51:41 +0000] "GET /dashboard/fortigate.php?device=fg-oficina&endpoint=wifi/managed_ap&start=0&count=50 HTTP/1.1" 200 20906 "-" "-"
192.168.111.6 - - [06/Apr/2026:16:51:41 +0000] "GET /dashboard/proxy.php?action=aps HTTP/1.1" 200 20961 "http://192.168.140.34/dashboard/" "Mozilla/5.0 (Windows NT 10.0; Win64; x64) AppleWebKit/537.36 (KHTML, like Gecko) Chrome/146.0.0.0 Safari/537.36 Edg/146.0.0.0"
::1 - - [06/Apr/2026:16:51:41 +0000] "GET /dashboard/fortigate.php?device=fg-oficina&endpoint=switch-controller/managed-switch&start=0&count=50 HTTP/1.1" 200 536 "-" "-"
192.168.111.6 - - [06/Apr/2026:16:51:41 +0000] "GET /dashboard/proxy.php?action=switches HTTP/1.1" 200 592 "http://192.168.140.34/dashboard/" "Mozilla/5.0 (Windows NT 10.0; Win64; x64) AppleWebKit/537.36 (KHTML, like Gecko) Chrome/146.0.0.0 Safari/537.36 Edg/146.0.0.0"
::1 - - [06/Apr/2026:16:51:41 +0000] "GET /dashboard/fortigate.php?device=fg-oficina&endpoint=system/dhcp&start=0&count=100 HTTP/1.1" 200 24296 "-" "-"
192.168.111.6 - - [06/Apr/2026:16:51:41 +0000] "GET /dashboard/proxy.php?action=dhcp HTTP/1.1" 200 24352 "http://192.168.140.34/dashboard/" "Mozilla/5.0 (Windows NT 10.0; Win64; x64) AppleWebKit/537.36 (KHTML, like Gecko) Chrome/146.0.0.0 Safari/537.36 Edg/146.0.0.0"
::1 - - [06/Apr/2026:16:51:41 +0000] "GET /dashboard/fortigate.php?device=fg-oficina&endpoint=wifi/client&start=0&count=100 HTTP/1.1" 200 30616 "-" "-"
192.168.111.6 - - [06/Apr/2026:16:51:41 +0000] "GET /dashboard/proxy.php?action=clients HTTP/1.1" 200 30671 "http://192.168.140.34/dashboard/" "Mozilla/5.0 (Windows NT 10.0; Win64; x64) AppleWebKit/537.36 (KHTML, like Gecko) Chrome/146.0.0.0 Safari/537.36 Edg/146.0.0.0"
192.168.111.6 - - [06/Apr/2026:16:51:40 +0000] "GET /dashboard/fortigate.php?device=all&endpoint=firewall/session&start=0&count=2000 HTTP/1.1" 200 46134 "http://192.168.140.34/dashboard/" "Mozilla/5.0 (Windows NT 10.0; Win64; x64) AppleWebKit/537.36 (KHTML, like Gecko) Chrome/146.0.0.0 Safari/537.36 Edg/146.0.0.0"
192.168.111.6 - - [06/Apr/2026:16:51:41 +0000] "GET /dashboard/fortigate.php?device=all&endpoint=firewall/session&start=0&count=2000 HTTP/1.1" 200 1409254 "http://192.168.140.34/dashboard/" "Mozilla/5.0 (Windows NT 10.0; Win64; x64) AppleWebKit/537.36 (KHTML, like Gecko) Chrome/146.0.0.0 Safari/537.36 Edg/146.0.0.0"
